### state/lane6.inbox/001.msg
schema=fm-task-inbox.v1
at=2026-10-08T06:28:28Z
--
[fm-from-firstmate]⁣corr=3c4319b6d5703ebe CONFIG_REREAD: /Users/charlesabrooker/.no-mistakes/worktrees/32d18ed9638d/01M4D23SC8D4Q4H9FJJDHAFRSY/.live-trailers/lane6/state/.fm-inherited-config-reread.20261008T062712.00000001.ZxylHX
### state/lane4.inbox/001.msg
schema=fm-task-inbox.v1
at=2026-10-08T06:28:23Z
--
[fm-from-firstmate]⁣corr=312439f1e9197c62 CONFIG_REREAD: /Users/charlesabrooker/.no-mistakes/worktrees/32d18ed9638d/01M4D23SC8D4Q4H9FJJDHAFRSY/.live-trailers/lane4/state/.fm-inherited-config-reread.20261008T062710.00000001.BWEHci
### state/lane2.inbox/001.msg
schema=fm-task-inbox.v1
at=2026-10-08T06:28:18Z
--
[fm-from-firstmate]⁣corr=1b42f766c7c01a5c CONFIG_REREAD: /Users/charlesabrooker/.no-mistakes/worktrees/32d18ed9638d/01M4D23SC8D4Q4H9FJJDHAFRSY/.live-trailers/lane2/state/.fm-inherited-config-reread.20261008T062706.00000001.IApj8r
### state/lane5.inbox/001.msg
schema=fm-task-inbox.v1
at=2026-10-08T06:28:26Z
--
[fm-from-firstmate]⁣corr=b57749f1a9567696 CONFIG_REREAD: /Users/charlesabrooker/.no-mistakes/worktrees/32d18ed9638d/01M4D23SC8D4Q4H9FJJDHAFRSY/.live-trailers/lane5/state/.fm-inherited-config-reread.20261008T062711.00000001.zHXv1x
### state/lane7.inbox/001.msg
schema=fm-task-inbox.v1
at=2026-10-08T06:28:31Z
--
[fm-from-firstmate]⁣corr=480708807155e870 CONFIG_REREAD: /Users/charlesabrooker/.no-mistakes/worktrees/32d18ed9638d/01M4D23SC8D4Q4H9FJJDHAFRSY/.live-trailers/lane7/state/.fm-inherited-config-reread.20261008T062713.00000001.SeMKvY
### state/lane3.inbox/001.msg
schema=fm-task-inbox.v1
at=2026-10-08T06:28:20Z
--
[fm-from-firstmate]⁣corr=8400d8698f66f664 CONFIG_REREAD: /Users/charlesabrooker/.no-mistakes/worktrees/32d18ed9638d/01M4D23SC8D4Q4H9FJJDHAFRSY/.live-trailers/lane3/state/.fm-inherited-config-reread.20261008T062708.00000001.JTE5YY
### state/lane1.inbox/001.msg
schema=fm-task-inbox.v1
at=2026-10-08T06:28:16Z
--
[fm-from-firstmate]⁣corr=39ffdf87f1bc1d3c CONFIG_REREAD: /Users/charlesabrooker/.no-mistakes/worktrees/32d18ed9638d/01M4D23SC8D4Q4H9FJJDHAFRSY/.live-trailers/lane1/state/.fm-inherited-config-reread.20261008T062705.00000001.5Oh8at
### state/lane8.inbox/001.msg
schema=fm-task-inbox.v1
at=2026-10-08T06:28:34Z
--
[fm-from-firstmate]⁣corr=731a15a92e5e4628 CONFIG_REREAD: /Users/charlesabrooker/.no-mistakes/worktrees/32d18ed9638d/01M4D23SC8D4Q4H9FJJDHAFRSY/.live-trailers/lane8/state/.fm-inherited-config-reread.20261008T062714.00000001.AJBRVp