fm-gate-refuse: gate agent lifecycle permitted only against lab home /Users/charlesabrooker/.no-mistakes/worktrees/32d18ed9638d/01M48YC9D9DMR0MVV3SR078DV4/.live-validation/real/home-a
notice: live-refused ships mode=local-only while the standing posture for project-a is no-mistakes - less rigor than the captain's standing posture; proceed only on a current explicit captain instruction or an intake judgment you can state
error: treehouse get did not enter an isolated worktree within 60s (last seen '/Users/charlesabrooker/.no-mistakes/worktrees/32d18ed9638d/01M48YC9D9DMR0MVV3SR078DV4/.live-validation/real/project-a': it is the spawning project itself; spawning project '/Users/charlesabrooker/.no-mistakes/worktrees/32d18ed9638d/01M48YC9D9DMR0MVV3SR078DV4/.live-validation/real/project-a'); aborting acquisition

[
  {
    "name": "1",
    "path": "/Users/charlesabrooker/.no-mistakes/worktrees/32d18ed9638d/01M48YC9D9DMR0MVV3SR078DV4/.live-validation/real/shared-pool/.treehouse/project-a-988a0f/1/project-a",
    "status": "in-use",
    "branch": "",
    "detached": true,
    "flavor": "git",
    "lease_id": "",
    "lease_holder": "",
    "leased_at": null,
    "processes": [
      {
        "pid": 56300,
        "name": "bash"
      },
      {
        "pid": 85143,
        "name": "bash"
      }
    ]
  },
  {
    "name": "2",
    "path": "/Users/charlesabrooker/.no-mistakes/worktrees/32d18ed9638d/01M48YC9D9DMR0MVV3SR078DV4/.live-validation/real/shared-pool/.treehouse/project-a-988a0f/2/project-a",
    "status": "available",
    "branch": "",
    "detached": true,
    "flavor": "git",
    "lease_id": "",
    "lease_holder": "",
    "leased_at": null,
    "processes": []
  },
  {
    "name": "3",
    "path": "/Users/charlesabrooker/.no-mistakes/worktrees/32d18ed9638d/01M48YC9D9DMR0MVV3SR078DV4/.live-validation/real/shared-pool/.treehouse/project-a-988a0f/3/project-a",
    "status": "available",
    "branch": "",
    "detached": true,
    "flavor": "git",
    "lease_id": "",
    "lease_holder": "",
    "leased_at": null,
    "processes": []
  }
]
{"error":{"code":"pane_not_found","message":"pane w2:p4 not found"},"id":"cli:pane:get"}
