$ FM_HOME=<private tmux lab> bin/fm-spawn.sh live-dirty-refusal <project-a> --backend tmux --harness "<model-free worker>" --mode local-only --yolo off
fm-gate-refuse: gate agent lifecycle permitted only against lab home /Users/charlesabrooker/.no-mistakes/worktrees/32d18ed9638d/01M48YC9D9DMR0MVV3SR078DV4/.live-validation/real/home-tmux
notice: live-dirty-refusal ships mode=local-only while the standing posture for project-a is no-mistakes - less rigor than the captain's standing posture; proceed only on a current explicit captain instruction or an intake judgment you can state
error: pooled worktree '/Users/charlesabrooker/.no-mistakes/worktrees/32d18ed9638d/01M48YC9D9DMR0MVV3SR078DV4/.live-validation/real/shared-pool/.treehouse/project-a-988a0f/3/project-a' is not clean; refusing to discard uncommitted work while refreshing its base

Private windows after refusal:
@0 sentinel

Real slot after refusal (no lease-holding processes):
{
  "name": "3",
  "path": "/Users/charlesabrooker/.no-mistakes/worktrees/32d18ed9638d/01M48YC9D9DMR0MVV3SR078DV4/.live-validation/real/shared-pool/.treehouse/project-a-988a0f/3/project-a",
  "status": "dirty",
  "branch": "",
  "detached": true,
  "flavor": "git",
  "lease_id": "",
  "lease_holder": "",
  "leased_at": null,
  "processes": []
}
Get subshell 76614 is gone.
