Successful worker launch and protected lease

--- real-herdr-projected-pane.txt ---

The default interactive shell is now zsh.
To update your account to use zsh, please run `chsh -s /bin/zsh`.
For more details, please visit https://support.apple.com/kb/HT208050.
Mac-Studio:project-b charlesabrooker$ treehouse get
A new version of treehouse is available: v2.3.1-fm.e58947de → v3.1.2
Run "treehouse update" to update

🌳 Setting up worktree...
🌳 Entered worktree at /Users/charlesabrooker/.no-mistakes/worktrees/32d18ed9638d/01M48YC9D9DMR0MVV3SR078DV4/.live-valid
ation/real/shared-pool/.treehouse/project-b-ac8c96/1/project-b. Type 'exit' to return.

The default interactive shell is now zsh.
To update your account to use zsh, please run `chsh -s /bin/zsh`.
For more details, please visit https://support.apple.com/kb/HT208050.
bash-3.2$ cd -- '/Users/charlesabrooker/.no-mistakes/worktrees/32d18ed9638d/01M48YC9D9DMR0MVV3SR078DV4/.live-validation/
real/shared-pool/.treehouse/project-b-ac8c96/1/project-b'
bash-3.2$ export GOTMPDIR=/tmp/fm-live-contended-survivor/gotmp
bash-3.2$ export COMPACT_ADVISER_DISABLE=1
bash-3.2$ export FM_TASK_ID=live-contended-survivor
bash-3.2$ . '/tmp/fm-live-contended-survivor+fc7a7decf42e78eb9cc6925767a6a3df3cd076cd7edd3bfcc6994f42fb4b3e13/launch.s17
91305126.94098.18354.sh'
Worker running task=live-contended-survivor cwd=/Users/charlesabrooker/.no-mistakes/worktrees/32d18ed9638d/01M48YC9D9DMR
0MVV3SR078DV4/.live-validation/real/shared-pool/.treehouse/project-b-ac8c96/1/project-b pid=64353


--- real-herdr-protected-pane.txt ---
V3SR078DV4/.live-validation/real/shared-pool/.treehouse/project-a-988a0f/1/project-a'
Mac-Studio:project-a charlesabrooker$ export GOTMPDIR=/tmp/fm-live-protected/gotmp
Mac-Studio:project-a charlesabrooker$ export COMPACT_ADVISER_DISABLE=1
Mac-Studio:project-a charlesabrooker$ export FM_TASK_ID=live-protected
Mac-Studio:project-a charlesabrooker$ . '/tmp/fm-live-protected+96a2b3063349ea47f1b9b08a967b8b233dad06bae500d0380fcff35d
a0ca5a75/launch.s1791304600.54909.22591.sh'
Worker running task=live-protected cwd=/Users/charlesabrooker/.no-mistakes/worktrees/32d18ed9638d/01M48YC9D9DMR0MVV3SR07
8DV4/.live-validation/real/shared-pool/.treehouse/project-a-988a0f/1/project-a pid=60954
/Users/charlesabrooker/.no-mistakes/worktrees/32d18ed9638d/01M48YC9D9DMR0MVV3SR078DV4/.live-validation/real/worker.sh: l
ine 4: FM_HOME: unbound variable
Mac-Studio:project-a charlesabrooker$ cd -- '/Users/charlesabrooker/.no-mistakes/worktrees/32d18ed9638d/01M48YC9D9DMR0MV
V3SR078DV4/.live-validation/real/shared-pool/.treehouse/project-a-988a0f/1/project-a'
Mac-Studio:project-a charlesabrooker$ export GOTMPDIR=/tmp/fm-live-protected/gotmp
Mac-Studio:project-a charlesabrooker$ export COMPACT_ADVISER_DISABLE=1
Mac-Studio:project-a charlesabrooker$ export FM_TASK_ID=live-protected
Mac-Studio:project-a charlesabrooker$ . '/tmp/fm-live-protected+96a2b3063349ea47f1b9b08a967b8b233dad06bae500d0380fcff35d
a0ca5a75/launch.s1791304657.71110.14359.sh'
Worker running task=live-protected cwd=/Users/charlesabrooker/.no-mistakes/worktrees/32d18ed9638d/01M48YC9D9DMR0MVV3SR07
8DV4/.live-validation/real/shared-pool/.treehouse/project-a-988a0f/1/project-a pid=85143


--- real-herdr-pool-after.json ---
{
  "a": [
    {
      "name": "1",
      "path": "/Users/charlesabrooker/.no-mistakes/worktrees/32d18ed9638d/01M48YC9D9DMR0MVV3SR078DV4/.live-validation/real/shared-pool/.treehouse/project-a-988a0f/1/project-a",
      "status": "in-use",
      "branch": "",
      "detached": true,
      "flavor": "git",
      "lease_id": "",
      "lease_holder": "",
      "leased_at": null,
      "processes": [
        {
          "pid": 56300,
          "name": "bash"
        },
        {
          "pid": 75476,
          "name": "sleep"
        },
        {
          "pid": 85143,
          "name": "bash"
        }
      ]
    },
    {
      "name": "2",
      "path": "/Users/charlesabrooker/.no-mistakes/worktrees/32d18ed9638d/01M48YC9D9DMR0MVV3SR078DV4/.live-validation/real/shared-pool/.treehouse/project-a-988a0f/2/project-a",
      "status": "available",
      "branch": "",
      "detached": true,
      "flavor": "git",
      "lease_id": "",
      "lease_holder": "",
      "leased_at": null,
      "processes": []
    },
    {
      "name": "3",
      "path": "/Users/charlesabrooker/.no-mistakes/worktrees/32d18ed9638d/01M48YC9D9DMR0MVV3SR078DV4/.live-validation/real/shared-pool/.treehouse/project-a-988a0f/3/project-a",
      "status": "available",
      "branch": "",
      "detached": true,
      "flavor": "git",
      "lease_id": "",
      "lease_holder": "",
      "leased_at": null,
      "processes": []
    }
  ],
  "b": [
    {
      "name": "1",
      "path": "/Users/charlesabrooker/.no-mistakes/worktrees/32d18ed9638d/01M48YC9D9DMR0MVV3SR078DV4/.live-validation/real/shared-pool/.treehouse/project-b-ac8c96/1/project-b",
      "status": "in-use",
      "branch": "",
      "detached": true,
      "flavor": "git",
      "lease_id": "",
      "lease_holder": "",
      "leased_at": null,
      "processes": [
        {
          "pid": 1776,
          "name": "bash"
        },
        {
          "pid": 64353,
          "name": "bash"
        },
        {
          "pid": 77719,
          "name": "sleep"
        }
      ]
    }
  ]
}