ok - a stated [key=X] opens X whether it precedes or follows the verb colon
ok - a keyless needs-decision still opens and closes the default key
ok - a resolution closes its decision regardless of either line's key position
ok - blocked [key=X] opens X in both key positions
ok - two colon-form keyed decisions never collapse into one shared bucket
ok - a [key=x] mentioned mid-note is prose, never an opened or closed key
ok - a malformed stated key is rejected in both positions, never folded as default
ok - status_line_verb strips every bracket tag before the colon, in any order, and recovers the bare verb
ok - a [corr=...] tag ahead of [key=...] no longer swallows the verb: opens and closes under the stated key
ok - a [corr=...] tag with no stated key opens under 'default', exactly like a bare needs-decision line
ok - a [key=x] tag alone (no corr tag) still opens x - no regression from the tag-stripping fix
ok - blocked/resolved parse their bare verb with any bracket-tag order preceding the colon
ok - the incremental fold matches the full fold across appends in both key positions
ok - status_key_closing_verb separates resolution, durable transfer, and still-open
ok - status_key_closing_verb reports the last real transition, in either key position
ok - per-key reads retain resolutions without subprocess work growing with unrelated history
ok - overridden resolve and durable-transfer verbs still close keys behind unrelated history
ok - per-key filtering retains ship/scout terminals, reopenings, and secondmate blockers
ok - prose without a colon cannot impersonate a ship or scout terminal declaration
ok - a stated default retraction closes its decision and leaves an unrelated keyless wait standing
ok - a declared wait outlives answers for other keys beyond the event window, and its own resolved line retracts it
ok - only a colon-bearing or keyed line is a decision transition in the fold
ok - a recorded line stays recorded across a later resolve
ok - dated and ordinary folds close only exact keys at every record position
ok - status lines holding invalid UTF-8 bytes fold, close, and date like any other line under en_US.UTF-8
ok - dated decisions use only openings accepted by the declaration and reserved-key fold guards
ok - dated decisions retain only the last valid reopening across resolutions and terminal declarations
ok - dated decisions pair every open key with its own last opening in one log
ok - dating 25 open decisions over a lane-size log finished in 1s
ok - a dated summary keeps inner tabs and never ends in one
ok - folding 400 transitions over a wide multibyte open set took 2289ms under en_US.UTF-8 and 1263ms under C
bash tests/fm-classify-decision-key.test.sh  8.98s user 13.97s system 84% cpu 27.070 total
