== head-a start 06:44:31 load averages: 10.68 11.44 12.23
== head-a exit=0 end 06:47:54 duration_ms=202151 cpu_pass_wait_s=0
== main-a start 06:47:54 load averages: 13.15 12.15 12.35
== main-a exit=0 end 06:50:48 duration_ms=173571 cpu_pass_wait_s=0
== head-b start 06:50:48 load averages: 12.10 12.27 12.36
== head-b exit=0 end 06:54:01 duration_ms=193244 cpu_pass_wait_s=0
== main-b start 06:54:02 load averages: 10.20 11.51 12.02
== main-b exit=0 end 06:56:52 duration_ms=169639 cpu_pass_wait_s=0
== head-a start 06:56:52 load averages: 11.82 12.17 12.23
== head-a exit=0 end 06:58:18 duration_ms=85705 cpu_pass_wait_s=0
== main-a start 06:58:18 load averages: 11.08 11.99 12.17
== main-a exit=0 end 06:59:43 duration_ms=84811 cpu_pass_wait_s=0
== head start 06:59:43 load averages: 10.13 11.52 11.97
== head exit=0 end 07:00:38 duration_ms=54270 cpu_pass_wait_s=0
== head start 07:00:38 load averages: 12.17 11.80 12.04
== head exit=0 end 07:01:34 duration_ms=56098 cpu_pass_wait_s=0
== single-bootstrap A/B start 07:01:34 load averages: 13.96 12.41 12.25
== flake loop start 07:02:56 load averages: 11.27 11.91 12.08
== live pile drive start 07:06:45 load averages: 15.06 15.57 13.77
== done 07:07:36
