SESSION fm-lab-composer-adversa-65922-6537
PASS idle real omp: alive; rounded box; composer=empty
REGRESSION identical real idle ANSI capture: base=unknown, target=empty
CONTROL exit () plain=False exit=1
fm-gate-refuse: gate agent lifecycle permitted only against lab home /Users/charlesabrooker/.no-mistakes/worktrees/32d18ed9638d/01M49M05K2KST38EB9PT2GA4QJ/.live-validation/supplement/home
error: task boxsafe65844's composer visibly holds pending text; refusing to type the /quit exit command because it would concatenate onto that text. Clear or submit the pending text, then retry 'exit'

PASS typed-greater: composer=pending; exit refused; no quit or deliberate-exit marker
CONTROL exit () plain=False exit=1
fm-gate-refuse: gate agent lifecycle permitted only against lab home /Users/charlesabrooker/.no-mistakes/worktrees/32d18ed9638d/01M49M05K2KST38EB9PT2GA4QJ/.live-validation/supplement/home
error: task boxsafe65844's composer visibly holds pending text; refusing to type the /quit exit command because it would concatenate onto that text. Clear or submit the pending text, then retry 'exit'

PASS typed-chevron: composer=pending; exit refused; no quit or deliberate-exit marker
CONTROL exit () plain=False exit=1
fm-gate-refuse: gate agent lifecycle permitted only against lab home /Users/charlesabrooker/.no-mistakes/worktrees/32d18ed9638d/01M49M05K2KST38EB9PT2GA4QJ/.live-validation/supplement/home
error: task boxsafe65844's composer visibly holds pending text; refusing to type the /quit exit command because it would concatenate onto that text. Clear or submit the pending text, then retry 'exit'

PASS typed-dash: composer=pending; exit refused; no quit or deliberate-exit marker
CONTROL exit () plain=False exit=1
fm-gate-refuse: gate agent lifecycle permitted only against lab home /Users/charlesabrooker/.no-mistakes/worktrees/32d18ed9638d/01M49M05K2KST38EB9PT2GA4QJ/.live-validation/supplement/home
error: task boxsafe65844's composer visibly holds pending text; refusing to type the /quit exit command because it would concatenate onto that text. Clear or submit the pending text, then retry 'exit'

PASS wrapped-draft: composer=pending; exit refused; no quit or deliberate-exit marker
CONTROL exit () plain=False exit=1
fm-gate-refuse: gate agent lifecycle permitted only against lab home /Users/charlesabrooker/.no-mistakes/worktrees/32d18ed9638d/01M49M05K2KST38EB9PT2GA4QJ/.live-validation/supplement/home
error: task boxsafe65844's composer visibly holds pending text; refusing to type the /quit exit command because it would concatenate onto that text. Clear or submit the pending text, then retry 'exit'

CONTROL exit () plain=True exit=1
fm-gate-refuse: gate agent lifecycle permitted only against lab home /Users/charlesabrooker/.no-mistakes/worktrees/32d18ed9638d/01M49M05K2KST38EB9PT2GA4QJ/.live-validation/supplement/home
error: task boxsafe65844's composer state is 'unknown', not proven empty; refusing to type the /quit exit command because it could concatenate onto existing text. Clear the composer, then retry 'exit'

PASS exact idle-hint text typed bright: styled=pending, plain fallback=unknown; extraction preserved; both exit paths refuse without changing draft
