2026-10-04T19:37:18.973485+00:00 env /usr/bin/uname -a > /Users/charlesabrooker/tmp/fm-pi-render-drift-main016.mYxnxr/nm/evidence/01M445ME32DXNHDANAED5TJK7X/remote/platform.log 2>&1
2026-10-04T19:37:18.977869+00:00 exit=0 output=platform.log started=2026-10-04T19:37:18.973727+00:00
2026-10-04T19:37:18.978007+00:00 env /usr/bin/git --version > /Users/charlesabrooker/tmp/fm-pi-render-drift-main016.mYxnxr/nm/evidence/01M445ME32DXNHDANAED5TJK7X/remote/git-version.log 2>&1
2026-10-04T19:37:19.002562+00:00 exit=0 output=git-version.log started=2026-10-04T19:37:18.978028+00:00
2026-10-04T19:37:19.002765+00:00 env /usr/bin/git clone --quiet --no-local -- /Users/charlesabrooker/tmp/fm-pi-render-drift-main016.mYxnxr/nm/worktrees/c6711555e1ec/01M445ME32DXNHDANAED5TJK7X /Users/charlesabrooker/tmp/fm-pi-render-drift-main016.mYxnxr/nm/worktrees/c6711555e1ec/01M445ME32DXNHDANAED5TJK7X/.live-validation/remote/source > /Users/charlesabrooker/tmp/fm-pi-render-drift-main016.mYxnxr/nm/evidence/01M445ME32DXNHDANAED5TJK7X/remote/setup-003.log 2>&1
2026-10-04T19:37:21.088285+00:00 exit=0 output=setup-003.log started=2026-10-04T19:37:19.002792+00:00
2026-10-04T19:37:21.088675+00:00 env /usr/bin/git -C /Users/charlesabrooker/tmp/fm-pi-render-drift-main016.mYxnxr/nm/worktrees/c6711555e1ec/01M445ME32DXNHDANAED5TJK7X/.live-validation/remote/source config user.name 'Disposable live validation' > /Users/charlesabrooker/tmp/fm-pi-render-drift-main016.mYxnxr/nm/evidence/01M445ME32DXNHDANAED5TJK7X/remote/setup-004.log 2>&1
2026-10-04T19:37:21.105222+00:00 exit=0 output=setup-004.log started=2026-10-04T19:37:21.088705+00:00
2026-10-04T19:37:21.105423+00:00 env /usr/bin/git -C /Users/charlesabrooker/tmp/fm-pi-render-drift-main016.mYxnxr/nm/worktrees/c6711555e1ec/01M445ME32DXNHDANAED5TJK7X/.live-validation/remote/source config user.email live-validation@example.invalid > /Users/charlesabrooker/tmp/fm-pi-render-drift-main016.mYxnxr/nm/evidence/01M445ME32DXNHDANAED5TJK7X/remote/setup-005.log 2>&1
2026-10-04T19:37:21.120650+00:00 exit=0 output=setup-005.log started=2026-10-04T19:37:21.105451+00:00
2026-10-04T19:37:21.121118+00:00 env /usr/bin/git -C /Users/charlesabrooker/tmp/fm-pi-render-drift-main016.mYxnxr/nm/worktrees/c6711555e1ec/01M445ME32DXNHDANAED5TJK7X/.live-validation/remote/source config maintenance.auto false > /Users/charlesabrooker/tmp/fm-pi-render-drift-main016.mYxnxr/nm/evidence/01M445ME32DXNHDANAED5TJK7X/remote/setup-006.log 2>&1
2026-10-04T19:37:21.137159+00:00 exit=0 output=setup-006.log started=2026-10-04T19:37:21.121172+00:00
2026-10-04T19:37:21.137414+00:00 env /usr/bin/git -C /Users/charlesabrooker/tmp/fm-pi-render-drift-main016.mYxnxr/nm/worktrees/c6711555e1ec/01M445ME32DXNHDANAED5TJK7X/.live-validation/remote/source config gc.auto 0 > /Users/charlesabrooker/tmp/fm-pi-render-drift-main016.mYxnxr/nm/evidence/01M445ME32DXNHDANAED5TJK7X/remote/setup-007.log 2>&1
2026-10-04T19:37:21.149944+00:00 exit=0 output=setup-007.log started=2026-10-04T19:37:21.137474+00:00
2026-10-04T19:37:21.150146+00:00 env /usr/bin/git -C /Users/charlesabrooker/tmp/fm-pi-render-drift-main016.mYxnxr/nm/worktrees/c6711555e1ec/01M445ME32DXNHDANAED5TJK7X/.live-validation/remote/source config pack.threads 1 > /Users/charlesabrooker/tmp/fm-pi-render-drift-main016.mYxnxr/nm/evidence/01M445ME32DXNHDANAED5TJK7X/remote/setup-008.log 2>&1
2026-10-04T19:37:21.167946+00:00 exit=0 output=setup-008.log started=2026-10-04T19:37:21.150177+00:00
2026-10-04T19:37:21.168117+00:00 env /usr/bin/git -C /Users/charlesabrooker/tmp/fm-pi-render-drift-main016.mYxnxr/nm/worktrees/c6711555e1ec/01M445ME32DXNHDANAED5TJK7X diff --binary HEAD > /Users/charlesabrooker/tmp/fm-pi-render-drift-main016.mYxnxr/nm/evidence/01M445ME32DXNHDANAED5TJK7X/remote/source-working-tree.patch 2>&1
2026-10-04T19:37:21.211761+00:00 exit=0 output=source-working-tree.patch started=2026-10-04T19:37:21.168138+00:00
2026-10-04T19:37:21.211948+00:00 env /usr/bin/git -C /Users/charlesabrooker/tmp/fm-pi-render-drift-main016.mYxnxr/nm/worktrees/c6711555e1ec/01M445ME32DXNHDANAED5TJK7X/.live-validation/remote/source apply --binary > /Users/charlesabrooker/tmp/fm-pi-render-drift-main016.mYxnxr/nm/evidence/01M445ME32DXNHDANAED5TJK7X/remote/setup-010.log 2>&1
2026-10-04T19:37:21.238525+00:00 exit=0 output=setup-010.log started=2026-10-04T19:37:21.212004+00:00
2026-10-04T19:37:21.238789+00:00 env /usr/bin/git -C /Users/charlesabrooker/tmp/fm-pi-render-drift-main016.mYxnxr/nm/worktrees/c6711555e1ec/01M445ME32DXNHDANAED5TJK7X/.live-validation/remote/source add -A > /Users/charlesabrooker/tmp/fm-pi-render-drift-main016.mYxnxr/nm/evidence/01M445ME32DXNHDANAED5TJK7X/remote/setup-011.log 2>&1
2026-10-04T19:37:21.336782+00:00 exit=0 output=setup-011.log started=2026-10-04T19:37:21.238817+00:00
2026-10-04T19:37:21.336988+00:00 env /usr/bin/git -C /Users/charlesabrooker/tmp/fm-pi-render-drift-main016.mYxnxr/nm/worktrees/c6711555e1ec/01M445ME32DXNHDANAED5TJK7X/.live-validation/remote/source commit -qm 'Disposable snapshot of current tracked worktree' > /Users/charlesabrooker/tmp/fm-pi-render-drift-main016.mYxnxr/nm/evidence/01M445ME32DXNHDANAED5TJK7X/remote/setup-012.log 2>&1
2026-10-04T19:37:21.425098+00:00 exit=0 output=setup-012.log started=2026-10-04T19:37:21.337015+00:00
2026-10-04T19:37:21.425305+00:00 env /usr/bin/git -C /Users/charlesabrooker/tmp/fm-pi-render-drift-main016.mYxnxr/nm/worktrees/c6711555e1ec/01M445ME32DXNHDANAED5TJK7X/.live-validation/remote/source rev-parse HEAD > /Users/charlesabrooker/tmp/fm-pi-render-drift-main016.mYxnxr/nm/evidence/01M445ME32DXNHDANAED5TJK7X/remote/setup-013.log 2>&1
2026-10-04T19:37:21.441779+00:00 exit=0 output=setup-013.log started=2026-10-04T19:37:21.425342+00:00
2026-10-04T19:37:21.442128+00:00 env /usr/bin/git -C /Users/charlesabrooker/tmp/fm-pi-render-drift-main016.mYxnxr/nm/worktrees/c6711555e1ec/01M445ME32DXNHDANAED5TJK7X/.live-validation/remote/project-alpha init --quiet > /Users/charlesabrooker/tmp/fm-pi-render-drift-main016.mYxnxr/nm/evidence/01M445ME32DXNHDANAED5TJK7X/remote/setup-014.log 2>&1
2026-10-04T19:37:21.474586+00:00 exit=0 output=setup-014.log started=2026-10-04T19:37:21.442157+00:00
2026-10-04T19:37:21.474790+00:00 env /usr/bin/git -C /Users/charlesabrooker/tmp/fm-pi-render-drift-main016.mYxnxr/nm/worktrees/c6711555e1ec/01M445ME32DXNHDANAED5TJK7X/.live-validation/remote/project-alpha config user.name 'Disposable live validation' > /Users/charlesabrooker/tmp/fm-pi-render-drift-main016.mYxnxr/nm/evidence/01M445ME32DXNHDANAED5TJK7X/remote/setup-015.log 2>&1
2026-10-04T19:37:21.494198+00:00 exit=0 output=setup-015.log started=2026-10-04T19:37:21.474840+00:00
2026-10-04T19:37:21.494405+00:00 env /usr/bin/git -C /Users/charlesabrooker/tmp/fm-pi-render-drift-main016.mYxnxr/nm/worktrees/c6711555e1ec/01M445ME32DXNHDANAED5TJK7X/.live-validation/remote/project-alpha config user.email live-validation@example.invalid > /Users/charlesabrooker/tmp/fm-pi-render-drift-main016.mYxnxr/nm/evidence/01M445ME32DXNHDANAED5TJK7X/remote/setup-016.log 2>&1
2026-10-04T19:37:21.511965+00:00 exit=0 output=setup-016.log started=2026-10-04T19:37:21.494438+00:00
2026-10-04T19:37:21.512150+00:00 env /usr/bin/git -C /Users/charlesabrooker/tmp/fm-pi-render-drift-main016.mYxnxr/nm/worktrees/c6711555e1ec/01M445ME32DXNHDANAED5TJK7X/.live-validation/remote/project-alpha config maintenance.auto false > /Users/charlesabrooker/tmp/fm-pi-render-drift-main016.mYxnxr/nm/evidence/01M445ME32DXNHDANAED5TJK7X/remote/setup-017.log 2>&1
2026-10-04T19:37:21.529366+00:00 exit=0 output=setup-017.log started=2026-10-04T19:37:21.512177+00:00
2026-10-04T19:37:21.529532+00:00 env /usr/bin/git -C /Users/charlesabrooker/tmp/fm-pi-render-drift-main016.mYxnxr/nm/worktrees/c6711555e1ec/01M445ME32DXNHDANAED5TJK7X/.live-validation/remote/project-alpha config gc.auto 0 > /Users/charlesabrooker/tmp/fm-pi-render-drift-main016.mYxnxr/nm/evidence/01M445ME32DXNHDANAED5TJK7X/remote/setup-018.log 2>&1
2026-10-04T19:37:21.544509+00:00 exit=0 output=setup-018.log started=2026-10-04T19:37:21.529558+00:00
2026-10-04T19:37:21.544700+00:00 env /usr/bin/git -C /Users/charlesabrooker/tmp/fm-pi-render-drift-main016.mYxnxr/nm/worktrees/c6711555e1ec/01M445ME32DXNHDANAED5TJK7X/.live-validation/remote/project-alpha config pack.threads 1 > /Users/charlesabrooker/tmp/fm-pi-render-drift-main016.mYxnxr/nm/evidence/01M445ME32DXNHDANAED5TJK7X/remote/setup-019.log 2>&1
2026-10-04T19:37:21.559776+00:00 exit=0 output=setup-019.log started=2026-10-04T19:37:21.544778+00:00
2026-10-04T19:37:21.560460+00:00 env /usr/bin/git -C /Users/charlesabrooker/tmp/fm-pi-render-drift-main016.mYxnxr/nm/worktrees/c6711555e1ec/01M445ME32DXNHDANAED5TJK7X/.live-validation/remote/project-alpha add payload.txt > /Users/charlesabrooker/tmp/fm-pi-render-drift-main016.mYxnxr/nm/evidence/01M445ME32DXNHDANAED5TJK7X/remote/setup-020.log 2>&1
2026-10-04T19:37:21.579930+00:00 exit=0 output=setup-020.log started=2026-10-04T19:37:21.560632+00:00
2026-10-04T19:37:21.580141+00:00 env /usr/bin/git -C /Users/charlesabrooker/tmp/fm-pi-render-drift-main016.mYxnxr/nm/worktrees/c6711555e1ec/01M445ME32DXNHDANAED5TJK7X/.live-validation/remote/project-alpha commit -qm 'Disposable project origin' > /Users/charlesabrooker/tmp/fm-pi-render-drift-main016.mYxnxr/nm/evidence/01M445ME32DXNHDANAED5TJK7X/remote/setup-021.log 2>&1
2026-10-04T19:37:21.600428+00:00 exit=0 output=setup-021.log started=2026-10-04T19:37:21.580173+00:00
2026-10-04T19:37:21.600730+00:00 env /usr/bin/git clone --quiet --bare --no-local -- /Users/charlesabrooker/tmp/fm-pi-render-drift-main016.mYxnxr/nm/worktrees/c6711555e1ec/01M445ME32DXNHDANAED5TJK7X/.live-validation/remote/project-alpha /Users/charlesabrooker/tmp/fm-pi-render-drift-main016.mYxnxr/nm/worktrees/c6711555e1ec/01M445ME32DXNHDANAED5TJK7X/.live-validation/remote/origin-alpha.git > /Users/charlesabrooker/tmp/fm-pi-render-drift-main016.mYxnxr/nm/evidence/01M445ME32DXNHDANAED5TJK7X/remote/setup-022.log 2>&1
2026-10-04T19:37:21.669728+00:00 exit=0 output=setup-022.log started=2026-10-04T19:37:21.600759+00:00
2026-10-04T19:37:21.669965+00:00 env /usr/bin/git -C /Users/charlesabrooker/tmp/fm-pi-render-drift-main016.mYxnxr/nm/worktrees/c6711555e1ec/01M445ME32DXNHDANAED5TJK7X/.live-validation/remote/project-alpha rev-parse HEAD > /Users/charlesabrooker/tmp/fm-pi-render-drift-main016.mYxnxr/nm/evidence/01M445ME32DXNHDANAED5TJK7X/remote/setup-023.log 2>&1
2026-10-04T19:37:21.685950+00:00 exit=0 output=setup-023.log started=2026-10-04T19:37:21.670027+00:00
2026-10-04T19:37:21.686406+00:00 env /usr/bin/git -C /Users/charlesabrooker/tmp/fm-pi-render-drift-main016.mYxnxr/nm/worktrees/c6711555e1ec/01M445ME32DXNHDANAED5TJK7X/.live-validation/remote/project-beta init --quiet > /Users/charlesabrooker/tmp/fm-pi-render-drift-main016.mYxnxr/nm/evidence/01M445ME32DXNHDANAED5TJK7X/remote/setup-024.log 2>&1
2026-10-04T19:37:21.711180+00:00 exit=0 output=setup-024.log started=2026-10-04T19:37:21.686474+00:00
2026-10-04T19:37:21.711683+00:00 env /usr/bin/git -C /Users/charlesabrooker/tmp/fm-pi-render-drift-main016.mYxnxr/nm/worktrees/c6711555e1ec/01M445ME32DXNHDANAED5TJK7X/.live-validation/remote/project-beta config user.name 'Disposable live validation' > /Users/charlesabrooker/tmp/fm-pi-render-drift-main016.mYxnxr/nm/evidence/01M445ME32DXNHDANAED5TJK7X/remote/setup-025.log 2>&1
2026-10-04T19:37:21.726096+00:00 exit=0 output=setup-025.log started=2026-10-04T19:37:21.711784+00:00
2026-10-04T19:37:21.726298+00:00 env /usr/bin/git -C /Users/charlesabrooker/tmp/fm-pi-render-drift-main016.mYxnxr/nm/worktrees/c6711555e1ec/01M445ME32DXNHDANAED5TJK7X/.live-validation/remote/project-beta config user.email live-validation@example.invalid > /Users/charlesabrooker/tmp/fm-pi-render-drift-main016.mYxnxr/nm/evidence/01M445ME32DXNHDANAED5TJK7X/remote/setup-026.log 2>&1
2026-10-04T19:37:21.744373+00:00 exit=0 output=setup-026.log started=2026-10-04T19:37:21.726328+00:00
2026-10-04T19:37:21.744823+00:00 env /usr/bin/git -C /Users/charlesabrooker/tmp/fm-pi-render-drift-main016.mYxnxr/nm/worktrees/c6711555e1ec/01M445ME32DXNHDANAED5TJK7X/.live-validation/remote/project-beta config maintenance.auto false > /Users/charlesabrooker/tmp/fm-pi-render-drift-main016.mYxnxr/nm/evidence/01M445ME32DXNHDANAED5TJK7X/remote/setup-027.log 2>&1
2026-10-04T19:37:21.761236+00:00 exit=0 output=setup-027.log started=2026-10-04T19:37:21.744965+00:00
2026-10-04T19:37:21.761459+00:00 env /usr/bin/git -C /Users/charlesabrooker/tmp/fm-pi-render-drift-main016.mYxnxr/nm/worktrees/c6711555e1ec/01M445ME32DXNHDANAED5TJK7X/.live-validation/remote/project-beta config gc.auto 0 > /Users/charlesabrooker/tmp/fm-pi-render-drift-main016.mYxnxr/nm/evidence/01M445ME32DXNHDANAED5TJK7X/remote/setup-028.log 2>&1
2026-10-04T19:37:21.774180+00:00 exit=0 output=setup-028.log started=2026-10-04T19:37:21.761491+00:00
2026-10-04T19:37:21.774744+00:00 env /usr/bin/git -C /Users/charlesabrooker/tmp/fm-pi-render-drift-main016.mYxnxr/nm/worktrees/c6711555e1ec/01M445ME32DXNHDANAED5TJK7X/.live-validation/remote/project-beta config pack.threads 1 > /Users/charlesabrooker/tmp/fm-pi-render-drift-main016.mYxnxr/nm/evidence/01M445ME32DXNHDANAED5TJK7X/remote/setup-029.log 2>&1
2026-10-04T19:37:21.788437+00:00 exit=0 output=setup-029.log started=2026-10-04T19:37:21.774887+00:00
2026-10-04T19:37:21.789493+00:00 env /usr/bin/git -C /Users/charlesabrooker/tmp/fm-pi-render-drift-main016.mYxnxr/nm/worktrees/c6711555e1ec/01M445ME32DXNHDANAED5TJK7X/.live-validation/remote/project-beta add payload.txt > /Users/charlesabrooker/tmp/fm-pi-render-drift-main016.mYxnxr/nm/evidence/01M445ME32DXNHDANAED5TJK7X/remote/setup-030.log 2>&1
2026-10-04T19:37:21.831666+00:00 exit=0 output=setup-030.log started=2026-10-04T19:37:21.789638+00:00
2026-10-04T19:37:21.831886+00:00 env /usr/bin/git -C /Users/charlesabrooker/tmp/fm-pi-render-drift-main016.mYxnxr/nm/worktrees/c6711555e1ec/01M445ME32DXNHDANAED5TJK7X/.live-validation/remote/project-beta commit -qm 'Disposable project origin' > /Users/charlesabrooker/tmp/fm-pi-render-drift-main016.mYxnxr/nm/evidence/01M445ME32DXNHDANAED5TJK7X/remote/setup-031.log 2>&1
2026-10-04T19:37:21.856697+00:00 exit=0 output=setup-031.log started=2026-10-04T19:37:21.831943+00:00
2026-10-04T19:37:21.856966+00:00 env /usr/bin/git clone --quiet --bare --no-local -- /Users/charlesabrooker/tmp/fm-pi-render-drift-main016.mYxnxr/nm/worktrees/c6711555e1ec/01M445ME32DXNHDANAED5TJK7X/.live-validation/remote/project-beta /Users/charlesabrooker/tmp/fm-pi-render-drift-main016.mYxnxr/nm/worktrees/c6711555e1ec/01M445ME32DXNHDANAED5TJK7X/.live-validation/remote/origin-beta.git > /Users/charlesabrooker/tmp/fm-pi-render-drift-main016.mYxnxr/nm/evidence/01M445ME32DXNHDANAED5TJK7X/remote/setup-032.log 2>&1
2026-10-04T19:37:21.917771+00:00 exit=0 output=setup-032.log started=2026-10-04T19:37:21.857016+00:00
2026-10-04T19:37:21.918029+00:00 env /usr/bin/git -C /Users/charlesabrooker/tmp/fm-pi-render-drift-main016.mYxnxr/nm/worktrees/c6711555e1ec/01M445ME32DXNHDANAED5TJK7X/.live-validation/remote/project-beta rev-parse HEAD > /Users/charlesabrooker/tmp/fm-pi-render-drift-main016.mYxnxr/nm/evidence/01M445ME32DXNHDANAED5TJK7X/remote/setup-033.log 2>&1
2026-10-04T19:37:21.932125+00:00 exit=0 output=setup-033.log started=2026-10-04T19:37:21.918072+00:00
2026-10-04T19:37:21.932333+00:00 env /usr/bin/git clone --quiet --no-local -- /Users/charlesabrooker/tmp/fm-pi-render-drift-main016.mYxnxr/nm/worktrees/c6711555e1ec/01M445ME32DXNHDANAED5TJK7X/.live-validation/remote/source /Users/charlesabrooker/tmp/fm-pi-render-drift-main016.mYxnxr/nm/worktrees/c6711555e1ec/01M445ME32DXNHDANAED5TJK7X/.live-validation/remote/source-exact-repack > /Users/charlesabrooker/tmp/fm-pi-render-drift-main016.mYxnxr/nm/evidence/01M445ME32DXNHDANAED5TJK7X/remote/setup-034.log 2>&1
2026-10-04T19:37:22.885266+00:00 exit=0 output=setup-034.log started=2026-10-04T19:37:21.932369+00:00
2026-10-04T19:37:22.885473+00:00 env /usr/bin/git -C /Users/charlesabrooker/tmp/fm-pi-render-drift-main016.mYxnxr/nm/worktrees/c6711555e1ec/01M445ME32DXNHDANAED5TJK7X/.live-validation/remote/source-exact-repack config user.name 'Disposable live validation' > /Users/charlesabrooker/tmp/fm-pi-render-drift-main016.mYxnxr/nm/evidence/01M445ME32DXNHDANAED5TJK7X/remote/setup-035.log 2>&1
2026-10-04T19:37:22.897400+00:00 exit=0 output=setup-035.log started=2026-10-04T19:37:22.885504+00:00
2026-10-04T19:37:22.897575+00:00 env /usr/bin/git -C /Users/charlesabrooker/tmp/fm-pi-render-drift-main016.mYxnxr/nm/worktrees/c6711555e1ec/01M445ME32DXNHDANAED5TJK7X/.live-validation/remote/source-exact-repack config user.email live-validation@example.invalid > /Users/charlesabrooker/tmp/fm-pi-render-drift-main016.mYxnxr/nm/evidence/01M445ME32DXNHDANAED5TJK7X/remote/setup-036.log 2>&1
2026-10-04T19:37:22.908235+00:00 exit=0 output=setup-036.log started=2026-10-04T19:37:22.897637+00:00
2026-10-04T19:37:22.908397+00:00 env /usr/bin/git -C /Users/charlesabrooker/tmp/fm-pi-render-drift-main016.mYxnxr/nm/worktrees/c6711555e1ec/01M445ME32DXNHDANAED5TJK7X/.live-validation/remote/source-exact-repack config maintenance.auto false > /Users/charlesabrooker/tmp/fm-pi-render-drift-main016.mYxnxr/nm/evidence/01M445ME32DXNHDANAED5TJK7X/remote/setup-037.log 2>&1
2026-10-04T19:37:22.920068+00:00 exit=0 output=setup-037.log started=2026-10-04T19:37:22.908420+00:00
2026-10-04T19:37:22.920231+00:00 env /usr/bin/git -C /Users/charlesabrooker/tmp/fm-pi-render-drift-main016.mYxnxr/nm/worktrees/c6711555e1ec/01M445ME32DXNHDANAED5TJK7X/.live-validation/remote/source-exact-repack config gc.auto 0 > /Users/charlesabrooker/tmp/fm-pi-render-drift-main016.mYxnxr/nm/evidence/01M445ME32DXNHDANAED5TJK7X/remote/setup-038.log 2>&1
2026-10-04T19:37:22.931635+00:00 exit=0 output=setup-038.log started=2026-10-04T19:37:22.920253+00:00
2026-10-04T19:37:22.931818+00:00 env /usr/bin/git -C /Users/charlesabrooker/tmp/fm-pi-render-drift-main016.mYxnxr/nm/worktrees/c6711555e1ec/01M445ME32DXNHDANAED5TJK7X/.live-validation/remote/source-exact-repack config pack.threads 1 > /Users/charlesabrooker/tmp/fm-pi-render-drift-main016.mYxnxr/nm/evidence/01M445ME32DXNHDANAED5TJK7X/remote/setup-039.log 2>&1
2026-10-04T19:37:22.951408+00:00 exit=0 output=setup-039.log started=2026-10-04T19:37:22.931843+00:00
2026-10-04T19:37:22.952990+00:00 env /usr/bin/git -C /Users/charlesabrooker/tmp/fm-pi-render-drift-main016.mYxnxr/nm/worktrees/c6711555e1ec/01M445ME32DXNHDANAED5TJK7X/.live-validation/remote/source-exact-repack add repack-content.bin > /Users/charlesabrooker/tmp/fm-pi-render-drift-main016.mYxnxr/nm/evidence/01M445ME32DXNHDANAED5TJK7X/remote/setup-040.log 2>&1
2026-10-04T19:37:23.100108+00:00 exit=0 output=setup-040.log started=2026-10-04T19:37:22.953024+00:00
2026-10-04T19:37:23.100304+00:00 env /usr/bin/git -C /Users/charlesabrooker/tmp/fm-pi-render-drift-main016.mYxnxr/nm/worktrees/c6711555e1ec/01M445ME32DXNHDANAED5TJK7X/.live-validation/remote/source-exact-repack commit -qm 'Disposable loose-object repack fixture' > /Users/charlesabrooker/tmp/fm-pi-render-drift-main016.mYxnxr/nm/evidence/01M445ME32DXNHDANAED5TJK7X/remote/setup-041.log 2>&1
2026-10-04T19:37:23.117223+00:00 exit=0 output=setup-041.log started=2026-10-04T19:37:23.100328+00:00
2026-10-04T19:37:23.117392+00:00 env /usr/bin/git -C /Users/charlesabrooker/tmp/fm-pi-render-drift-main016.mYxnxr/nm/worktrees/c6711555e1ec/01M445ME32DXNHDANAED5TJK7X/.live-validation/remote/source-exact-repack rev-parse HEAD:repack-content.bin > /Users/charlesabrooker/tmp/fm-pi-render-drift-main016.mYxnxr/nm/evidence/01M445ME32DXNHDANAED5TJK7X/remote/setup-042.log 2>&1
2026-10-04T19:37:23.129139+00:00 exit=0 output=setup-042.log started=2026-10-04T19:37:23.117415+00:00
2026-10-04T19:37:23.129388+00:00 env /usr/bin/git clone --quiet --no-local -- /Users/charlesabrooker/tmp/fm-pi-render-drift-main016.mYxnxr/nm/worktrees/c6711555e1ec/01M445ME32DXNHDANAED5TJK7X/.live-validation/remote/source /Users/charlesabrooker/tmp/fm-pi-render-drift-main016.mYxnxr/nm/worktrees/c6711555e1ec/01M445ME32DXNHDANAED5TJK7X/.live-validation/remote/source-stress > /Users/charlesabrooker/tmp/fm-pi-render-drift-main016.mYxnxr/nm/evidence/01M445ME32DXNHDANAED5TJK7X/remote/setup-043.log 2>&1
2026-10-04T19:37:24.503318+00:00 exit=0 output=setup-043.log started=2026-10-04T19:37:23.129413+00:00
2026-10-04T19:37:24.503510+00:00 env /usr/bin/git -C /Users/charlesabrooker/tmp/fm-pi-render-drift-main016.mYxnxr/nm/worktrees/c6711555e1ec/01M445ME32DXNHDANAED5TJK7X/.live-validation/remote/source-stress config user.name 'Disposable live validation' > /Users/charlesabrooker/tmp/fm-pi-render-drift-main016.mYxnxr/nm/evidence/01M445ME32DXNHDANAED5TJK7X/remote/setup-044.log 2>&1
2026-10-04T19:37:24.518839+00:00 exit=0 output=setup-044.log started=2026-10-04T19:37:24.503557+00:00
2026-10-04T19:37:24.519251+00:00 env /usr/bin/git -C /Users/charlesabrooker/tmp/fm-pi-render-drift-main016.mYxnxr/nm/worktrees/c6711555e1ec/01M445ME32DXNHDANAED5TJK7X/.live-validation/remote/source-stress config user.email live-validation@example.invalid > /Users/charlesabrooker/tmp/fm-pi-render-drift-main016.mYxnxr/nm/evidence/01M445ME32DXNHDANAED5TJK7X/remote/setup-045.log 2>&1
2026-10-04T19:37:24.536509+00:00 exit=0 output=setup-045.log started=2026-10-04T19:37:24.519402+00:00
2026-10-04T19:37:24.537445+00:00 env /usr/bin/git -C /Users/charlesabrooker/tmp/fm-pi-render-drift-main016.mYxnxr/nm/worktrees/c6711555e1ec/01M445ME32DXNHDANAED5TJK7X/.live-validation/remote/source-stress config maintenance.auto false > /Users/charlesabrooker/tmp/fm-pi-render-drift-main016.mYxnxr/nm/evidence/01M445ME32DXNHDANAED5TJK7X/remote/setup-046.log 2>&1
2026-10-04T19:37:24.553218+00:00 exit=0 output=setup-046.log started=2026-10-04T19:37:24.537501+00:00
2026-10-04T19:37:24.553688+00:00 env /usr/bin/git -C /Users/charlesabrooker/tmp/fm-pi-render-drift-main016.mYxnxr/nm/worktrees/c6711555e1ec/01M445ME32DXNHDANAED5TJK7X/.live-validation/remote/source-stress config gc.auto 0 > /Users/charlesabrooker/tmp/fm-pi-render-drift-main016.mYxnxr/nm/evidence/01M445ME32DXNHDANAED5TJK7X/remote/setup-047.log 2>&1
2026-10-04T19:37:24.570867+00:00 exit=0 output=setup-047.log started=2026-10-04T19:37:24.553742+00:00
2026-10-04T19:37:24.571437+00:00 env /usr/bin/git -C /Users/charlesabrooker/tmp/fm-pi-render-drift-main016.mYxnxr/nm/worktrees/c6711555e1ec/01M445ME32DXNHDANAED5TJK7X/.live-validation/remote/source-stress config pack.threads 1 > /Users/charlesabrooker/tmp/fm-pi-render-drift-main016.mYxnxr/nm/evidence/01M445ME32DXNHDANAED5TJK7X/remote/setup-048.log 2>&1
2026-10-04T19:37:24.590388+00:00 exit=0 output=setup-048.log started=2026-10-04T19:37:24.571535+00:00
2026-10-04T19:37:24.678371+00:00 env /usr/bin/git -C /Users/charlesabrooker/tmp/fm-pi-render-drift-main016.mYxnxr/nm/worktrees/c6711555e1ec/01M445ME32DXNHDANAED5TJK7X/.live-validation/remote/source-stress add live-repack-payload > /Users/charlesabrooker/tmp/fm-pi-render-drift-main016.mYxnxr/nm/evidence/01M445ME32DXNHDANAED5TJK7X/remote/setup-049.log 2>&1
2026-10-04T19:37:25.941786+00:00 exit=0 output=setup-049.log started=2026-10-04T19:37:24.678421+00:00
2026-10-04T19:37:25.941972+00:00 env /usr/bin/git -C /Users/charlesabrooker/tmp/fm-pi-render-drift-main016.mYxnxr/nm/worktrees/c6711555e1ec/01M445ME32DXNHDANAED5TJK7X/.live-validation/remote/source-stress commit -qm 'Disposable concurrent transport and repack payload' > /Users/charlesabrooker/tmp/fm-pi-render-drift-main016.mYxnxr/nm/evidence/01M445ME32DXNHDANAED5TJK7X/remote/setup-050.log 2>&1
2026-10-04T19:37:25.960330+00:00 exit=0 output=setup-050.log started=2026-10-04T19:37:25.941997+00:00
2026-10-04T19:37:25.960521+00:00 env /usr/bin/git -C /Users/charlesabrooker/tmp/fm-pi-render-drift-main016.mYxnxr/nm/worktrees/c6711555e1ec/01M445ME32DXNHDANAED5TJK7X/.live-validation/remote/source-stress rev-parse HEAD > /Users/charlesabrooker/tmp/fm-pi-render-drift-main016.mYxnxr/nm/evidence/01M445ME32DXNHDANAED5TJK7X/remote/setup-051.log 2>&1
2026-10-04T19:37:25.972240+00:00 exit=0 output=setup-051.log started=2026-10-04T19:37:25.960546+00:00
2026-10-04T19:37:25.972469+00:00 env /usr/bin/git -C /Users/charlesabrooker/tmp/fm-pi-render-drift-main016.mYxnxr/nm/worktrees/c6711555e1ec/01M445ME32DXNHDANAED5TJK7X/.live-validation/remote/source-stress rev-parse HEAD:live-repack-payload/00.bin > /Users/charlesabrooker/tmp/fm-pi-render-drift-main016.mYxnxr/nm/evidence/01M445ME32DXNHDANAED5TJK7X/remote/setup-052.log 2>&1
2026-10-04T19:37:25.984504+00:00 exit=0 output=setup-052.log started=2026-10-04T19:37:25.972524+00:00
2026-10-04T19:37:25.987007+00:00 env FM_HOME=/Users/charlesabrooker/tmp/fm-pi-render-drift-main016.mYxnxr/nm/worktrees/c6711555e1ec/01M445ME32DXNHDANAED5TJK7X/.live-validation/remote/home-success FM_ROOT_OVERRIDE=/Users/charlesabrooker/tmp/fm-pi-render-drift-main016.mYxnxr/nm/worktrees/c6711555e1ec/01M445ME32DXNHDANAED5TJK7X/.live-validation/remote/source GIT_TRACE2_EVENT=/Users/charlesabrooker/tmp/fm-pi-render-drift-main016.mYxnxr/nm/evidence/01M445ME32DXNHDANAED5TJK7X/remote/success.trace2.jsonl /Users/charlesabrooker/tmp/fm-pi-render-drift-main016.mYxnxr/nm/worktrees/c6711555e1ec/01M445ME32DXNHDANAED5TJK7X/bin/fm-remote-home-provision.sh < /Users/charlesabrooker/tmp/fm-pi-render-drift-main016.mYxnxr/nm/worktrees/c6711555e1ec/01M445ME32DXNHDANAED5TJK7X/.live-validation/remote/success.manifest > /Users/charlesabrooker/tmp/fm-pi-render-drift-main016.mYxnxr/nm/evidence/01M445ME32DXNHDANAED5TJK7X/remote/success.product.log 2>&1
2026-10-04T19:37:28.437122+00:00 product=success exit=0 started=2026-10-04T19:37:25.988602+00:00
2026-10-04T19:37:28.437600+00:00 env /usr/bin/git -C /Users/charlesabrooker/tmp/fm-pi-render-drift-main016.mYxnxr/nm/worktrees/c6711555e1ec/01M445ME32DXNHDANAED5TJK7X/.live-validation/remote/home-success rev-parse HEAD > /Users/charlesabrooker/tmp/fm-pi-render-drift-main016.mYxnxr/nm/evidence/01M445ME32DXNHDANAED5TJK7X/remote/success.head.log 2>&1
2026-10-04T19:37:28.456711+00:00 exit=0 output=success.head.log started=2026-10-04T19:37:28.437636+00:00
2026-10-04T19:37:28.456916+00:00 env /usr/bin/git -C /Users/charlesabrooker/tmp/fm-pi-render-drift-main016.mYxnxr/nm/worktrees/c6711555e1ec/01M445ME32DXNHDANAED5TJK7X/.live-validation/remote/home-success rev-parse --show-toplevel > /Users/charlesabrooker/tmp/fm-pi-render-drift-main016.mYxnxr/nm/evidence/01M445ME32DXNHDANAED5TJK7X/remote/setup-054.log 2>&1
2026-10-04T19:37:28.471714+00:00 exit=0 output=setup-054.log started=2026-10-04T19:37:28.456944+00:00
2026-10-04T19:37:28.472212+00:00 env /usr/bin/git -C /Users/charlesabrooker/tmp/fm-pi-render-drift-main016.mYxnxr/nm/worktrees/c6711555e1ec/01M445ME32DXNHDANAED5TJK7X/.live-validation/remote/home-success fsck --full --no-progress > /Users/charlesabrooker/tmp/fm-pi-render-drift-main016.mYxnxr/nm/evidence/01M445ME32DXNHDANAED5TJK7X/remote/success.fsck.log 2>&1
2026-10-04T19:37:30.238828+00:00 exit=0 output=success.fsck.log started=2026-10-04T19:37:28.472293+00:00
2026-10-04T19:37:30.239100+00:00 env /usr/bin/git -C /Users/charlesabrooker/tmp/fm-pi-render-drift-main016.mYxnxr/nm/worktrees/c6711555e1ec/01M445ME32DXNHDANAED5TJK7X/.live-validation/remote/home-success diff --exit-code HEAD > /Users/charlesabrooker/tmp/fm-pi-render-drift-main016.mYxnxr/nm/evidence/01M445ME32DXNHDANAED5TJK7X/remote/success.tracked-diff.log 2>&1
2026-10-04T19:37:30.268612+00:00 exit=0 output=success.tracked-diff.log started=2026-10-04T19:37:30.239131+00:00
2026-10-04T19:37:30.269092+00:00 env /usr/bin/git -C /Users/charlesabrooker/tmp/fm-pi-render-drift-main016.mYxnxr/nm/worktrees/c6711555e1ec/01M445ME32DXNHDANAED5TJK7X/.live-validation/remote/source ls-files -z > /Users/charlesabrooker/tmp/fm-pi-render-drift-main016.mYxnxr/nm/evidence/01M445ME32DXNHDANAED5TJK7X/remote/setup-057.log 2>&1
2026-10-04T19:37:30.287994+00:00 exit=0 output=setup-057.log started=2026-10-04T19:37:30.269170+00:00
2026-10-04T19:37:30.420920+00:00 env /usr/bin/git -C /Users/charlesabrooker/tmp/fm-pi-render-drift-main016.mYxnxr/nm/worktrees/c6711555e1ec/01M445ME32DXNHDANAED5TJK7X/.live-validation/remote/home-success/projects/alpha remote get-url origin > /Users/charlesabrooker/tmp/fm-pi-render-drift-main016.mYxnxr/nm/evidence/01M445ME32DXNHDANAED5TJK7X/remote/project-alpha.origin.log 2>&1
2026-10-04T19:37:30.437757+00:00 exit=0 output=project-alpha.origin.log started=2026-10-04T19:37:30.420961+00:00
2026-10-04T19:37:30.438357+00:00 env /usr/bin/git -C /Users/charlesabrooker/tmp/fm-pi-render-drift-main016.mYxnxr/nm/worktrees/c6711555e1ec/01M445ME32DXNHDANAED5TJK7X/.live-validation/remote/home-success/projects/alpha rev-parse HEAD > /Users/charlesabrooker/tmp/fm-pi-render-drift-main016.mYxnxr/nm/evidence/01M445ME32DXNHDANAED5TJK7X/remote/setup-059.log 2>&1
2026-10-04T19:37:30.469006+00:00 exit=0 output=setup-059.log started=2026-10-04T19:37:30.438853+00:00
2026-10-04T19:37:30.469263+00:00 env /usr/bin/git -C /Users/charlesabrooker/tmp/fm-pi-render-drift-main016.mYxnxr/nm/worktrees/c6711555e1ec/01M445ME32DXNHDANAED5TJK7X/.live-validation/remote/home-success/projects/alpha fsck --full --no-progress > /Users/charlesabrooker/tmp/fm-pi-render-drift-main016.mYxnxr/nm/evidence/01M445ME32DXNHDANAED5TJK7X/remote/project-alpha.fsck.log 2>&1
2026-10-04T19:37:30.507881+00:00 exit=0 output=project-alpha.fsck.log started=2026-10-04T19:37:30.469298+00:00
2026-10-04T19:37:30.509006+00:00 env /usr/bin/git -C /Users/charlesabrooker/tmp/fm-pi-render-drift-main016.mYxnxr/nm/worktrees/c6711555e1ec/01M445ME32DXNHDANAED5TJK7X/.live-validation/remote/home-success/projects/beta remote get-url origin > /Users/charlesabrooker/tmp/fm-pi-render-drift-main016.mYxnxr/nm/evidence/01M445ME32DXNHDANAED5TJK7X/remote/project-beta.origin.log 2>&1
2026-10-04T19:37:30.525886+00:00 exit=0 output=project-beta.origin.log started=2026-10-04T19:37:30.509079+00:00
2026-10-04T19:37:30.526385+00:00 env /usr/bin/git -C /Users/charlesabrooker/tmp/fm-pi-render-drift-main016.mYxnxr/nm/worktrees/c6711555e1ec/01M445ME32DXNHDANAED5TJK7X/.live-validation/remote/home-success/projects/beta rev-parse HEAD > /Users/charlesabrooker/tmp/fm-pi-render-drift-main016.mYxnxr/nm/evidence/01M445ME32DXNHDANAED5TJK7X/remote/setup-062.log 2>&1
2026-10-04T19:37:30.540655+00:00 exit=0 output=setup-062.log started=2026-10-04T19:37:30.526568+00:00
2026-10-04T19:37:30.540858+00:00 env /usr/bin/git -C /Users/charlesabrooker/tmp/fm-pi-render-drift-main016.mYxnxr/nm/worktrees/c6711555e1ec/01M445ME32DXNHDANAED5TJK7X/.live-validation/remote/home-success/projects/beta fsck --full --no-progress > /Users/charlesabrooker/tmp/fm-pi-render-drift-main016.mYxnxr/nm/evidence/01M445ME32DXNHDANAED5TJK7X/remote/project-beta.fsck.log 2>&1
2026-10-04T19:37:30.579940+00:00 exit=0 output=project-beta.fsck.log started=2026-10-04T19:37:30.540894+00:00
2026-10-04T19:37:30.580583+00:00 env FM_HOME=/Users/charlesabrooker/tmp/fm-pi-render-drift-main016.mYxnxr/nm/worktrees/c6711555e1ec/01M445ME32DXNHDANAED5TJK7X/.live-validation/remote/home-exact-repack FM_LIVE_COMMAND_LOG=/Users/charlesabrooker/tmp/fm-pi-render-drift-main016.mYxnxr/nm/evidence/01M445ME32DXNHDANAED5TJK7X/remote/exact-repack.instrument-commands.log FM_LIVE_DYLIB=/Users/charlesabrooker/tmp/fm-pi-render-drift-main016.mYxnxr/nm/worktrees/c6711555e1ec/01M445ME32DXNHDANAED5TJK7X/.live-validation/remote/instruments/repack-race.dylib FM_LIVE_REAL_GIT=/Users/charlesabrooker/tmp/fm-pi-render-drift-main016.mYxnxr/nm/worktrees/c6711555e1ec/01M445ME32DXNHDANAED5TJK7X/.live-validation/remote/instruments/git-real FM_LIVE_REPACK_MARKER=/Users/charlesabrooker/tmp/fm-pi-render-drift-main016.mYxnxr/nm/evidence/01M445ME32DXNHDANAED5TJK7X/remote/exact-repack.marker.log FM_LIVE_REPACK_OBJECT=/Users/charlesabrooker/tmp/fm-pi-render-drift-main016.mYxnxr/nm/worktrees/c6711555e1ec/01M445ME32DXNHDANAED5TJK7X/.live-validation/remote/source-exact-repack/.git/objects/03/ee5691233fa764ed4c3563113899290d0f8c68 FM_LIVE_REPACK_ROOT=/Users/charlesabrooker/tmp/fm-pi-render-drift-main016.mYxnxr/nm/worktrees/c6711555e1ec/01M445ME32DXNHDANAED5TJK7X/.live-validation/remote/source-exact-repack FM_ROOT_OVERRIDE=/Users/charlesabrooker/tmp/fm-pi-render-drift-main016.mYxnxr/nm/worktrees/c6711555e1ec/01M445ME32DXNHDANAED5TJK7X/.live-validation/remote/source-exact-repack GIT_EXEC_PATH=/Users/charlesabrooker/tmp/fm-pi-render-drift-main016.mYxnxr/nm/worktrees/c6711555e1ec/01M445ME32DXNHDANAED5TJK7X/.live-validation/remote/bin GIT_TRACE2_EVENT=/Users/charlesabrooker/tmp/fm-pi-render-drift-main016.mYxnxr/nm/evidence/01M445ME32DXNHDANAED5TJK7X/remote/exact-repack.trace2.jsonl PATH=/Users/charlesabrooker/tmp/fm-pi-render-drift-main016.mYxnxr/nm/worktrees/c6711555e1ec/01M445ME32DXNHDANAED5TJK7X/.live-validation/remote/bin:/usr/bin:/bin:/usr/sbin:/sbin /Users/charlesabrooker/tmp/fm-pi-render-drift-main016.mYxnxr/nm/worktrees/c6711555e1ec/01M445ME32DXNHDANAED5TJK7X/bin/fm-remote-home-provision.sh < /Users/charlesabrooker/tmp/fm-pi-render-drift-main016.mYxnxr/nm/worktrees/c6711555e1ec/01M445ME32DXNHDANAED5TJK7X/.live-validation/remote/race.manifest > /Users/charlesabrooker/tmp/fm-pi-render-drift-main016.mYxnxr/nm/evidence/01M445ME32DXNHDANAED5TJK7X/remote/exact-repack.product.log 2>&1
2026-10-04T19:39:20.938018+00:00 env /usr/bin/uname -a > /Users/charlesabrooker/tmp/fm-pi-render-drift-main016.mYxnxr/nm/evidence/01M445ME32DXNHDANAED5TJK7X/remote/platform.log 2>&1
2026-10-04T19:39:20.941870+00:00 exit=0 output=platform.log started=2026-10-04T19:39:20.938372+00:00
2026-10-04T19:39:20.942022+00:00 env /usr/bin/git --version > /Users/charlesabrooker/tmp/fm-pi-render-drift-main016.mYxnxr/nm/evidence/01M445ME32DXNHDANAED5TJK7X/remote/git-version.log 2>&1
2026-10-04T19:39:20.955083+00:00 exit=0 output=git-version.log started=2026-10-04T19:39:20.942048+00:00
2026-10-04T19:39:20.955274+00:00 env /usr/bin/git clone --quiet --no-local -- /Users/charlesabrooker/tmp/fm-pi-render-drift-main016.mYxnxr/nm/worktrees/c6711555e1ec/01M445ME32DXNHDANAED5TJK7X /Users/charlesabrooker/tmp/fm-pi-render-drift-main016.mYxnxr/nm/worktrees/c6711555e1ec/01M445ME32DXNHDANAED5TJK7X/.live-validation/remote/source > /Users/charlesabrooker/tmp/fm-pi-render-drift-main016.mYxnxr/nm/evidence/01M445ME32DXNHDANAED5TJK7X/remote/resume-setup-003.log 2>&1
2026-10-04T19:39:21.992467+00:00 exit=0 output=resume-setup-003.log started=2026-10-04T19:39:20.955298+00:00
2026-10-04T19:39:21.992661+00:00 env /usr/bin/git -C /Users/charlesabrooker/tmp/fm-pi-render-drift-main016.mYxnxr/nm/worktrees/c6711555e1ec/01M445ME32DXNHDANAED5TJK7X/.live-validation/remote/source config user.name 'Disposable live validation' > /Users/charlesabrooker/tmp/fm-pi-render-drift-main016.mYxnxr/nm/evidence/01M445ME32DXNHDANAED5TJK7X/remote/resume-setup-004.log 2>&1
2026-10-04T19:39:22.007734+00:00 exit=0 output=resume-setup-004.log started=2026-10-04T19:39:21.992677+00:00
2026-10-04T19:39:22.007925+00:00 env /usr/bin/git -C /Users/charlesabrooker/tmp/fm-pi-render-drift-main016.mYxnxr/nm/worktrees/c6711555e1ec/01M445ME32DXNHDANAED5TJK7X/.live-validation/remote/source config user.email live-validation@example.invalid > /Users/charlesabrooker/tmp/fm-pi-render-drift-main016.mYxnxr/nm/evidence/01M445ME32DXNHDANAED5TJK7X/remote/resume-setup-005.log 2>&1
2026-10-04T19:39:22.020251+00:00 exit=0 output=resume-setup-005.log started=2026-10-04T19:39:22.007948+00:00
2026-10-04T19:39:22.020439+00:00 env /usr/bin/git -C /Users/charlesabrooker/tmp/fm-pi-render-drift-main016.mYxnxr/nm/worktrees/c6711555e1ec/01M445ME32DXNHDANAED5TJK7X/.live-validation/remote/source config maintenance.auto false > /Users/charlesabrooker/tmp/fm-pi-render-drift-main016.mYxnxr/nm/evidence/01M445ME32DXNHDANAED5TJK7X/remote/resume-setup-006.log 2>&1
2026-10-04T19:39:22.034027+00:00 exit=0 output=resume-setup-006.log started=2026-10-04T19:39:22.020464+00:00
2026-10-04T19:39:22.034196+00:00 env /usr/bin/git -C /Users/charlesabrooker/tmp/fm-pi-render-drift-main016.mYxnxr/nm/worktrees/c6711555e1ec/01M445ME32DXNHDANAED5TJK7X/.live-validation/remote/source config gc.auto 0 > /Users/charlesabrooker/tmp/fm-pi-render-drift-main016.mYxnxr/nm/evidence/01M445ME32DXNHDANAED5TJK7X/remote/resume-setup-007.log 2>&1
2026-10-04T19:39:22.045366+00:00 exit=0 output=resume-setup-007.log started=2026-10-04T19:39:22.034215+00:00
2026-10-04T19:39:22.045538+00:00 env /usr/bin/git -C /Users/charlesabrooker/tmp/fm-pi-render-drift-main016.mYxnxr/nm/worktrees/c6711555e1ec/01M445ME32DXNHDANAED5TJK7X/.live-validation/remote/source config pack.threads 1 > /Users/charlesabrooker/tmp/fm-pi-render-drift-main016.mYxnxr/nm/evidence/01M445ME32DXNHDANAED5TJK7X/remote/resume-setup-008.log 2>&1
2026-10-04T19:39:22.057250+00:00 exit=0 output=resume-setup-008.log started=2026-10-04T19:39:22.045559+00:00
2026-10-04T19:39:22.057420+00:00 env /usr/bin/git -C /Users/charlesabrooker/tmp/fm-pi-render-drift-main016.mYxnxr/nm/worktrees/c6711555e1ec/01M445ME32DXNHDANAED5TJK7X diff --binary HEAD > /Users/charlesabrooker/tmp/fm-pi-render-drift-main016.mYxnxr/nm/evidence/01M445ME32DXNHDANAED5TJK7X/remote/source-working-tree.patch 2>&1
2026-10-04T19:39:22.084673+00:00 exit=0 output=source-working-tree.patch started=2026-10-04T19:39:22.057466+00:00
2026-10-04T19:39:22.084899+00:00 env /usr/bin/git -C /Users/charlesabrooker/tmp/fm-pi-render-drift-main016.mYxnxr/nm/worktrees/c6711555e1ec/01M445ME32DXNHDANAED5TJK7X/.live-validation/remote/source apply --binary > /Users/charlesabrooker/tmp/fm-pi-render-drift-main016.mYxnxr/nm/evidence/01M445ME32DXNHDANAED5TJK7X/remote/resume-setup-010.log 2>&1
2026-10-04T19:39:22.101170+00:00 exit=0 output=resume-setup-010.log started=2026-10-04T19:39:22.084923+00:00
2026-10-04T19:39:22.101360+00:00 env /usr/bin/git -C /Users/charlesabrooker/tmp/fm-pi-render-drift-main016.mYxnxr/nm/worktrees/c6711555e1ec/01M445ME32DXNHDANAED5TJK7X/.live-validation/remote/source add -A > /Users/charlesabrooker/tmp/fm-pi-render-drift-main016.mYxnxr/nm/evidence/01M445ME32DXNHDANAED5TJK7X/remote/resume-setup-011.log 2>&1
2026-10-04T19:39:22.225485+00:00 exit=0 output=resume-setup-011.log started=2026-10-04T19:39:22.101387+00:00
2026-10-04T19:39:22.225717+00:00 env /usr/bin/git -C /Users/charlesabrooker/tmp/fm-pi-render-drift-main016.mYxnxr/nm/worktrees/c6711555e1ec/01M445ME32DXNHDANAED5TJK7X/.live-validation/remote/source commit -qm 'Disposable snapshot of current tracked worktree' > /Users/charlesabrooker/tmp/fm-pi-render-drift-main016.mYxnxr/nm/evidence/01M445ME32DXNHDANAED5TJK7X/remote/resume-setup-012.log 2>&1
2026-10-04T19:39:22.246433+00:00 exit=0 output=resume-setup-012.log started=2026-10-04T19:39:22.225751+00:00
2026-10-04T19:39:22.246615+00:00 env /usr/bin/git -C /Users/charlesabrooker/tmp/fm-pi-render-drift-main016.mYxnxr/nm/worktrees/c6711555e1ec/01M445ME32DXNHDANAED5TJK7X/.live-validation/remote/source rev-parse HEAD > /Users/charlesabrooker/tmp/fm-pi-render-drift-main016.mYxnxr/nm/evidence/01M445ME32DXNHDANAED5TJK7X/remote/resume-setup-013.log 2>&1
2026-10-04T19:39:22.257918+00:00 exit=0 output=resume-setup-013.log started=2026-10-04T19:39:22.246639+00:00
2026-10-04T19:39:22.258295+00:00 env /usr/bin/git -C /Users/charlesabrooker/tmp/fm-pi-render-drift-main016.mYxnxr/nm/worktrees/c6711555e1ec/01M445ME32DXNHDANAED5TJK7X/.live-validation/remote/project-alpha init --quiet > /Users/charlesabrooker/tmp/fm-pi-render-drift-main016.mYxnxr/nm/evidence/01M445ME32DXNHDANAED5TJK7X/remote/resume-setup-014.log 2>&1
2026-10-04T19:39:22.275485+00:00 exit=0 output=resume-setup-014.log started=2026-10-04T19:39:22.258320+00:00
2026-10-04T19:39:22.275719+00:00 env /usr/bin/git -C /Users/charlesabrooker/tmp/fm-pi-render-drift-main016.mYxnxr/nm/worktrees/c6711555e1ec/01M445ME32DXNHDANAED5TJK7X/.live-validation/remote/project-alpha config user.name 'Disposable live validation' > /Users/charlesabrooker/tmp/fm-pi-render-drift-main016.mYxnxr/nm/evidence/01M445ME32DXNHDANAED5TJK7X/remote/resume-setup-015.log 2>&1
2026-10-04T19:39:22.287608+00:00 exit=0 output=resume-setup-015.log started=2026-10-04T19:39:22.275761+00:00
2026-10-04T19:39:22.287869+00:00 env /usr/bin/git -C /Users/charlesabrooker/tmp/fm-pi-render-drift-main016.mYxnxr/nm/worktrees/c6711555e1ec/01M445ME32DXNHDANAED5TJK7X/.live-validation/remote/project-alpha config user.email live-validation@example.invalid > /Users/charlesabrooker/tmp/fm-pi-render-drift-main016.mYxnxr/nm/evidence/01M445ME32DXNHDANAED5TJK7X/remote/resume-setup-016.log 2>&1
2026-10-04T19:39:22.299339+00:00 exit=0 output=resume-setup-016.log started=2026-10-04T19:39:22.287901+00:00
2026-10-04T19:39:22.299505+00:00 env /usr/bin/git -C /Users/charlesabrooker/tmp/fm-pi-render-drift-main016.mYxnxr/nm/worktrees/c6711555e1ec/01M445ME32DXNHDANAED5TJK7X/.live-validation/remote/project-alpha config maintenance.auto false > /Users/charlesabrooker/tmp/fm-pi-render-drift-main016.mYxnxr/nm/evidence/01M445ME32DXNHDANAED5TJK7X/remote/resume-setup-017.log 2>&1
2026-10-04T19:39:22.312090+00:00 exit=0 output=resume-setup-017.log started=2026-10-04T19:39:22.299530+00:00
2026-10-04T19:39:22.312253+00:00 env /usr/bin/git -C /Users/charlesabrooker/tmp/fm-pi-render-drift-main016.mYxnxr/nm/worktrees/c6711555e1ec/01M445ME32DXNHDANAED5TJK7X/.live-validation/remote/project-alpha config gc.auto 0 > /Users/charlesabrooker/tmp/fm-pi-render-drift-main016.mYxnxr/nm/evidence/01M445ME32DXNHDANAED5TJK7X/remote/resume-setup-018.log 2>&1
2026-10-04T19:39:22.325397+00:00 exit=0 output=resume-setup-018.log started=2026-10-04T19:39:22.312311+00:00
2026-10-04T19:39:22.325849+00:00 env /usr/bin/git -C /Users/charlesabrooker/tmp/fm-pi-render-drift-main016.mYxnxr/nm/worktrees/c6711555e1ec/01M445ME32DXNHDANAED5TJK7X/.live-validation/remote/project-alpha config pack.threads 1 > /Users/charlesabrooker/tmp/fm-pi-render-drift-main016.mYxnxr/nm/evidence/01M445ME32DXNHDANAED5TJK7X/remote/resume-setup-019.log 2>&1
2026-10-04T19:39:22.338164+00:00 exit=0 output=resume-setup-019.log started=2026-10-04T19:39:22.325926+00:00
2026-10-04T19:39:22.338466+00:00 env /usr/bin/git -C /Users/charlesabrooker/tmp/fm-pi-render-drift-main016.mYxnxr/nm/worktrees/c6711555e1ec/01M445ME32DXNHDANAED5TJK7X/.live-validation/remote/project-alpha add payload.txt > /Users/charlesabrooker/tmp/fm-pi-render-drift-main016.mYxnxr/nm/evidence/01M445ME32DXNHDANAED5TJK7X/remote/resume-setup-020.log 2>&1
2026-10-04T19:39:22.354661+00:00 exit=0 output=resume-setup-020.log started=2026-10-04T19:39:22.338492+00:00
2026-10-04T19:39:22.354852+00:00 env /usr/bin/git -C /Users/charlesabrooker/tmp/fm-pi-render-drift-main016.mYxnxr/nm/worktrees/c6711555e1ec/01M445ME32DXNHDANAED5TJK7X/.live-validation/remote/project-alpha commit -qm 'Disposable project origin' > /Users/charlesabrooker/tmp/fm-pi-render-drift-main016.mYxnxr/nm/evidence/01M445ME32DXNHDANAED5TJK7X/remote/resume-setup-021.log 2>&1
2026-10-04T19:39:22.373773+00:00 exit=0 output=resume-setup-021.log started=2026-10-04T19:39:22.354886+00:00
2026-10-04T19:39:22.373955+00:00 env /usr/bin/git clone --quiet --bare --no-local -- /Users/charlesabrooker/tmp/fm-pi-render-drift-main016.mYxnxr/nm/worktrees/c6711555e1ec/01M445ME32DXNHDANAED5TJK7X/.live-validation/remote/project-alpha /Users/charlesabrooker/tmp/fm-pi-render-drift-main016.mYxnxr/nm/worktrees/c6711555e1ec/01M445ME32DXNHDANAED5TJK7X/.live-validation/remote/origin-alpha.git > /Users/charlesabrooker/tmp/fm-pi-render-drift-main016.mYxnxr/nm/evidence/01M445ME32DXNHDANAED5TJK7X/remote/resume-setup-022.log 2>&1
2026-10-04T19:39:22.426375+00:00 exit=0 output=resume-setup-022.log started=2026-10-04T19:39:22.373984+00:00
2026-10-04T19:39:22.426617+00:00 env /usr/bin/git -C /Users/charlesabrooker/tmp/fm-pi-render-drift-main016.mYxnxr/nm/worktrees/c6711555e1ec/01M445ME32DXNHDANAED5TJK7X/.live-validation/remote/project-alpha rev-parse HEAD > /Users/charlesabrooker/tmp/fm-pi-render-drift-main016.mYxnxr/nm/evidence/01M445ME32DXNHDANAED5TJK7X/remote/resume-setup-023.log 2>&1
2026-10-04T19:39:22.438779+00:00 exit=0 output=resume-setup-023.log started=2026-10-04T19:39:22.426650+00:00
2026-10-04T19:39:22.439017+00:00 env /usr/bin/git -C /Users/charlesabrooker/tmp/fm-pi-render-drift-main016.mYxnxr/nm/worktrees/c6711555e1ec/01M445ME32DXNHDANAED5TJK7X/.live-validation/remote/project-beta init --quiet > /Users/charlesabrooker/tmp/fm-pi-render-drift-main016.mYxnxr/nm/evidence/01M445ME32DXNHDANAED5TJK7X/remote/resume-setup-024.log 2>&1
2026-10-04T19:39:22.457339+00:00 exit=0 output=resume-setup-024.log started=2026-10-04T19:39:22.439043+00:00
2026-10-04T19:39:22.457511+00:00 env /usr/bin/git -C /Users/charlesabrooker/tmp/fm-pi-render-drift-main016.mYxnxr/nm/worktrees/c6711555e1ec/01M445ME32DXNHDANAED5TJK7X/.live-validation/remote/project-beta config user.name 'Disposable live validation' > /Users/charlesabrooker/tmp/fm-pi-render-drift-main016.mYxnxr/nm/evidence/01M445ME32DXNHDANAED5TJK7X/remote/resume-setup-025.log 2>&1
2026-10-04T19:39:22.471064+00:00 exit=0 output=resume-setup-025.log started=2026-10-04T19:39:22.457560+00:00
2026-10-04T19:39:22.471225+00:00 env /usr/bin/git -C /Users/charlesabrooker/tmp/fm-pi-render-drift-main016.mYxnxr/nm/worktrees/c6711555e1ec/01M445ME32DXNHDANAED5TJK7X/.live-validation/remote/project-beta config user.email live-validation@example.invalid > /Users/charlesabrooker/tmp/fm-pi-render-drift-main016.mYxnxr/nm/evidence/01M445ME32DXNHDANAED5TJK7X/remote/resume-setup-026.log 2>&1
2026-10-04T19:39:22.482694+00:00 exit=0 output=resume-setup-026.log started=2026-10-04T19:39:22.471270+00:00
2026-10-04T19:39:22.482936+00:00 env /usr/bin/git -C /Users/charlesabrooker/tmp/fm-pi-render-drift-main016.mYxnxr/nm/worktrees/c6711555e1ec/01M445ME32DXNHDANAED5TJK7X/.live-validation/remote/project-beta config maintenance.auto false > /Users/charlesabrooker/tmp/fm-pi-render-drift-main016.mYxnxr/nm/evidence/01M445ME32DXNHDANAED5TJK7X/remote/resume-setup-027.log 2>&1
2026-10-04T19:39:22.495719+00:00 exit=0 output=resume-setup-027.log started=2026-10-04T19:39:22.482984+00:00
2026-10-04T19:39:22.495908+00:00 env /usr/bin/git -C /Users/charlesabrooker/tmp/fm-pi-render-drift-main016.mYxnxr/nm/worktrees/c6711555e1ec/01M445ME32DXNHDANAED5TJK7X/.live-validation/remote/project-beta config gc.auto 0 > /Users/charlesabrooker/tmp/fm-pi-render-drift-main016.mYxnxr/nm/evidence/01M445ME32DXNHDANAED5TJK7X/remote/resume-setup-028.log 2>&1
2026-10-04T19:39:22.507283+00:00 exit=0 output=resume-setup-028.log started=2026-10-04T19:39:22.495951+00:00
2026-10-04T19:39:22.507503+00:00 env /usr/bin/git -C /Users/charlesabrooker/tmp/fm-pi-render-drift-main016.mYxnxr/nm/worktrees/c6711555e1ec/01M445ME32DXNHDANAED5TJK7X/.live-validation/remote/project-beta config pack.threads 1 > /Users/charlesabrooker/tmp/fm-pi-render-drift-main016.mYxnxr/nm/evidence/01M445ME32DXNHDANAED5TJK7X/remote/resume-setup-029.log 2>&1
2026-10-04T19:39:22.519727+00:00 exit=0 output=resume-setup-029.log started=2026-10-04T19:39:22.507558+00:00
2026-10-04T19:39:22.520802+00:00 env /usr/bin/git -C /Users/charlesabrooker/tmp/fm-pi-render-drift-main016.mYxnxr/nm/worktrees/c6711555e1ec/01M445ME32DXNHDANAED5TJK7X/.live-validation/remote/project-beta add payload.txt > /Users/charlesabrooker/tmp/fm-pi-render-drift-main016.mYxnxr/nm/evidence/01M445ME32DXNHDANAED5TJK7X/remote/resume-setup-030.log 2>&1
2026-10-04T19:39:22.534293+00:00 exit=0 output=resume-setup-030.log started=2026-10-04T19:39:22.520840+00:00
2026-10-04T19:39:22.534492+00:00 env /usr/bin/git -C /Users/charlesabrooker/tmp/fm-pi-render-drift-main016.mYxnxr/nm/worktrees/c6711555e1ec/01M445ME32DXNHDANAED5TJK7X/.live-validation/remote/project-beta commit -qm 'Disposable project origin' > /Users/charlesabrooker/tmp/fm-pi-render-drift-main016.mYxnxr/nm/evidence/01M445ME32DXNHDANAED5TJK7X/remote/resume-setup-031.log 2>&1
2026-10-04T19:39:22.550404+00:00 exit=0 output=resume-setup-031.log started=2026-10-04T19:39:22.534522+00:00
2026-10-04T19:39:22.550606+00:00 env /usr/bin/git clone --quiet --bare --no-local -- /Users/charlesabrooker/tmp/fm-pi-render-drift-main016.mYxnxr/nm/worktrees/c6711555e1ec/01M445ME32DXNHDANAED5TJK7X/.live-validation/remote/project-beta /Users/charlesabrooker/tmp/fm-pi-render-drift-main016.mYxnxr/nm/worktrees/c6711555e1ec/01M445ME32DXNHDANAED5TJK7X/.live-validation/remote/origin-beta.git > /Users/charlesabrooker/tmp/fm-pi-render-drift-main016.mYxnxr/nm/evidence/01M445ME32DXNHDANAED5TJK7X/remote/resume-setup-032.log 2>&1
2026-10-04T19:39:22.599274+00:00 exit=0 output=resume-setup-032.log started=2026-10-04T19:39:22.550641+00:00
2026-10-04T19:39:22.599476+00:00 env /usr/bin/git -C /Users/charlesabrooker/tmp/fm-pi-render-drift-main016.mYxnxr/nm/worktrees/c6711555e1ec/01M445ME32DXNHDANAED5TJK7X/.live-validation/remote/project-beta rev-parse HEAD > /Users/charlesabrooker/tmp/fm-pi-render-drift-main016.mYxnxr/nm/evidence/01M445ME32DXNHDANAED5TJK7X/remote/resume-setup-033.log 2>&1
2026-10-04T19:39:22.610637+00:00 exit=0 output=resume-setup-033.log started=2026-10-04T19:39:22.599510+00:00
2026-10-04T19:39:22.610803+00:00 env /usr/bin/git clone --quiet --no-local -- /Users/charlesabrooker/tmp/fm-pi-render-drift-main016.mYxnxr/nm/worktrees/c6711555e1ec/01M445ME32DXNHDANAED5TJK7X/.live-validation/remote/source /Users/charlesabrooker/tmp/fm-pi-render-drift-main016.mYxnxr/nm/worktrees/c6711555e1ec/01M445ME32DXNHDANAED5TJK7X/.live-validation/remote/source-exact-repack > /Users/charlesabrooker/tmp/fm-pi-render-drift-main016.mYxnxr/nm/evidence/01M445ME32DXNHDANAED5TJK7X/remote/resume-setup-034.log 2>&1
2026-10-04T19:39:23.481804+00:00 exit=0 output=resume-setup-034.log started=2026-10-04T19:39:22.610860+00:00
2026-10-04T19:39:23.481991+00:00 env /usr/bin/git -C /Users/charlesabrooker/tmp/fm-pi-render-drift-main016.mYxnxr/nm/worktrees/c6711555e1ec/01M445ME32DXNHDANAED5TJK7X/.live-validation/remote/source-exact-repack config user.name 'Disposable live validation' > /Users/charlesabrooker/tmp/fm-pi-render-drift-main016.mYxnxr/nm/evidence/01M445ME32DXNHDANAED5TJK7X/remote/resume-setup-035.log 2>&1
2026-10-04T19:39:23.494461+00:00 exit=0 output=resume-setup-035.log started=2026-10-04T19:39:23.482013+00:00
2026-10-04T19:39:23.494619+00:00 env /usr/bin/git -C /Users/charlesabrooker/tmp/fm-pi-render-drift-main016.mYxnxr/nm/worktrees/c6711555e1ec/01M445ME32DXNHDANAED5TJK7X/.live-validation/remote/source-exact-repack config user.email live-validation@example.invalid > /Users/charlesabrooker/tmp/fm-pi-render-drift-main016.mYxnxr/nm/evidence/01M445ME32DXNHDANAED5TJK7X/remote/resume-setup-036.log 2>&1
2026-10-04T19:39:23.506844+00:00 exit=0 output=resume-setup-036.log started=2026-10-04T19:39:23.494641+00:00
2026-10-04T19:39:23.507017+00:00 env /usr/bin/git -C /Users/charlesabrooker/tmp/fm-pi-render-drift-main016.mYxnxr/nm/worktrees/c6711555e1ec/01M445ME32DXNHDANAED5TJK7X/.live-validation/remote/source-exact-repack config maintenance.auto false > /Users/charlesabrooker/tmp/fm-pi-render-drift-main016.mYxnxr/nm/evidence/01M445ME32DXNHDANAED5TJK7X/remote/resume-setup-037.log 2>&1
2026-10-04T19:39:23.518659+00:00 exit=0 output=resume-setup-037.log started=2026-10-04T19:39:23.507039+00:00
2026-10-04T19:39:23.518831+00:00 env /usr/bin/git -C /Users/charlesabrooker/tmp/fm-pi-render-drift-main016.mYxnxr/nm/worktrees/c6711555e1ec/01M445ME32DXNHDANAED5TJK7X/.live-validation/remote/source-exact-repack config gc.auto 0 > /Users/charlesabrooker/tmp/fm-pi-render-drift-main016.mYxnxr/nm/evidence/01M445ME32DXNHDANAED5TJK7X/remote/resume-setup-038.log 2>&1
2026-10-04T19:39:23.530379+00:00 exit=0 output=resume-setup-038.log started=2026-10-04T19:39:23.518860+00:00
2026-10-04T19:39:23.530540+00:00 env /usr/bin/git -C /Users/charlesabrooker/tmp/fm-pi-render-drift-main016.mYxnxr/nm/worktrees/c6711555e1ec/01M445ME32DXNHDANAED5TJK7X/.live-validation/remote/source-exact-repack config pack.threads 1 > /Users/charlesabrooker/tmp/fm-pi-render-drift-main016.mYxnxr/nm/evidence/01M445ME32DXNHDANAED5TJK7X/remote/resume-setup-039.log 2>&1
2026-10-04T19:39:23.541487+00:00 exit=0 output=resume-setup-039.log started=2026-10-04T19:39:23.530564+00:00
2026-10-04T19:39:23.542470+00:00 env /usr/bin/git -C /Users/charlesabrooker/tmp/fm-pi-render-drift-main016.mYxnxr/nm/worktrees/c6711555e1ec/01M445ME32DXNHDANAED5TJK7X/.live-validation/remote/source-exact-repack add repack-content.bin > /Users/charlesabrooker/tmp/fm-pi-render-drift-main016.mYxnxr/nm/evidence/01M445ME32DXNHDANAED5TJK7X/remote/resume-setup-040.log 2>&1
2026-10-04T19:39:23.663376+00:00 exit=0 output=resume-setup-040.log started=2026-10-04T19:39:23.542491+00:00
2026-10-04T19:39:23.663572+00:00 env /usr/bin/git -C /Users/charlesabrooker/tmp/fm-pi-render-drift-main016.mYxnxr/nm/worktrees/c6711555e1ec/01M445ME32DXNHDANAED5TJK7X/.live-validation/remote/source-exact-repack commit -qm 'Disposable loose-object repack fixture' > /Users/charlesabrooker/tmp/fm-pi-render-drift-main016.mYxnxr/nm/evidence/01M445ME32DXNHDANAED5TJK7X/remote/resume-setup-041.log 2>&1
2026-10-04T19:39:23.783366+00:00 exit=0 output=resume-setup-041.log started=2026-10-04T19:39:23.663595+00:00
2026-10-04T19:39:23.783660+00:00 env /usr/bin/git -C /Users/charlesabrooker/tmp/fm-pi-render-drift-main016.mYxnxr/nm/worktrees/c6711555e1ec/01M445ME32DXNHDANAED5TJK7X/.live-validation/remote/source-exact-repack rev-parse HEAD:repack-content.bin > /Users/charlesabrooker/tmp/fm-pi-render-drift-main016.mYxnxr/nm/evidence/01M445ME32DXNHDANAED5TJK7X/remote/resume-setup-042.log 2>&1
2026-10-04T19:39:23.800235+00:00 exit=0 output=resume-setup-042.log started=2026-10-04T19:39:23.783704+00:00
2026-10-04T19:39:23.800502+00:00 env /usr/bin/git clone --quiet --no-local -- /Users/charlesabrooker/tmp/fm-pi-render-drift-main016.mYxnxr/nm/worktrees/c6711555e1ec/01M445ME32DXNHDANAED5TJK7X/.live-validation/remote/source /Users/charlesabrooker/tmp/fm-pi-render-drift-main016.mYxnxr/nm/worktrees/c6711555e1ec/01M445ME32DXNHDANAED5TJK7X/.live-validation/remote/source-stress > /Users/charlesabrooker/tmp/fm-pi-render-drift-main016.mYxnxr/nm/evidence/01M445ME32DXNHDANAED5TJK7X/remote/resume-setup-043.log 2>&1
2026-10-04T19:39:24.667321+00:00 exit=0 output=resume-setup-043.log started=2026-10-04T19:39:23.800530+00:00
2026-10-04T19:39:24.667493+00:00 env /usr/bin/git -C /Users/charlesabrooker/tmp/fm-pi-render-drift-main016.mYxnxr/nm/worktrees/c6711555e1ec/01M445ME32DXNHDANAED5TJK7X/.live-validation/remote/source-stress config user.name 'Disposable live validation' > /Users/charlesabrooker/tmp/fm-pi-render-drift-main016.mYxnxr/nm/evidence/01M445ME32DXNHDANAED5TJK7X/remote/resume-setup-044.log 2>&1
2026-10-04T19:39:24.679777+00:00 exit=0 output=resume-setup-044.log started=2026-10-04T19:39:24.667516+00:00
2026-10-04T19:39:24.679945+00:00 env /usr/bin/git -C /Users/charlesabrooker/tmp/fm-pi-render-drift-main016.mYxnxr/nm/worktrees/c6711555e1ec/01M445ME32DXNHDANAED5TJK7X/.live-validation/remote/source-stress config user.email live-validation@example.invalid > /Users/charlesabrooker/tmp/fm-pi-render-drift-main016.mYxnxr/nm/evidence/01M445ME32DXNHDANAED5TJK7X/remote/resume-setup-045.log 2>&1
2026-10-04T19:39:24.691740+00:00 exit=0 output=resume-setup-045.log started=2026-10-04T19:39:24.679966+00:00
2026-10-04T19:39:24.691922+00:00 env /usr/bin/git -C /Users/charlesabrooker/tmp/fm-pi-render-drift-main016.mYxnxr/nm/worktrees/c6711555e1ec/01M445ME32DXNHDANAED5TJK7X/.live-validation/remote/source-stress config maintenance.auto false > /Users/charlesabrooker/tmp/fm-pi-render-drift-main016.mYxnxr/nm/evidence/01M445ME32DXNHDANAED5TJK7X/remote/resume-setup-046.log 2>&1
2026-10-04T19:39:24.703518+00:00 exit=0 output=resume-setup-046.log started=2026-10-04T19:39:24.691953+00:00
2026-10-04T19:39:24.703731+00:00 env /usr/bin/git -C /Users/charlesabrooker/tmp/fm-pi-render-drift-main016.mYxnxr/nm/worktrees/c6711555e1ec/01M445ME32DXNHDANAED5TJK7X/.live-validation/remote/source-stress config gc.auto 0 > /Users/charlesabrooker/tmp/fm-pi-render-drift-main016.mYxnxr/nm/evidence/01M445ME32DXNHDANAED5TJK7X/remote/resume-setup-047.log 2>&1
2026-10-04T19:39:24.715721+00:00 exit=0 output=resume-setup-047.log started=2026-10-04T19:39:24.703765+00:00
2026-10-04T19:39:24.715900+00:00 env /usr/bin/git -C /Users/charlesabrooker/tmp/fm-pi-render-drift-main016.mYxnxr/nm/worktrees/c6711555e1ec/01M445ME32DXNHDANAED5TJK7X/.live-validation/remote/source-stress config pack.threads 1 > /Users/charlesabrooker/tmp/fm-pi-render-drift-main016.mYxnxr/nm/evidence/01M445ME32DXNHDANAED5TJK7X/remote/resume-setup-048.log 2>&1
2026-10-04T19:39:24.728145+00:00 exit=0 output=resume-setup-048.log started=2026-10-04T19:39:24.715927+00:00
2026-10-04T19:39:24.807413+00:00 env /usr/bin/git -C /Users/charlesabrooker/tmp/fm-pi-render-drift-main016.mYxnxr/nm/worktrees/c6711555e1ec/01M445ME32DXNHDANAED5TJK7X/.live-validation/remote/source-stress add live-repack-payload > /Users/charlesabrooker/tmp/fm-pi-render-drift-main016.mYxnxr/nm/evidence/01M445ME32DXNHDANAED5TJK7X/remote/resume-setup-049.log 2>&1
2026-10-04T19:39:25.572877+00:00 exit=0 output=resume-setup-049.log started=2026-10-04T19:39:24.807577+00:00
2026-10-04T19:39:25.573076+00:00 env /usr/bin/git -C /Users/charlesabrooker/tmp/fm-pi-render-drift-main016.mYxnxr/nm/worktrees/c6711555e1ec/01M445ME32DXNHDANAED5TJK7X/.live-validation/remote/source-stress commit -qm 'Disposable concurrent transport and repack payload' > /Users/charlesabrooker/tmp/fm-pi-render-drift-main016.mYxnxr/nm/evidence/01M445ME32DXNHDANAED5TJK7X/remote/resume-setup-050.log 2>&1
2026-10-04T19:39:25.592148+00:00 exit=0 output=resume-setup-050.log started=2026-10-04T19:39:25.573105+00:00
2026-10-04T19:39:25.592384+00:00 env /usr/bin/git -C /Users/charlesabrooker/tmp/fm-pi-render-drift-main016.mYxnxr/nm/worktrees/c6711555e1ec/01M445ME32DXNHDANAED5TJK7X/.live-validation/remote/source-stress rev-parse HEAD > /Users/charlesabrooker/tmp/fm-pi-render-drift-main016.mYxnxr/nm/evidence/01M445ME32DXNHDANAED5TJK7X/remote/resume-setup-051.log 2>&1
2026-10-04T19:39:25.604886+00:00 exit=0 output=resume-setup-051.log started=2026-10-04T19:39:25.592416+00:00
2026-10-04T19:39:25.605075+00:00 env /usr/bin/git -C /Users/charlesabrooker/tmp/fm-pi-render-drift-main016.mYxnxr/nm/worktrees/c6711555e1ec/01M445ME32DXNHDANAED5TJK7X/.live-validation/remote/source-stress rev-parse HEAD:live-repack-payload/00.bin > /Users/charlesabrooker/tmp/fm-pi-render-drift-main016.mYxnxr/nm/evidence/01M445ME32DXNHDANAED5TJK7X/remote/resume-setup-052.log 2>&1
2026-10-04T19:39:25.617522+00:00 exit=0 output=resume-setup-052.log started=2026-10-04T19:39:25.605102+00:00
2026-10-04T19:39:25.620628+00:00 env FM_HOME=/Users/charlesabrooker/tmp/fm-pi-render-drift-main016.mYxnxr/nm/worktrees/c6711555e1ec/01M445ME32DXNHDANAED5TJK7X/.live-validation/remote/home-exact-repack FM_LIVE_COMMAND_LOG=/Users/charlesabrooker/tmp/fm-pi-render-drift-main016.mYxnxr/nm/evidence/01M445ME32DXNHDANAED5TJK7X/remote/exact-repack-native.instrument-commands.log FM_LIVE_DYLIB=/Users/charlesabrooker/tmp/fm-pi-render-drift-main016.mYxnxr/nm/worktrees/c6711555e1ec/01M445ME32DXNHDANAED5TJK7X/.live-validation/remote/instruments/repack-race.dylib FM_LIVE_REAL_GIT=/Users/charlesabrooker/tmp/fm-pi-render-drift-main016.mYxnxr/nm/worktrees/c6711555e1ec/01M445ME32DXNHDANAED5TJK7X/.live-validation/remote/instruments/git FM_LIVE_REPACK_MARKER=/Users/charlesabrooker/tmp/fm-pi-render-drift-main016.mYxnxr/nm/evidence/01M445ME32DXNHDANAED5TJK7X/remote/exact-repack-native.marker.log FM_LIVE_REPACK_OBJECT=/Users/charlesabrooker/tmp/fm-pi-render-drift-main016.mYxnxr/nm/worktrees/c6711555e1ec/01M445ME32DXNHDANAED5TJK7X/.live-validation/remote/source-exact-repack/.git/objects/40/92033b020d55618a724e079fa457b997184442 FM_LIVE_REPACK_ROOT=/Users/charlesabrooker/tmp/fm-pi-render-drift-main016.mYxnxr/nm/worktrees/c6711555e1ec/01M445ME32DXNHDANAED5TJK7X/.live-validation/remote/source-exact-repack FM_ROOT_OVERRIDE=/Users/charlesabrooker/tmp/fm-pi-render-drift-main016.mYxnxr/nm/worktrees/c6711555e1ec/01M445ME32DXNHDANAED5TJK7X/.live-validation/remote/source-exact-repack GIT_EXEC_PATH=/Users/charlesabrooker/tmp/fm-pi-render-drift-main016.mYxnxr/nm/worktrees/c6711555e1ec/01M445ME32DXNHDANAED5TJK7X/.live-validation/remote/bin GIT_TRACE2_EVENT=/Users/charlesabrooker/tmp/fm-pi-render-drift-main016.mYxnxr/nm/evidence/01M445ME32DXNHDANAED5TJK7X/remote/exact-repack-native.trace2.jsonl PATH=/Users/charlesabrooker/tmp/fm-pi-render-drift-main016.mYxnxr/nm/worktrees/c6711555e1ec/01M445ME32DXNHDANAED5TJK7X/.live-validation/remote/bin:/usr/bin:/bin:/usr/sbin:/sbin /Users/charlesabrooker/tmp/fm-pi-render-drift-main016.mYxnxr/nm/worktrees/c6711555e1ec/01M445ME32DXNHDANAED5TJK7X/bin/fm-remote-home-provision.sh < /Users/charlesabrooker/tmp/fm-pi-render-drift-main016.mYxnxr/nm/worktrees/c6711555e1ec/01M445ME32DXNHDANAED5TJK7X/.live-validation/remote/race.manifest > /Users/charlesabrooker/tmp/fm-pi-render-drift-main016.mYxnxr/nm/evidence/01M445ME32DXNHDANAED5TJK7X/remote/exact-repack-native.product.log 2>&1
2026-10-04T19:39:27.480892+00:00 env /usr/bin/git -C /Users/charlesabrooker/tmp/fm-pi-render-drift-main016.mYxnxr/nm/worktrees/c6711555e1ec/01M445ME32DXNHDANAED5TJK7X/.live-validation/remote/source-exact-repack rev-parse HEAD > /Users/charlesabrooker/tmp/fm-pi-render-drift-main016.mYxnxr/nm/evidence/01M445ME32DXNHDANAED5TJK7X/remote/resume-setup-053.log 2>&1
2026-10-04T19:39:27.497502+00:00 exit=0 output=resume-setup-053.log started=2026-10-04T19:39:27.480964+00:00
2026-10-04T19:39:27.498048+00:00 env /usr/bin/git -C /Users/charlesabrooker/tmp/fm-pi-render-drift-main016.mYxnxr/nm/worktrees/c6711555e1ec/01M445ME32DXNHDANAED5TJK7X/.live-validation/remote/home-exact-repack rev-parse HEAD > /Users/charlesabrooker/tmp/fm-pi-render-drift-main016.mYxnxr/nm/evidence/01M445ME32DXNHDANAED5TJK7X/remote/exact-repack-native.head.log 2>&1
2026-10-04T19:39:27.510591+00:00 exit=0 output=exact-repack-native.head.log started=2026-10-04T19:39:27.498136+00:00
2026-10-04T19:39:27.510799+00:00 env /usr/bin/git -C /Users/charlesabrooker/tmp/fm-pi-render-drift-main016.mYxnxr/nm/worktrees/c6711555e1ec/01M445ME32DXNHDANAED5TJK7X/.live-validation/remote/home-exact-repack rev-parse --show-toplevel > /Users/charlesabrooker/tmp/fm-pi-render-drift-main016.mYxnxr/nm/evidence/01M445ME32DXNHDANAED5TJK7X/remote/resume-setup-055.log 2>&1
2026-10-04T19:39:27.523592+00:00 exit=0 output=resume-setup-055.log started=2026-10-04T19:39:27.510844+00:00
2026-10-04T19:39:27.523794+00:00 env /usr/bin/git -C /Users/charlesabrooker/tmp/fm-pi-render-drift-main016.mYxnxr/nm/worktrees/c6711555e1ec/01M445ME32DXNHDANAED5TJK7X/.live-validation/remote/home-exact-repack fsck --full --no-progress > /Users/charlesabrooker/tmp/fm-pi-render-drift-main016.mYxnxr/nm/evidence/01M445ME32DXNHDANAED5TJK7X/remote/exact-repack-native.fsck.log 2>&1
2026-10-04T19:39:28.904788+00:00 exit=0 output=exact-repack-native.fsck.log started=2026-10-04T19:39:27.523829+00:00
2026-10-04T19:39:28.905045+00:00 env /usr/bin/git -C /Users/charlesabrooker/tmp/fm-pi-render-drift-main016.mYxnxr/nm/worktrees/c6711555e1ec/01M445ME32DXNHDANAED5TJK7X/.live-validation/remote/home-exact-repack diff --exit-code HEAD > /Users/charlesabrooker/tmp/fm-pi-render-drift-main016.mYxnxr/nm/evidence/01M445ME32DXNHDANAED5TJK7X/remote/exact-repack-native.tracked-diff.log 2>&1
2026-10-04T19:39:29.021038+00:00 exit=0 output=exact-repack-native.tracked-diff.log started=2026-10-04T19:39:28.905110+00:00
2026-10-04T19:39:29.021292+00:00 env /usr/bin/git -C /Users/charlesabrooker/tmp/fm-pi-render-drift-main016.mYxnxr/nm/worktrees/c6711555e1ec/01M445ME32DXNHDANAED5TJK7X/.live-validation/remote/source-exact-repack ls-files -z > /Users/charlesabrooker/tmp/fm-pi-render-drift-main016.mYxnxr/nm/evidence/01M445ME32DXNHDANAED5TJK7X/remote/resume-setup-058.log 2>&1
2026-10-04T19:39:29.034564+00:00 exit=0 output=resume-setup-058.log started=2026-10-04T19:39:29.021333+00:00
2026-10-04T19:39:29.119874+00:00 env FM_HOME=/Users/charlesabrooker/tmp/fm-pi-render-drift-main016.mYxnxr/nm/worktrees/c6711555e1ec/01M445ME32DXNHDANAED5TJK7X/.live-validation/remote/home-stress-1-1 FM_ROOT_OVERRIDE=/Users/charlesabrooker/tmp/fm-pi-render-drift-main016.mYxnxr/nm/worktrees/c6711555e1ec/01M445ME32DXNHDANAED5TJK7X/.live-validation/remote/source-stress GIT_TRACE2_EVENT=/Users/charlesabrooker/tmp/fm-pi-render-drift-main016.mYxnxr/nm/evidence/01M445ME32DXNHDANAED5TJK7X/remote/stress-1-1.trace2.jsonl /Users/charlesabrooker/tmp/fm-pi-render-drift-main016.mYxnxr/nm/worktrees/c6711555e1ec/01M445ME32DXNHDANAED5TJK7X/bin/fm-remote-home-provision.sh < /Users/charlesabrooker/tmp/fm-pi-render-drift-main016.mYxnxr/nm/worktrees/c6711555e1ec/01M445ME32DXNHDANAED5TJK7X/.live-validation/remote/race.manifest > /Users/charlesabrooker/tmp/fm-pi-render-drift-main016.mYxnxr/nm/evidence/01M445ME32DXNHDANAED5TJK7X/remote/stress-1-1.product.log 2>&1
2026-10-04T19:39:29.121926+00:00 env FM_HOME=/Users/charlesabrooker/tmp/fm-pi-render-drift-main016.mYxnxr/nm/worktrees/c6711555e1ec/01M445ME32DXNHDANAED5TJK7X/.live-validation/remote/home-stress-1-2 FM_ROOT_OVERRIDE=/Users/charlesabrooker/tmp/fm-pi-render-drift-main016.mYxnxr/nm/worktrees/c6711555e1ec/01M445ME32DXNHDANAED5TJK7X/.live-validation/remote/source-stress GIT_TRACE2_EVENT=/Users/charlesabrooker/tmp/fm-pi-render-drift-main016.mYxnxr/nm/evidence/01M445ME32DXNHDANAED5TJK7X/remote/stress-1-2.trace2.jsonl /Users/charlesabrooker/tmp/fm-pi-render-drift-main016.mYxnxr/nm/worktrees/c6711555e1ec/01M445ME32DXNHDANAED5TJK7X/bin/fm-remote-home-provision.sh < /Users/charlesabrooker/tmp/fm-pi-render-drift-main016.mYxnxr/nm/worktrees/c6711555e1ec/01M445ME32DXNHDANAED5TJK7X/.live-validation/remote/race.manifest > /Users/charlesabrooker/tmp/fm-pi-render-drift-main016.mYxnxr/nm/evidence/01M445ME32DXNHDANAED5TJK7X/remote/stress-1-2.product.log 2>&1
2026-10-04T19:39:29.321186+00:00 env /usr/bin/git -C /Users/charlesabrooker/tmp/fm-pi-render-drift-main016.mYxnxr/nm/worktrees/c6711555e1ec/01M445ME32DXNHDANAED5TJK7X/.live-validation/remote/source-stress repack -adf > /Users/charlesabrooker/tmp/fm-pi-render-drift-main016.mYxnxr/nm/evidence/01M445ME32DXNHDANAED5TJK7X/remote/stress-1.repack.log 2>&1
2026-10-04T19:39:36.773221+00:00 exit=0 output=stress-1.repack.log started=2026-10-04T19:39:29.321286+00:00
2026-10-04T19:39:36.773759+00:00 env /usr/bin/git -C /Users/charlesabrooker/tmp/fm-pi-render-drift-main016.mYxnxr/nm/worktrees/c6711555e1ec/01M445ME32DXNHDANAED5TJK7X/.live-validation/remote/source-stress cat-file -e 0044dfe0aa7e092cb75e68a2d2d3eb8de6e93c5b > /Users/charlesabrooker/tmp/fm-pi-render-drift-main016.mYxnxr/nm/evidence/01M445ME32DXNHDANAED5TJK7X/remote/stress-1.source-object-retained.log 2>&1
2026-10-04T19:39:36.787017+00:00 exit=0 output=stress-1.source-object-retained.log started=2026-10-04T19:39:36.773798+00:00
2026-10-04T19:39:36.787123+00:00 product=stress-1-1 exit=0 started=2026-10-04T19:39:29.121681+00:00
2026-10-04T19:39:36.787293+00:00 env /usr/bin/git -C /Users/charlesabrooker/tmp/fm-pi-render-drift-main016.mYxnxr/nm/worktrees/c6711555e1ec/01M445ME32DXNHDANAED5TJK7X/.live-validation/remote/home-stress-1-1 rev-parse HEAD > /Users/charlesabrooker/tmp/fm-pi-render-drift-main016.mYxnxr/nm/evidence/01M445ME32DXNHDANAED5TJK7X/remote/stress-1-1.head.log 2>&1
2026-10-04T19:39:36.800188+00:00 exit=0 output=stress-1-1.head.log started=2026-10-04T19:39:36.787322+00:00
2026-10-04T19:39:36.800394+00:00 env /usr/bin/git -C /Users/charlesabrooker/tmp/fm-pi-render-drift-main016.mYxnxr/nm/worktrees/c6711555e1ec/01M445ME32DXNHDANAED5TJK7X/.live-validation/remote/home-stress-1-1 rev-parse --show-toplevel > /Users/charlesabrooker/tmp/fm-pi-render-drift-main016.mYxnxr/nm/evidence/01M445ME32DXNHDANAED5TJK7X/remote/resume-setup-062.log 2>&1
2026-10-04T19:39:36.812686+00:00 exit=0 output=resume-setup-062.log started=2026-10-04T19:39:36.800419+00:00
2026-10-04T19:39:36.812849+00:00 env /usr/bin/git -C /Users/charlesabrooker/tmp/fm-pi-render-drift-main016.mYxnxr/nm/worktrees/c6711555e1ec/01M445ME32DXNHDANAED5TJK7X/.live-validation/remote/home-stress-1-1 fsck --full --no-progress > /Users/charlesabrooker/tmp/fm-pi-render-drift-main016.mYxnxr/nm/evidence/01M445ME32DXNHDANAED5TJK7X/remote/stress-1-1.fsck.log 2>&1
2026-10-04T19:39:38.301741+00:00 exit=0 output=stress-1-1.fsck.log started=2026-10-04T19:39:36.812867+00:00
2026-10-04T19:39:38.302003+00:00 env /usr/bin/git -C /Users/charlesabrooker/tmp/fm-pi-render-drift-main016.mYxnxr/nm/worktrees/c6711555e1ec/01M445ME32DXNHDANAED5TJK7X/.live-validation/remote/home-stress-1-1 diff --exit-code HEAD > /Users/charlesabrooker/tmp/fm-pi-render-drift-main016.mYxnxr/nm/evidence/01M445ME32DXNHDANAED5TJK7X/remote/stress-1-1.tracked-diff.log 2>&1
2026-10-04T19:39:38.369304+00:00 exit=0 output=stress-1-1.tracked-diff.log started=2026-10-04T19:39:38.302043+00:00
2026-10-04T19:39:38.369507+00:00 env /usr/bin/git -C /Users/charlesabrooker/tmp/fm-pi-render-drift-main016.mYxnxr/nm/worktrees/c6711555e1ec/01M445ME32DXNHDANAED5TJK7X/.live-validation/remote/source-stress ls-files -z > /Users/charlesabrooker/tmp/fm-pi-render-drift-main016.mYxnxr/nm/evidence/01M445ME32DXNHDANAED5TJK7X/remote/resume-setup-065.log 2>&1
2026-10-04T19:39:38.383380+00:00 exit=0 output=resume-setup-065.log started=2026-10-04T19:39:38.369533+00:00
2026-10-04T19:39:38.603591+00:00 product=stress-1-2 exit=0 started=2026-10-04T19:39:29.123512+00:00
2026-10-04T19:39:38.604251+00:00 env /usr/bin/git -C /Users/charlesabrooker/tmp/fm-pi-render-drift-main016.mYxnxr/nm/worktrees/c6711555e1ec/01M445ME32DXNHDANAED5TJK7X/.live-validation/remote/home-stress-1-2 rev-parse HEAD > /Users/charlesabrooker/tmp/fm-pi-render-drift-main016.mYxnxr/nm/evidence/01M445ME32DXNHDANAED5TJK7X/remote/stress-1-2.head.log 2>&1
2026-10-04T19:39:38.620615+00:00 exit=0 output=stress-1-2.head.log started=2026-10-04T19:39:38.604292+00:00
2026-10-04T19:39:38.620837+00:00 env /usr/bin/git -C /Users/charlesabrooker/tmp/fm-pi-render-drift-main016.mYxnxr/nm/worktrees/c6711555e1ec/01M445ME32DXNHDANAED5TJK7X/.live-validation/remote/home-stress-1-2 rev-parse --show-toplevel > /Users/charlesabrooker/tmp/fm-pi-render-drift-main016.mYxnxr/nm/evidence/01M445ME32DXNHDANAED5TJK7X/remote/resume-setup-067.log 2>&1
2026-10-04T19:39:38.645377+00:00 exit=0 output=resume-setup-067.log started=2026-10-04T19:39:38.620919+00:00
2026-10-04T19:39:38.645682+00:00 env /usr/bin/git -C /Users/charlesabrooker/tmp/fm-pi-render-drift-main016.mYxnxr/nm/worktrees/c6711555e1ec/01M445ME32DXNHDANAED5TJK7X/.live-validation/remote/home-stress-1-2 fsck --full --no-progress > /Users/charlesabrooker/tmp/fm-pi-render-drift-main016.mYxnxr/nm/evidence/01M445ME32DXNHDANAED5TJK7X/remote/stress-1-2.fsck.log 2>&1
2026-10-04T19:39:40.069192+00:00 exit=0 output=stress-1-2.fsck.log started=2026-10-04T19:39:38.645718+00:00
2026-10-04T19:39:40.069420+00:00 env /usr/bin/git -C /Users/charlesabrooker/tmp/fm-pi-render-drift-main016.mYxnxr/nm/worktrees/c6711555e1ec/01M445ME32DXNHDANAED5TJK7X/.live-validation/remote/home-stress-1-2 diff --exit-code HEAD > /Users/charlesabrooker/tmp/fm-pi-render-drift-main016.mYxnxr/nm/evidence/01M445ME32DXNHDANAED5TJK7X/remote/stress-1-2.tracked-diff.log 2>&1
2026-10-04T19:39:40.384476+00:00 exit=0 output=stress-1-2.tracked-diff.log started=2026-10-04T19:39:40.069452+00:00
2026-10-04T19:39:40.384664+00:00 env /usr/bin/git -C /Users/charlesabrooker/tmp/fm-pi-render-drift-main016.mYxnxr/nm/worktrees/c6711555e1ec/01M445ME32DXNHDANAED5TJK7X/.live-validation/remote/source-stress ls-files -z > /Users/charlesabrooker/tmp/fm-pi-render-drift-main016.mYxnxr/nm/evidence/01M445ME32DXNHDANAED5TJK7X/remote/resume-setup-070.log 2>&1
2026-10-04T19:39:40.398563+00:00 exit=0 output=resume-setup-070.log started=2026-10-04T19:39:40.384691+00:00
2026-10-04T19:39:40.516955+00:00 env FM_HOME=/Users/charlesabrooker/tmp/fm-pi-render-drift-main016.mYxnxr/nm/worktrees/c6711555e1ec/01M445ME32DXNHDANAED5TJK7X/.live-validation/remote/home-stress-2-1 FM_ROOT_OVERRIDE=/Users/charlesabrooker/tmp/fm-pi-render-drift-main016.mYxnxr/nm/worktrees/c6711555e1ec/01M445ME32DXNHDANAED5TJK7X/.live-validation/remote/source-stress GIT_TRACE2_EVENT=/Users/charlesabrooker/tmp/fm-pi-render-drift-main016.mYxnxr/nm/evidence/01M445ME32DXNHDANAED5TJK7X/remote/stress-2-1.trace2.jsonl /Users/charlesabrooker/tmp/fm-pi-render-drift-main016.mYxnxr/nm/worktrees/c6711555e1ec/01M445ME32DXNHDANAED5TJK7X/bin/fm-remote-home-provision.sh < /Users/charlesabrooker/tmp/fm-pi-render-drift-main016.mYxnxr/nm/worktrees/c6711555e1ec/01M445ME32DXNHDANAED5TJK7X/.live-validation/remote/race.manifest > /Users/charlesabrooker/tmp/fm-pi-render-drift-main016.mYxnxr/nm/evidence/01M445ME32DXNHDANAED5TJK7X/remote/stress-2-1.product.log 2>&1
2026-10-04T19:39:40.519366+00:00 env FM_HOME=/Users/charlesabrooker/tmp/fm-pi-render-drift-main016.mYxnxr/nm/worktrees/c6711555e1ec/01M445ME32DXNHDANAED5TJK7X/.live-validation/remote/home-stress-2-2 FM_ROOT_OVERRIDE=/Users/charlesabrooker/tmp/fm-pi-render-drift-main016.mYxnxr/nm/worktrees/c6711555e1ec/01M445ME32DXNHDANAED5TJK7X/.live-validation/remote/source-stress GIT_TRACE2_EVENT=/Users/charlesabrooker/tmp/fm-pi-render-drift-main016.mYxnxr/nm/evidence/01M445ME32DXNHDANAED5TJK7X/remote/stress-2-2.trace2.jsonl /Users/charlesabrooker/tmp/fm-pi-render-drift-main016.mYxnxr/nm/worktrees/c6711555e1ec/01M445ME32DXNHDANAED5TJK7X/bin/fm-remote-home-provision.sh < /Users/charlesabrooker/tmp/fm-pi-render-drift-main016.mYxnxr/nm/worktrees/c6711555e1ec/01M445ME32DXNHDANAED5TJK7X/.live-validation/remote/race.manifest > /Users/charlesabrooker/tmp/fm-pi-render-drift-main016.mYxnxr/nm/evidence/01M445ME32DXNHDANAED5TJK7X/remote/stress-2-2.product.log 2>&1
2026-10-04T19:39:40.727718+00:00 env /usr/bin/git -C /Users/charlesabrooker/tmp/fm-pi-render-drift-main016.mYxnxr/nm/worktrees/c6711555e1ec/01M445ME32DXNHDANAED5TJK7X/.live-validation/remote/source-stress repack -adf > /Users/charlesabrooker/tmp/fm-pi-render-drift-main016.mYxnxr/nm/evidence/01M445ME32DXNHDANAED5TJK7X/remote/stress-2.repack.log 2>&1
2026-10-04T19:39:46.098217+00:00 exit=0 output=stress-2.repack.log started=2026-10-04T19:39:40.727903+00:00
2026-10-04T19:39:46.098643+00:00 env /usr/bin/git -C /Users/charlesabrooker/tmp/fm-pi-render-drift-main016.mYxnxr/nm/worktrees/c6711555e1ec/01M445ME32DXNHDANAED5TJK7X/.live-validation/remote/source-stress cat-file -e 0044dfe0aa7e092cb75e68a2d2d3eb8de6e93c5b > /Users/charlesabrooker/tmp/fm-pi-render-drift-main016.mYxnxr/nm/evidence/01M445ME32DXNHDANAED5TJK7X/remote/stress-2.source-object-retained.log 2>&1
2026-10-04T19:39:46.112369+00:00 exit=0 output=stress-2.source-object-retained.log started=2026-10-04T19:39:46.098672+00:00
2026-10-04T19:39:46.112545+00:00 product=stress-2-1 exit=0 started=2026-10-04T19:39:40.519147+00:00
2026-10-04T19:39:46.112776+00:00 env /usr/bin/git -C /Users/charlesabrooker/tmp/fm-pi-render-drift-main016.mYxnxr/nm/worktrees/c6711555e1ec/01M445ME32DXNHDANAED5TJK7X/.live-validation/remote/home-stress-2-1 rev-parse HEAD > /Users/charlesabrooker/tmp/fm-pi-render-drift-main016.mYxnxr/nm/evidence/01M445ME32DXNHDANAED5TJK7X/remote/stress-2-1.head.log 2>&1
2026-10-04T19:39:46.124885+00:00 exit=0 output=stress-2-1.head.log started=2026-10-04T19:39:46.112802+00:00
2026-10-04T19:39:46.125083+00:00 env /usr/bin/git -C /Users/charlesabrooker/tmp/fm-pi-render-drift-main016.mYxnxr/nm/worktrees/c6711555e1ec/01M445ME32DXNHDANAED5TJK7X/.live-validation/remote/home-stress-2-1 rev-parse --show-toplevel > /Users/charlesabrooker/tmp/fm-pi-render-drift-main016.mYxnxr/nm/evidence/01M445ME32DXNHDANAED5TJK7X/remote/resume-setup-074.log 2>&1
2026-10-04T19:39:46.136967+00:00 exit=0 output=resume-setup-074.log started=2026-10-04T19:39:46.125113+00:00
2026-10-04T19:39:46.137159+00:00 env /usr/bin/git -C /Users/charlesabrooker/tmp/fm-pi-render-drift-main016.mYxnxr/nm/worktrees/c6711555e1ec/01M445ME32DXNHDANAED5TJK7X/.live-validation/remote/home-stress-2-1 fsck --full --no-progress > /Users/charlesabrooker/tmp/fm-pi-render-drift-main016.mYxnxr/nm/evidence/01M445ME32DXNHDANAED5TJK7X/remote/stress-2-1.fsck.log 2>&1
2026-10-04T19:39:47.363396+00:00 exit=0 output=stress-2-1.fsck.log started=2026-10-04T19:39:46.137186+00:00
2026-10-04T19:39:47.363629+00:00 env /usr/bin/git -C /Users/charlesabrooker/tmp/fm-pi-render-drift-main016.mYxnxr/nm/worktrees/c6711555e1ec/01M445ME32DXNHDANAED5TJK7X/.live-validation/remote/home-stress-2-1 diff --exit-code HEAD > /Users/charlesabrooker/tmp/fm-pi-render-drift-main016.mYxnxr/nm/evidence/01M445ME32DXNHDANAED5TJK7X/remote/stress-2-1.tracked-diff.log 2>&1
2026-10-04T19:39:47.581936+00:00 exit=0 output=stress-2-1.tracked-diff.log started=2026-10-04T19:39:47.363664+00:00
2026-10-04T19:39:47.582129+00:00 env /usr/bin/git -C /Users/charlesabrooker/tmp/fm-pi-render-drift-main016.mYxnxr/nm/worktrees/c6711555e1ec/01M445ME32DXNHDANAED5TJK7X/.live-validation/remote/source-stress ls-files -z > /Users/charlesabrooker/tmp/fm-pi-render-drift-main016.mYxnxr/nm/evidence/01M445ME32DXNHDANAED5TJK7X/remote/resume-setup-077.log 2>&1
2026-10-04T19:39:47.594447+00:00 exit=0 output=resume-setup-077.log started=2026-10-04T19:39:47.582154+00:00
2026-10-04T19:39:47.690492+00:00 product=stress-2-2 exit=0 started=2026-10-04T19:39:40.521807+00:00
2026-10-04T19:39:47.690642+00:00 env /usr/bin/git -C /Users/charlesabrooker/tmp/fm-pi-render-drift-main016.mYxnxr/nm/worktrees/c6711555e1ec/01M445ME32DXNHDANAED5TJK7X/.live-validation/remote/home-stress-2-2 rev-parse HEAD > /Users/charlesabrooker/tmp/fm-pi-render-drift-main016.mYxnxr/nm/evidence/01M445ME32DXNHDANAED5TJK7X/remote/stress-2-2.head.log 2>&1
2026-10-04T19:39:47.702715+00:00 exit=0 output=stress-2-2.head.log started=2026-10-04T19:39:47.690663+00:00
2026-10-04T19:39:47.702895+00:00 env /usr/bin/git -C /Users/charlesabrooker/tmp/fm-pi-render-drift-main016.mYxnxr/nm/worktrees/c6711555e1ec/01M445ME32DXNHDANAED5TJK7X/.live-validation/remote/home-stress-2-2 rev-parse --show-toplevel > /Users/charlesabrooker/tmp/fm-pi-render-drift-main016.mYxnxr/nm/evidence/01M445ME32DXNHDANAED5TJK7X/remote/resume-setup-079.log 2>&1
2026-10-04T19:39:47.714371+00:00 exit=0 output=resume-setup-079.log started=2026-10-04T19:39:47.702919+00:00
2026-10-04T19:39:47.714608+00:00 env /usr/bin/git -C /Users/charlesabrooker/tmp/fm-pi-render-drift-main016.mYxnxr/nm/worktrees/c6711555e1ec/01M445ME32DXNHDANAED5TJK7X/.live-validation/remote/home-stress-2-2 fsck --full --no-progress > /Users/charlesabrooker/tmp/fm-pi-render-drift-main016.mYxnxr/nm/evidence/01M445ME32DXNHDANAED5TJK7X/remote/stress-2-2.fsck.log 2>&1
2026-10-04T19:39:48.945121+00:00 exit=0 output=stress-2-2.fsck.log started=2026-10-04T19:39:47.714660+00:00
2026-10-04T19:39:48.945324+00:00 env /usr/bin/git -C /Users/charlesabrooker/tmp/fm-pi-render-drift-main016.mYxnxr/nm/worktrees/c6711555e1ec/01M445ME32DXNHDANAED5TJK7X/.live-validation/remote/home-stress-2-2 diff --exit-code HEAD > /Users/charlesabrooker/tmp/fm-pi-render-drift-main016.mYxnxr/nm/evidence/01M445ME32DXNHDANAED5TJK7X/remote/stress-2-2.tracked-diff.log 2>&1
2026-10-04T19:39:49.317274+00:00 exit=0 output=stress-2-2.tracked-diff.log started=2026-10-04T19:39:48.945353+00:00
2026-10-04T19:39:49.317459+00:00 env /usr/bin/git -C /Users/charlesabrooker/tmp/fm-pi-render-drift-main016.mYxnxr/nm/worktrees/c6711555e1ec/01M445ME32DXNHDANAED5TJK7X/.live-validation/remote/source-stress ls-files -z > /Users/charlesabrooker/tmp/fm-pi-render-drift-main016.mYxnxr/nm/evidence/01M445ME32DXNHDANAED5TJK7X/remote/resume-setup-082.log 2>&1
2026-10-04T19:39:49.329490+00:00 exit=0 output=resume-setup-082.log started=2026-10-04T19:39:49.317486+00:00
2026-10-04T19:39:49.436926+00:00 env FM_HOME=/Users/charlesabrooker/tmp/fm-pi-render-drift-main016.mYxnxr/nm/worktrees/c6711555e1ec/01M445ME32DXNHDANAED5TJK7X/.live-validation/remote/home-stress-3-1 FM_ROOT_OVERRIDE=/Users/charlesabrooker/tmp/fm-pi-render-drift-main016.mYxnxr/nm/worktrees/c6711555e1ec/01M445ME32DXNHDANAED5TJK7X/.live-validation/remote/source-stress GIT_TRACE2_EVENT=/Users/charlesabrooker/tmp/fm-pi-render-drift-main016.mYxnxr/nm/evidence/01M445ME32DXNHDANAED5TJK7X/remote/stress-3-1.trace2.jsonl /Users/charlesabrooker/tmp/fm-pi-render-drift-main016.mYxnxr/nm/worktrees/c6711555e1ec/01M445ME32DXNHDANAED5TJK7X/bin/fm-remote-home-provision.sh < /Users/charlesabrooker/tmp/fm-pi-render-drift-main016.mYxnxr/nm/worktrees/c6711555e1ec/01M445ME32DXNHDANAED5TJK7X/.live-validation/remote/race.manifest > /Users/charlesabrooker/tmp/fm-pi-render-drift-main016.mYxnxr/nm/evidence/01M445ME32DXNHDANAED5TJK7X/remote/stress-3-1.product.log 2>&1
2026-10-04T19:39:49.439180+00:00 env FM_HOME=/Users/charlesabrooker/tmp/fm-pi-render-drift-main016.mYxnxr/nm/worktrees/c6711555e1ec/01M445ME32DXNHDANAED5TJK7X/.live-validation/remote/home-stress-3-2 FM_ROOT_OVERRIDE=/Users/charlesabrooker/tmp/fm-pi-render-drift-main016.mYxnxr/nm/worktrees/c6711555e1ec/01M445ME32DXNHDANAED5TJK7X/.live-validation/remote/source-stress GIT_TRACE2_EVENT=/Users/charlesabrooker/tmp/fm-pi-render-drift-main016.mYxnxr/nm/evidence/01M445ME32DXNHDANAED5TJK7X/remote/stress-3-2.trace2.jsonl /Users/charlesabrooker/tmp/fm-pi-render-drift-main016.mYxnxr/nm/worktrees/c6711555e1ec/01M445ME32DXNHDANAED5TJK7X/bin/fm-remote-home-provision.sh < /Users/charlesabrooker/tmp/fm-pi-render-drift-main016.mYxnxr/nm/worktrees/c6711555e1ec/01M445ME32DXNHDANAED5TJK7X/.live-validation/remote/race.manifest > /Users/charlesabrooker/tmp/fm-pi-render-drift-main016.mYxnxr/nm/evidence/01M445ME32DXNHDANAED5TJK7X/remote/stress-3-2.product.log 2>&1
2026-10-04T19:39:49.679330+00:00 env /usr/bin/git -C /Users/charlesabrooker/tmp/fm-pi-render-drift-main016.mYxnxr/nm/worktrees/c6711555e1ec/01M445ME32DXNHDANAED5TJK7X/.live-validation/remote/source-stress repack -adf > /Users/charlesabrooker/tmp/fm-pi-render-drift-main016.mYxnxr/nm/evidence/01M445ME32DXNHDANAED5TJK7X/remote/stress-3.repack.log 2>&1
2026-10-04T19:39:55.290480+00:00 exit=0 output=stress-3.repack.log started=2026-10-04T19:39:49.679378+00:00
2026-10-04T19:39:55.291030+00:00 env /usr/bin/git -C /Users/charlesabrooker/tmp/fm-pi-render-drift-main016.mYxnxr/nm/worktrees/c6711555e1ec/01M445ME32DXNHDANAED5TJK7X/.live-validation/remote/source-stress cat-file -e 0044dfe0aa7e092cb75e68a2d2d3eb8de6e93c5b > /Users/charlesabrooker/tmp/fm-pi-render-drift-main016.mYxnxr/nm/evidence/01M445ME32DXNHDANAED5TJK7X/remote/stress-3.source-object-retained.log 2>&1
2026-10-04T19:39:55.311013+00:00 exit=0 output=stress-3.source-object-retained.log started=2026-10-04T19:39:55.291071+00:00
2026-10-04T19:39:55.311132+00:00 product=stress-3-1 exit=0 started=2026-10-04T19:39:49.438944+00:00
2026-10-04T19:39:55.311316+00:00 env /usr/bin/git -C /Users/charlesabrooker/tmp/fm-pi-render-drift-main016.mYxnxr/nm/worktrees/c6711555e1ec/01M445ME32DXNHDANAED5TJK7X/.live-validation/remote/home-stress-3-1 rev-parse HEAD > /Users/charlesabrooker/tmp/fm-pi-render-drift-main016.mYxnxr/nm/evidence/01M445ME32DXNHDANAED5TJK7X/remote/stress-3-1.head.log 2>&1
2026-10-04T19:39:55.327067+00:00 exit=0 output=stress-3-1.head.log started=2026-10-04T19:39:55.311376+00:00
2026-10-04T19:39:55.327627+00:00 env /usr/bin/git -C /Users/charlesabrooker/tmp/fm-pi-render-drift-main016.mYxnxr/nm/worktrees/c6711555e1ec/01M445ME32DXNHDANAED5TJK7X/.live-validation/remote/home-stress-3-1 rev-parse --show-toplevel > /Users/charlesabrooker/tmp/fm-pi-render-drift-main016.mYxnxr/nm/evidence/01M445ME32DXNHDANAED5TJK7X/remote/resume-setup-086.log 2>&1
2026-10-04T19:39:55.343448+00:00 exit=0 output=resume-setup-086.log started=2026-10-04T19:39:55.327756+00:00
2026-10-04T19:39:55.343637+00:00 env /usr/bin/git -C /Users/charlesabrooker/tmp/fm-pi-render-drift-main016.mYxnxr/nm/worktrees/c6711555e1ec/01M445ME32DXNHDANAED5TJK7X/.live-validation/remote/home-stress-3-1 fsck --full --no-progress > /Users/charlesabrooker/tmp/fm-pi-render-drift-main016.mYxnxr/nm/evidence/01M445ME32DXNHDANAED5TJK7X/remote/stress-3-1.fsck.log 2>&1
2026-10-04T19:39:56.780191+00:00 exit=0 output=stress-3-1.fsck.log started=2026-10-04T19:39:55.343661+00:00
2026-10-04T19:39:56.780391+00:00 env /usr/bin/git -C /Users/charlesabrooker/tmp/fm-pi-render-drift-main016.mYxnxr/nm/worktrees/c6711555e1ec/01M445ME32DXNHDANAED5TJK7X/.live-validation/remote/home-stress-3-1 diff --exit-code HEAD > /Users/charlesabrooker/tmp/fm-pi-render-drift-main016.mYxnxr/nm/evidence/01M445ME32DXNHDANAED5TJK7X/remote/stress-3-1.tracked-diff.log 2>&1
2026-10-04T19:39:57.158649+00:00 exit=0 output=stress-3-1.tracked-diff.log started=2026-10-04T19:39:56.780420+00:00
2026-10-04T19:39:57.158855+00:00 env /usr/bin/git -C /Users/charlesabrooker/tmp/fm-pi-render-drift-main016.mYxnxr/nm/worktrees/c6711555e1ec/01M445ME32DXNHDANAED5TJK7X/.live-validation/remote/source-stress ls-files -z > /Users/charlesabrooker/tmp/fm-pi-render-drift-main016.mYxnxr/nm/evidence/01M445ME32DXNHDANAED5TJK7X/remote/resume-setup-089.log 2>&1
2026-10-04T19:39:57.176810+00:00 exit=0 output=resume-setup-089.log started=2026-10-04T19:39:57.158880+00:00
2026-10-04T19:39:57.306113+00:00 product=stress-3-2 exit=0 started=2026-10-04T19:39:49.440817+00:00
2026-10-04T19:39:57.306286+00:00 env /usr/bin/git -C /Users/charlesabrooker/tmp/fm-pi-render-drift-main016.mYxnxr/nm/worktrees/c6711555e1ec/01M445ME32DXNHDANAED5TJK7X/.live-validation/remote/home-stress-3-2 rev-parse HEAD > /Users/charlesabrooker/tmp/fm-pi-render-drift-main016.mYxnxr/nm/evidence/01M445ME32DXNHDANAED5TJK7X/remote/stress-3-2.head.log 2>&1
2026-10-04T19:39:57.321305+00:00 exit=0 output=stress-3-2.head.log started=2026-10-04T19:39:57.306312+00:00
2026-10-04T19:39:57.321511+00:00 env /usr/bin/git -C /Users/charlesabrooker/tmp/fm-pi-render-drift-main016.mYxnxr/nm/worktrees/c6711555e1ec/01M445ME32DXNHDANAED5TJK7X/.live-validation/remote/home-stress-3-2 rev-parse --show-toplevel > /Users/charlesabrooker/tmp/fm-pi-render-drift-main016.mYxnxr/nm/evidence/01M445ME32DXNHDANAED5TJK7X/remote/resume-setup-091.log 2>&1
2026-10-04T19:39:57.336985+00:00 exit=0 output=resume-setup-091.log started=2026-10-04T19:39:57.321539+00:00
2026-10-04T19:39:57.337524+00:00 env /usr/bin/git -C /Users/charlesabrooker/tmp/fm-pi-render-drift-main016.mYxnxr/nm/worktrees/c6711555e1ec/01M445ME32DXNHDANAED5TJK7X/.live-validation/remote/home-stress-3-2 fsck --full --no-progress > /Users/charlesabrooker/tmp/fm-pi-render-drift-main016.mYxnxr/nm/evidence/01M445ME32DXNHDANAED5TJK7X/remote/stress-3-2.fsck.log 2>&1
2026-10-04T19:39:58.860598+00:00 exit=0 output=stress-3-2.fsck.log started=2026-10-04T19:39:57.337580+00:00
2026-10-04T19:39:58.860811+00:00 env /usr/bin/git -C /Users/charlesabrooker/tmp/fm-pi-render-drift-main016.mYxnxr/nm/worktrees/c6711555e1ec/01M445ME32DXNHDANAED5TJK7X/.live-validation/remote/home-stress-3-2 diff --exit-code HEAD > /Users/charlesabrooker/tmp/fm-pi-render-drift-main016.mYxnxr/nm/evidence/01M445ME32DXNHDANAED5TJK7X/remote/stress-3-2.tracked-diff.log 2>&1
2026-10-04T19:39:59.249106+00:00 exit=0 output=stress-3-2.tracked-diff.log started=2026-10-04T19:39:58.860843+00:00
2026-10-04T19:39:59.249307+00:00 env /usr/bin/git -C /Users/charlesabrooker/tmp/fm-pi-render-drift-main016.mYxnxr/nm/worktrees/c6711555e1ec/01M445ME32DXNHDANAED5TJK7X/.live-validation/remote/source-stress ls-files -z > /Users/charlesabrooker/tmp/fm-pi-render-drift-main016.mYxnxr/nm/evidence/01M445ME32DXNHDANAED5TJK7X/remote/resume-setup-094.log 2>&1
2026-10-04T19:39:59.272286+00:00 exit=0 output=resume-setup-094.log started=2026-10-04T19:39:59.249335+00:00
2026-10-04T19:39:59.438855+00:00 env FM_HOME=/Users/charlesabrooker/tmp/fm-pi-render-drift-main016.mYxnxr/nm/worktrees/c6711555e1ec/01M445ME32DXNHDANAED5TJK7X/.live-validation/remote/home-competing FM_LIVE_HOLD_MARKER=/Users/charlesabrooker/tmp/fm-pi-render-drift-main016.mYxnxr/nm/worktrees/c6711555e1ec/01M445ME32DXNHDANAED5TJK7X/.live-validation/remote/competing-clone.held FM_LIVE_HOLD_PARENT=/Users/charlesabrooker/tmp/fm-pi-render-drift-main016.mYxnxr/nm/worktrees/c6711555e1ec/01M445ME32DXNHDANAED5TJK7X/.live-validation/remote FM_LIVE_HOLD_RELEASE=/Users/charlesabrooker/tmp/fm-pi-render-drift-main016.mYxnxr/nm/worktrees/c6711555e1ec/01M445ME32DXNHDANAED5TJK7X/.live-validation/remote/competing-clone.release FM_ROOT_OVERRIDE=/Users/charlesabrooker/tmp/fm-pi-render-drift-main016.mYxnxr/nm/worktrees/c6711555e1ec/01M445ME32DXNHDANAED5TJK7X/.live-validation/remote/source-stress GIT_TRACE2_EVENT=/Users/charlesabrooker/tmp/fm-pi-render-drift-main016.mYxnxr/nm/evidence/01M445ME32DXNHDANAED5TJK7X/remote/competing-home.trace2.jsonl PATH=/Users/charlesabrooker/tmp/fm-pi-render-drift-main016.mYxnxr/nm/worktrees/c6711555e1ec/01M445ME32DXNHDANAED5TJK7X/.live-validation/remote/hold-bin:/usr/bin:/bin:/usr/sbin:/sbin /Users/charlesabrooker/tmp/fm-pi-render-drift-main016.mYxnxr/nm/worktrees/c6711555e1ec/01M445ME32DXNHDANAED5TJK7X/bin/fm-remote-home-provision.sh < /Users/charlesabrooker/tmp/fm-pi-render-drift-main016.mYxnxr/nm/worktrees/c6711555e1ec/01M445ME32DXNHDANAED5TJK7X/.live-validation/remote/competing.manifest > /Users/charlesabrooker/tmp/fm-pi-render-drift-main016.mYxnxr/nm/evidence/01M445ME32DXNHDANAED5TJK7X/remote/competing-home.product.log 2>&1
2026-10-04T19:39:59.929446+00:00 env /bin/ps -p 73271 -o pid=,stat=,command= > /Users/charlesabrooker/tmp/fm-pi-render-drift-main016.mYxnxr/nm/evidence/01M445ME32DXNHDANAED5TJK7X/remote/competing-home.stopped-real-clone.log 2>&1
2026-10-04T19:39:59.935993+00:00 exit=0 output=competing-home.stopped-real-clone.log started=2026-10-04T19:39:59.929510+00:00
2026-10-04T19:40:01.459602+00:00 product=competing-home exit=1 started=2026-10-04T19:39:59.445509+00:00
2026-10-04T19:40:01.460920+00:00 env FM_HOME=/Users/charlesabrooker/tmp/fm-pi-render-drift-main016.mYxnxr/nm/worktrees/c6711555e1ec/01M445ME32DXNHDANAED5TJK7X/.live-validation/remote/home-competing FM_ROOT_OVERRIDE=/Users/charlesabrooker/tmp/fm-pi-render-drift-main016.mYxnxr/nm/worktrees/c6711555e1ec/01M445ME32DXNHDANAED5TJK7X/.live-validation/remote/source GIT_TRACE2_EVENT=/Users/charlesabrooker/tmp/fm-pi-render-drift-main016.mYxnxr/nm/evidence/01M445ME32DXNHDANAED5TJK7X/remote/preexisting-home-refusal.trace2.jsonl /Users/charlesabrooker/tmp/fm-pi-render-drift-main016.mYxnxr/nm/worktrees/c6711555e1ec/01M445ME32DXNHDANAED5TJK7X/bin/fm-remote-home-provision.sh < /Users/charlesabrooker/tmp/fm-pi-render-drift-main016.mYxnxr/nm/worktrees/c6711555e1ec/01M445ME32DXNHDANAED5TJK7X/.live-validation/remote/competing.manifest > /Users/charlesabrooker/tmp/fm-pi-render-drift-main016.mYxnxr/nm/evidence/01M445ME32DXNHDANAED5TJK7X/remote/preexisting-home-refusal.product.log 2>&1
2026-10-04T19:40:01.720557+00:00 product=preexisting-home-refusal exit=1 started=2026-10-04T19:40:01.462567+00:00
