Lock acquisition surface:

                                            ████████████
                                               ██  ██       ▄▀▀▄ █▀▄▀▄ █▀▀▄
                                               ██  ██       ▀▄▄▀ █ █ █ █▄▄▀
                                               ▒▒  ██                  █
                                                   ██       v18.6.3

                                              Tip: Please use nerdfont 😭.

────────────────────────────────────────────────────────────────────────────────────────────────────────────────────────
 Update Available
 New version 18.7.0 is available. Run: omp update
────────────────────────────────────────────────────────────────────────────────────────────────────────────────────────


 Narrow owned-lab lifecycle proof: call bash exactly once with bin/fm-lock.sh, then reply LOCK_READY and nothing else.
 Do not perform any other command, file/config edit, pipeline action, tool call, or session launch. Any later automatic
 supervision messages in this disposable experiment should be acknowledged only, without tools or repairs.


╭──────────────────────────────────────────────────────────────────────────────────────────────────────────────────────╮
│ $ bin/fm-lock.sh                                                                                                     │
├─── Output ───────────────────────────────────────────────────────────────────────────────────────────────────────────┤
│ lock acquired: harness pid 77686                                                                                     │
│ ⟦Wall: 0.31s | Timeout: 300s⟧                                                                                        │
╰──────────────────────────────────────────────────────────────────────────────────────────────────────────────────────╯

 LOCK_READY

❯
 π · ◔ GPT-6.1-Sol 👁 · 🌳 32d18ed9638d/01M49WV9E5D3VX0R8RJYQFM4XF · ⑂ detached *1 ?1 · ◫ 7.1%/272K ⟲ · S0.04










Current-head generated handoff before replacement:
None
Actual replacement UI surface:

                                            ████████████
                                               ██  ██       ▄▀▀▄ █▀▄▀▄ █▀▀▄
                                               ██  ██       ▀▄▄▀ █ █ █ █▄▄▀
                                               ▒▒  ██                  █
                                                   ██       v18.6.3

                                              Tip: Please use nerdfont 😭.

 ✔ New session started

❯                                                                                           ⇧⇥ to change thinking effort
 π · ◔ GPT-6.1-Sol 👁 · 🌳 32d18ed9638d/01M49WV9E5D3VX0R8RJYQFM4XF · ⑂ detached *1 ?1 · ◫ 7.8%/272K ⟲ · (sub)




























Durable handoff exists after lifecycle: False
Ordinary watcher lock exists: False
Watcher beacon exists: False