ok - an overdue ledger row wakes firstmate and leaves a durable queue row
ok - an unchanged overdue set stays quiet and a new overdue row wakes again
watcher fixture: owned child 73843 wait returned status 143
watcher fixture output: /Users/charlesabrooker/tmp/fm-watch-open-loops-tests.ZcVRNF/ledger-clean/watch.out
watcher fixture output: /Users/charlesabrooker/tmp/fm-watch-open-loops-tests.ZcVRNF/ledger-clean/watch.out.err
ok - a ledger with no overdue rows is silent
ok - the watcher runs the reconciler detached and a partly blind ledger still wakes
watcher fixture: owned child 517 wait returned status 143
watcher fixture output: /Users/charlesabrooker/tmp/fm-watch-open-loops-tests.ZcVRNF/ledger-large-interval/watch.out
watcher fixture output: /Users/charlesabrooker/tmp/fm-watch-open-loops-tests.ZcVRNF/ledger-large-interval/watch.out.err
ok - a missing ledger collects with a large interval and its fresh publication stays throttled
ok - a ledger the reconciler stopped publishing is its own wake
watcher fixture: owned child 12868 wait returned status 1
watcher fixture output: /Users/charlesabrooker/tmp/fm-watch-open-loops-tests.ZcVRNF/ledger-retry-overdue-queue/watch.out
watcher fixture output: /Users/charlesabrooker/tmp/fm-watch-open-loops-tests.ZcVRNF/ledger-retry-overdue-queue/watch.out.err
/Users/charlesabrooker/.no-mistakes/worktrees/32d18ed9638d/01M4H9EXEEW72Q1NM69P6G6CPJ/bin/fm-wake-lib.sh: line 2199: /Users/charlesabrooker/tmp/fm-watch-open-loops-tests.ZcVRNF/ledger-retry-overdue-queue/state/.wake-queue: Is a directory
watcher fixture: owned child 29589 wait returned status 143
watcher fixture output: /Users/charlesabrooker/tmp/fm-watch-open-loops-tests.ZcVRNF/ledger-retry-overdue-queue/watch.out
watcher fixture output: /Users/charlesabrooker/tmp/fm-watch-open-loops-tests.ZcVRNF/ledger-retry-overdue-queue/watch.out.err
watcher fixture: owned child 40153 wait returned status 1
watcher fixture output: /Users/charlesabrooker/tmp/fm-watch-open-loops-tests.ZcVRNF/ledger-retry-overdue-sequence/watch.out
watcher fixture output: /Users/charlesabrooker/tmp/fm-watch-open-loops-tests.ZcVRNF/ledger-retry-overdue-sequence/watch.out.err
/Users/charlesabrooker/.no-mistakes/worktrees/32d18ed9638d/01M4H9EXEEW72Q1NM69P6G6CPJ/bin/fm-wake-lib.sh: line 2196: /Users/charlesabrooker/tmp/fm-watch-open-loops-tests.ZcVRNF/ledger-retry-overdue-sequence/state/.wake-queue.seq: Is a directory
watcher fixture: owned child 63920 wait returned status 143
watcher fixture output: /Users/charlesabrooker/tmp/fm-watch-open-loops-tests.ZcVRNF/ledger-retry-overdue-sequence/watch.out
watcher fixture output: /Users/charlesabrooker/tmp/fm-watch-open-loops-tests.ZcVRNF/ledger-retry-overdue-sequence/watch.out.err
watcher fixture: owned child 73303 wait returned status 1
watcher fixture output: /Users/charlesabrooker/tmp/fm-watch-open-loops-tests.ZcVRNF/ledger-retry-overdue-recovery/watch.out
watcher fixture output: /Users/charlesabrooker/tmp/fm-watch-open-loops-tests.ZcVRNF/ledger-retry-overdue-recovery/watch.out.err
watcher: recovery state could not be persisted; retaining stale lock evidence
watcher fixture: owned child 93050 wait returned status 143
watcher fixture output: /Users/charlesabrooker/tmp/fm-watch-open-loops-tests.ZcVRNF/ledger-retry-overdue-recovery/watch.out
watcher fixture output: /Users/charlesabrooker/tmp/fm-watch-open-loops-tests.ZcVRNF/ledger-retry-overdue-recovery/watch.out.err
watcher fixture: owned child 6779 wait returned status 1
watcher fixture output: /Users/charlesabrooker/tmp/fm-watch-open-loops-tests.ZcVRNF/ledger-retry-stale-queue/watch.out
watcher fixture output: /Users/charlesabrooker/tmp/fm-watch-open-loops-tests.ZcVRNF/ledger-retry-stale-queue/watch.out.err
/Users/charlesabrooker/.no-mistakes/worktrees/32d18ed9638d/01M4H9EXEEW72Q1NM69P6G6CPJ/bin/fm-wake-lib.sh: line 2199: /Users/charlesabrooker/tmp/fm-watch-open-loops-tests.ZcVRNF/ledger-retry-stale-queue/state/.wake-queue: Is a directory
watcher fixture: owned child 27392 wait returned status 143
watcher fixture output: /Users/charlesabrooker/tmp/fm-watch-open-loops-tests.ZcVRNF/ledger-retry-stale-queue/watch.out
watcher fixture output: /Users/charlesabrooker/tmp/fm-watch-open-loops-tests.ZcVRNF/ledger-retry-stale-queue/watch.out.err
watcher fixture: owned child 36151 wait returned status 1
watcher fixture output: /Users/charlesabrooker/tmp/fm-watch-open-loops-tests.ZcVRNF/ledger-retry-stale-sequence/watch.out
watcher fixture output: /Users/charlesabrooker/tmp/fm-watch-open-loops-tests.ZcVRNF/ledger-retry-stale-sequence/watch.out.err
/Users/charlesabrooker/.no-mistakes/worktrees/32d18ed9638d/01M4H9EXEEW72Q1NM69P6G6CPJ/bin/fm-wake-lib.sh: line 2196: /Users/charlesabrooker/tmp/fm-watch-open-loops-tests.ZcVRNF/ledger-retry-stale-sequence/state/.wake-queue.seq: Is a directory
watcher fixture: owned child 56958 wait returned status 143
watcher fixture output: /Users/charlesabrooker/tmp/fm-watch-open-loops-tests.ZcVRNF/ledger-retry-stale-sequence/watch.out
watcher fixture output: /Users/charlesabrooker/tmp/fm-watch-open-loops-tests.ZcVRNF/ledger-retry-stale-sequence/watch.out.err
watcher fixture: owned child 66355 wait returned status 1
watcher fixture output: /Users/charlesabrooker/tmp/fm-watch-open-loops-tests.ZcVRNF/ledger-retry-stale-recovery/watch.out
watcher fixture output: /Users/charlesabrooker/tmp/fm-watch-open-loops-tests.ZcVRNF/ledger-retry-stale-recovery/watch.out.err
watcher: recovery state could not be persisted; retaining stale lock evidence
watcher fixture: owned child 85743 wait returned status 143
watcher fixture output: /Users/charlesabrooker/tmp/fm-watch-open-loops-tests.ZcVRNF/ledger-retry-stale-recovery/watch.out
watcher fixture output: /Users/charlesabrooker/tmp/fm-watch-open-loops-tests.ZcVRNF/ledger-retry-stale-recovery/watch.out.err
watcher fixture: owned child 94884 wait returned status 1
watcher fixture output: /Users/charlesabrooker/tmp/fm-watch-open-loops-tests.ZcVRNF/ledger-retry-missing-queue/watch.out
watcher fixture output: /Users/charlesabrooker/tmp/fm-watch-open-loops-tests.ZcVRNF/ledger-retry-missing-queue/watch.out.err
/Users/charlesabrooker/.no-mistakes/worktrees/32d18ed9638d/01M4H9EXEEW72Q1NM69P6G6CPJ/bin/fm-wake-lib.sh: line 2199: /Users/charlesabrooker/tmp/fm-watch-open-loops-tests.ZcVRNF/ledger-retry-missing-queue/state/.wake-queue: Is a directory
watcher fixture: owned child 13088 wait returned status 143
watcher fixture output: /Users/charlesabrooker/tmp/fm-watch-open-loops-tests.ZcVRNF/ledger-retry-missing-queue/watch.out
watcher fixture output: /Users/charlesabrooker/tmp/fm-watch-open-loops-tests.ZcVRNF/ledger-retry-missing-queue/watch.out.err
watcher fixture: owned child 20909 wait returned status 1
watcher fixture output: /Users/charlesabrooker/tmp/fm-watch-open-loops-tests.ZcVRNF/ledger-retry-missing-sequence/watch.out
watcher fixture output: /Users/charlesabrooker/tmp/fm-watch-open-loops-tests.ZcVRNF/ledger-retry-missing-sequence/watch.out.err
/Users/charlesabrooker/.no-mistakes/worktrees/32d18ed9638d/01M4H9EXEEW72Q1NM69P6G6CPJ/bin/fm-wake-lib.sh: line 2196: /Users/charlesabrooker/tmp/fm-watch-open-loops-tests.ZcVRNF/ledger-retry-missing-sequence/state/.wake-queue.seq: Is a directory
watcher fixture: owned child 36509 wait returned status 143
watcher fixture output: /Users/charlesabrooker/tmp/fm-watch-open-loops-tests.ZcVRNF/ledger-retry-missing-sequence/watch.out
watcher fixture output: /Users/charlesabrooker/tmp/fm-watch-open-loops-tests.ZcVRNF/ledger-retry-missing-sequence/watch.out.err
watcher fixture: owned child 44802 wait returned status 1
watcher fixture output: /Users/charlesabrooker/tmp/fm-watch-open-loops-tests.ZcVRNF/ledger-retry-missing-recovery/watch.out
watcher fixture output: /Users/charlesabrooker/tmp/fm-watch-open-loops-tests.ZcVRNF/ledger-retry-missing-recovery/watch.out.err
watcher: recovery state could not be persisted; retaining stale lock evidence
watcher fixture: owned child 61947 wait returned status 143
watcher fixture output: /Users/charlesabrooker/tmp/fm-watch-open-loops-tests.ZcVRNF/ledger-retry-missing-recovery/watch.out
watcher fixture output: /Users/charlesabrooker/tmp/fm-watch-open-loops-tests.ZcVRNF/ledger-retry-missing-recovery/watch.out.err
ok - queue, sequence, and recovery publication failures retry identical overdue and stale ledgers without losing cooldown
ok - overdue and stale publication wait for their queue lock before committing cooldown
ok - a retained collector survives watcher exit, rejects overlapping restart scans, and publishes without starvation
tests/fm-watch-open-loops.test.sh: line 43: 24697 Terminated: 15          PATH="$fakebin:$PATH" FM_STATE_OVERRIDE="$state" FM_POLL=1 FM_SIGNAL_GRACE=1 FM_CHECK_INTERVAL=99999999 FM_HEARTBEAT=99999999 FM_HOME_SUMMARY_INTERVAL=99999999 FM_SECONDMATE_LIVENESS_SECS=99999999 env "$@" "$WATCH" > "$out" 2> "$out.err"
watcher fixture: owned child 24697 wait returned status 143
watcher fixture output: /Users/charlesabrooker/tmp/fm-watch-open-loops-tests.ZcVRNF/ledger-interval-0100/watch.out
watcher fixture output: /Users/charlesabrooker/tmp/fm-watch-open-loops-tests.ZcVRNF/ledger-interval-0100/watch.out.err
tests/fm-watch-open-loops.test.sh: line 43: 34116 Terminated: 15          PATH="$fakebin:$PATH" FM_STATE_OVERRIDE="$state" FM_POLL=1 FM_SIGNAL_GRACE=1 FM_CHECK_INTERVAL=99999999 FM_HEARTBEAT=99999999 FM_HOME_SUMMARY_INTERVAL=99999999 FM_SECONDMATE_LIVENESS_SECS=99999999 env "$@" "$WATCH" > "$out" 2> "$out.err"
watcher fixture: owned child 34116 wait returned status 143
watcher fixture output: /Users/charlesabrooker/tmp/fm-watch-open-loops-tests.ZcVRNF/ledger-interval-0/watch.out
watcher fixture output: /Users/charlesabrooker/tmp/fm-watch-open-loops-tests.ZcVRNF/ledger-interval-0/watch.out.err
tests/fm-watch-open-loops.test.sh: line 43: 42002 Terminated: 15          PATH="$fakebin:$PATH" FM_STATE_OVERRIDE="$state" FM_POLL=1 FM_SIGNAL_GRACE=1 FM_CHECK_INTERVAL=99999999 FM_HEARTBEAT=99999999 FM_HOME_SUMMARY_INTERVAL=99999999 FM_SECONDMATE_LIVENESS_SECS=99999999 env "$@" "$WATCH" > "$out" 2> "$out.err"
watcher fixture: owned child 42002 wait returned status 143
watcher fixture output: /Users/charlesabrooker/tmp/fm-watch-open-loops-tests.ZcVRNF/ledger-interval-00/watch.out
watcher fixture output: /Users/charlesabrooker/tmp/fm-watch-open-loops-tests.ZcVRNF/ledger-interval-00/watch.out.err
tests/fm-watch-open-loops.test.sh: line 43: 54759 Terminated: 15          PATH="$fakebin:$PATH" FM_STATE_OVERRIDE="$state" FM_POLL=1 FM_SIGNAL_GRACE=1 FM_CHECK_INTERVAL=99999999 FM_HEARTBEAT=99999999 FM_HOME_SUMMARY_INTERVAL=99999999 FM_SECONDMATE_LIVENESS_SECS=99999999 env "$@" "$WATCH" > "$out" 2> "$out.err"
watcher fixture: owned child 54759 wait returned status 143
watcher fixture output: /Users/charlesabrooker/tmp/fm-watch-open-loops-tests.ZcVRNF/ledger-interval-000/watch.out
watcher fixture output: /Users/charlesabrooker/tmp/fm-watch-open-loops-tests.ZcVRNF/ledger-interval-000/watch.out.err
tests/fm-watch-open-loops.test.sh: line 43: 68204 Terminated: 15          PATH="$fakebin:$PATH" FM_STATE_OVERRIDE="$state" FM_POLL=1 FM_SIGNAL_GRACE=1 FM_CHECK_INTERVAL=99999999 FM_HEARTBEAT=99999999 FM_HOME_SUMMARY_INTERVAL=99999999 FM_SECONDMATE_LIVENESS_SECS=99999999 env "$@" "$WATCH" > "$out" 2> "$out.err"
watcher fixture: owned child 68204 wait returned status 143
watcher fixture output: /Users/charlesabrooker/tmp/fm-watch-open-loops-tests.ZcVRNF/ledger-interval-invalid/watch.out
watcher fixture output: /Users/charlesabrooker/tmp/fm-watch-open-loops-tests.ZcVRNF/ledger-interval-invalid/watch.out.err
ok - leading-zero intervals use decimal refresh/stale thresholds and all zero spellings fall back
tests/fm-watch-open-loops.test.sh: line 43:  8989 Terminated: 15          PATH="$fakebin:$PATH" FM_STATE_OVERRIDE="$state" FM_POLL=1 FM_SIGNAL_GRACE=1 FM_CHECK_INTERVAL=99999999 FM_HEARTBEAT=99999999 FM_HOME_SUMMARY_INTERVAL=99999999 FM_SECONDMATE_LIVENESS_SECS=99999999 env "$@" "$WATCH" > "$out" 2> "$out.err"
watcher fixture: owned child 8989 wait returned status 143
watcher fixture output: /Users/charlesabrooker/tmp/fm-watch-open-loops-tests.ZcVRNF/ledger-resurface-overdue-0/watch.out
watcher fixture output: /Users/charlesabrooker/tmp/fm-watch-open-loops-tests.ZcVRNF/ledger-resurface-overdue-0/watch.out.err
tests/fm-watch-open-loops.test.sh: line 43: 26854 Terminated: 15          PATH="$fakebin:$PATH" FM_STATE_OVERRIDE="$state" FM_POLL=1 FM_SIGNAL_GRACE=1 FM_CHECK_INTERVAL=99999999 FM_HEARTBEAT=99999999 FM_HOME_SUMMARY_INTERVAL=99999999 FM_SECONDMATE_LIVENESS_SECS=99999999 env "$@" "$WATCH" > "$out" 2> "$out.err"
watcher fixture: owned child 26854 wait returned status 143
watcher fixture output: /Users/charlesabrooker/tmp/fm-watch-open-loops-tests.ZcVRNF/ledger-resurface-overdue-00/watch.out
watcher fixture output: /Users/charlesabrooker/tmp/fm-watch-open-loops-tests.ZcVRNF/ledger-resurface-overdue-00/watch.out.err
tests/fm-watch-open-loops.test.sh: line 43: 46180 Terminated: 15          PATH="$fakebin:$PATH" FM_STATE_OVERRIDE="$state" FM_POLL=1 FM_SIGNAL_GRACE=1 FM_CHECK_INTERVAL=99999999 FM_HEARTBEAT=99999999 FM_HOME_SUMMARY_INTERVAL=99999999 FM_SECONDMATE_LIVENESS_SECS=99999999 env "$@" "$WATCH" > "$out" 2> "$out.err"
watcher fixture: owned child 46180 wait returned status 143
watcher fixture output: /Users/charlesabrooker/tmp/fm-watch-open-loops-tests.ZcVRNF/ledger-resurface-overdue-000/watch.out
watcher fixture output: /Users/charlesabrooker/tmp/fm-watch-open-loops-tests.ZcVRNF/ledger-resurface-overdue-000/watch.out.err
tests/fm-watch-open-loops.test.sh: line 43: 66121 Terminated: 15          PATH="$fakebin:$PATH" FM_STATE_OVERRIDE="$state" FM_POLL=1 FM_SIGNAL_GRACE=1 FM_CHECK_INTERVAL=99999999 FM_HEARTBEAT=99999999 FM_HOME_SUMMARY_INTERVAL=99999999 FM_SECONDMATE_LIVENESS_SECS=99999999 env "$@" "$WATCH" > "$out" 2> "$out.err"
watcher fixture: owned child 66121 wait returned status 143
watcher fixture output: /Users/charlesabrooker/tmp/fm-watch-open-loops-tests.ZcVRNF/ledger-resurface-overdue-invalid/watch.out
watcher fixture output: /Users/charlesabrooker/tmp/fm-watch-open-loops-tests.ZcVRNF/ledger-resurface-overdue-invalid/watch.out.err
tests/fm-watch-open-loops.test.sh: line 43: 94799 Terminated: 15          PATH="$fakebin:$PATH" FM_STATE_OVERRIDE="$state" FM_POLL=1 FM_SIGNAL_GRACE=1 FM_CHECK_INTERVAL=99999999 FM_HEARTBEAT=99999999 FM_HOME_SUMMARY_INTERVAL=99999999 FM_SECONDMATE_LIVENESS_SECS=99999999 env "$@" "$WATCH" > "$out" 2> "$out.err"
watcher fixture: owned child 94799 wait returned status 143
watcher fixture output: /Users/charlesabrooker/tmp/fm-watch-open-loops-tests.ZcVRNF/ledger-resurface-stale-0/watch.out
watcher fixture output: /Users/charlesabrooker/tmp/fm-watch-open-loops-tests.ZcVRNF/ledger-resurface-stale-0/watch.out.err
tests/fm-watch-open-loops.test.sh: line 43: 13342 Terminated: 15          PATH="$fakebin:$PATH" FM_STATE_OVERRIDE="$state" FM_POLL=1 FM_SIGNAL_GRACE=1 FM_CHECK_INTERVAL=99999999 FM_HEARTBEAT=99999999 FM_HOME_SUMMARY_INTERVAL=99999999 FM_SECONDMATE_LIVENESS_SECS=99999999 env "$@" "$WATCH" > "$out" 2> "$out.err"
watcher fixture: owned child 13342 wait returned status 143
watcher fixture output: /Users/charlesabrooker/tmp/fm-watch-open-loops-tests.ZcVRNF/ledger-resurface-stale-00/watch.out
watcher fixture output: /Users/charlesabrooker/tmp/fm-watch-open-loops-tests.ZcVRNF/ledger-resurface-stale-00/watch.out.err
tests/fm-watch-open-loops.test.sh: line 43: 31144 Terminated: 15          PATH="$fakebin:$PATH" FM_STATE_OVERRIDE="$state" FM_POLL=1 FM_SIGNAL_GRACE=1 FM_CHECK_INTERVAL=99999999 FM_HEARTBEAT=99999999 FM_HOME_SUMMARY_INTERVAL=99999999 FM_SECONDMATE_LIVENESS_SECS=99999999 env "$@" "$WATCH" > "$out" 2> "$out.err"
watcher fixture: owned child 31144 wait returned status 143
watcher fixture output: /Users/charlesabrooker/tmp/fm-watch-open-loops-tests.ZcVRNF/ledger-resurface-stale-000/watch.out
watcher fixture output: /Users/charlesabrooker/tmp/fm-watch-open-loops-tests.ZcVRNF/ledger-resurface-stale-000/watch.out.err
tests/fm-watch-open-loops.test.sh: line 43: 51474 Terminated: 15          PATH="$fakebin:$PATH" FM_STATE_OVERRIDE="$state" FM_POLL=1 FM_SIGNAL_GRACE=1 FM_CHECK_INTERVAL=99999999 FM_HEARTBEAT=99999999 FM_HOME_SUMMARY_INTERVAL=99999999 FM_SECONDMATE_LIVENESS_SECS=99999999 env "$@" "$WATCH" > "$out" 2> "$out.err"
watcher fixture: owned child 51474 wait returned status 143
watcher fixture output: /Users/charlesabrooker/tmp/fm-watch-open-loops-tests.ZcVRNF/ledger-resurface-stale-invalid/watch.out
watcher fixture output: /Users/charlesabrooker/tmp/fm-watch-open-loops-tests.ZcVRNF/ledger-resurface-stale-invalid/watch.out.err
ok - both stale and overdue cooldowns use decimal resurface seconds and all zero spellings fall back
bin: /Users/charlesabrooker/tmp/fm-watch-open-loops-tests.ZcVRNF/ledger-recovery-aged/collector-bin/fm-open-loops.sh
description: Reconcile assigned work against live delivery evidence
complete: true
generated_epoch: 1791604086
rows[1]{category,subject,owner,next_action,age_seconds,overdue,evidence}:
  "missing_worker","recovery-obligation","firstmate","recover the assigned worker without discarding work",844919286,true,""
help: Run bin/fm-open-loops.sh --json for age limits and structured rows
bin: /Users/charlesabrooker/tmp/fm-watch-open-loops-tests.ZcVRNF/ledger-recovery-aged/collector-bin/fm-open-loops.sh
description: Reconcile assigned work against live delivery evidence
complete: true
generated_epoch: 1791604095
rows[1]{category,subject,owner,next_action,age_seconds,overdue,evidence}:
  "missing_worker","recovery-obligation","firstmate","recover the assigned worker without discarding work",844919295,true,""
help: Run bin/fm-open-loops.sh --json for age limits and structured rows
watcher fixture: owned child 85337 wait returned status 143
watcher fixture output: /Users/charlesabrooker/tmp/fm-watch-open-loops-tests.ZcVRNF/ledger-recovery-aged/watch.out
watcher fixture output: /Users/charlesabrooker/tmp/fm-watch-open-loops-tests.ZcVRNF/ledger-recovery-aged/watch.out.err
bin: /Users/charlesabrooker/tmp/fm-watch-open-loops-tests.ZcVRNF/ledger-recovery-missing/collector-bin/fm-open-loops.sh
description: Reconcile assigned work against live delivery evidence
complete: true
generated_epoch: 1791604104
rows[1]{category,subject,owner,next_action,age_seconds,overdue,evidence}:
  "missing_worker","recovery-obligation","firstmate","recover the assigned worker without discarding work",844919304,true,""
help: Run bin/fm-open-loops.sh --json for age limits and structured rows
bin: /Users/charlesabrooker/tmp/fm-watch-open-loops-tests.ZcVRNF/ledger-recovery-missing/collector-bin/fm-open-loops.sh
description: Reconcile assigned work against live delivery evidence
complete: true
generated_epoch: 1791604117
rows[1]{category,subject,owner,next_action,age_seconds,overdue,evidence}:
  "missing_worker","recovery-obligation","firstmate","recover the assigned worker without discarding work",844919317,true,""
help: Run bin/fm-open-loops.sh --json for age limits and structured rows
watcher fixture: owned child 32099 wait returned status 143
watcher fixture output: /Users/charlesabrooker/tmp/fm-watch-open-loops-tests.ZcVRNF/ledger-recovery-missing/watch.out
watcher fixture output: /Users/charlesabrooker/tmp/fm-watch-open-loops-tests.ZcVRNF/ledger-recovery-missing/watch.out.err
ok - real publication between stopped watchers rearms aged/missing stale incidents without resetting overdue cooldown
bin: /Users/charlesabrooker/tmp/fm-watch-open-loops-tests.ZcVRNF/ledger-blocked-recovery-aged/collector-bin/fm-open-loops.sh
description: Reconcile assigned work against live delivery evidence
complete: true
generated_epoch: 1791604126
rows[1]{category,subject,owner,next_action,age_seconds,overdue,evidence}:
  "missing_worker","blocked-recovery-obligation","firstmate","recover the assigned worker without discarding work",844919326,true,""
help: Run bin/fm-open-loops.sh --json for age limits and structured rows
bin: /Users/charlesabrooker/tmp/fm-watch-open-loops-tests.ZcVRNF/ledger-blocked-recovery-aged/collector-bin/fm-open-loops.sh
description: Reconcile assigned work against live delivery evidence
complete: true
generated_epoch: 1791604135
rows[1]{category,subject,owner,next_action,age_seconds,overdue,evidence}:
  "missing_worker","blocked-recovery-obligation","firstmate","recover the assigned worker without discarding work",844919335,true,""
help: Run bin/fm-open-loops.sh --json for age limits and structured rows
bin: /Users/charlesabrooker/tmp/fm-watch-open-loops-tests.ZcVRNF/ledger-blocked-recovery-missing/collector-bin/fm-open-loops.sh
description: Reconcile assigned work against live delivery evidence
complete: true
generated_epoch: 1791604144
rows[1]{category,subject,owner,next_action,age_seconds,overdue,evidence}:
  "missing_worker","blocked-recovery-obligation","firstmate","recover the assigned worker without discarding work",844919344,true,""
help: Run bin/fm-open-loops.sh --json for age limits and structured rows
bin: /Users/charlesabrooker/tmp/fm-watch-open-loops-tests.ZcVRNF/ledger-blocked-recovery-missing/collector-bin/fm-open-loops.sh
description: Reconcile assigned work against live delivery evidence
complete: true
generated_epoch: 1791604152
rows[1]{category,subject,owner,next_action,age_seconds,overdue,evidence}:
  "missing_worker","blocked-recovery-obligation","firstmate","recover the assigned worker without discarding work",844919352,true,""
help: Run bin/fm-open-loops.sh --json for age limits and structured rows
ok - fresh observation rearms aged/missing outages after real recovery races a blocked stale append
watcher fixture: owned child 57010 wait returned status 143
watcher fixture output: /Users/charlesabrooker/tmp/fm-watch-open-loops-tests.ZcVRNF/ledger-corrupt-recovery-1/watch.out
watcher fixture output: /Users/charlesabrooker/tmp/fm-watch-open-loops-tests.ZcVRNF/ledger-corrupt-recovery-1/watch.out.err
watcher fixture: owned child 365 wait returned status 143
watcher fixture output: /Users/charlesabrooker/tmp/fm-watch-open-loops-tests.ZcVRNF/ledger-corrupt-recovery-2/watch.out
watcher fixture output: /Users/charlesabrooker/tmp/fm-watch-open-loops-tests.ZcVRNF/ledger-corrupt-recovery-2/watch.out.err
watcher fixture: owned child 39450 wait returned status 143
watcher fixture output: /Users/charlesabrooker/tmp/fm-watch-open-loops-tests.ZcVRNF/ledger-corrupt-recovery-3/watch.out
watcher fixture output: /Users/charlesabrooker/tmp/fm-watch-open-loops-tests.ZcVRNF/ledger-corrupt-recovery-3/watch.out.err
watcher fixture: owned child 22393 wait returned status 143
watcher fixture output: /Users/charlesabrooker/tmp/fm-watch-open-loops-tests.ZcVRNF/ledger-corrupt-recovery-5/watch.out
watcher fixture output: /Users/charlesabrooker/tmp/fm-watch-open-loops-tests.ZcVRNF/ledger-corrupt-recovery-5/watch.out.err
watcher fixture: owned child 64895 wait returned status 143
watcher fixture output: /Users/charlesabrooker/tmp/fm-watch-open-loops-tests.ZcVRNF/ledger-corrupt-recovery-6/watch.out
watcher fixture output: /Users/charlesabrooker/tmp/fm-watch-open-loops-tests.ZcVRNF/ledger-corrupt-recovery-6/watch.out.err
watcher fixture: owned child 10239 wait returned status 143
watcher fixture output: /Users/charlesabrooker/tmp/fm-watch-open-loops-tests.ZcVRNF/ledger-corrupt-recovery-7/watch.out
watcher fixture output: /Users/charlesabrooker/tmp/fm-watch-open-loops-tests.ZcVRNF/ledger-corrupt-recovery-7/watch.out.err
watcher fixture: owned child 50954 wait returned status 143
watcher fixture output: /Users/charlesabrooker/tmp/fm-watch-open-loops-tests.ZcVRNF/ledger-corrupt-recovery-8/watch.out
watcher fixture output: /Users/charlesabrooker/tmp/fm-watch-open-loops-tests.ZcVRNF/ledger-corrupt-recovery-8/watch.out.err
watcher fixture: owned child 94086 wait returned status 143
watcher fixture output: /Users/charlesabrooker/tmp/fm-watch-open-loops-tests.ZcVRNF/ledger-corrupt-recovery-9/watch.out
watcher fixture output: /Users/charlesabrooker/tmp/fm-watch-open-loops-tests.ZcVRNF/ledger-corrupt-recovery-9/watch.out.err
watcher fixture: owned child 31390 wait returned status 143
watcher fixture output: /Users/charlesabrooker/tmp/fm-watch-open-loops-tests.ZcVRNF/ledger-corrupt-recovery-10/watch.out
watcher fixture output: /Users/charlesabrooker/tmp/fm-watch-open-loops-tests.ZcVRNF/ledger-corrupt-recovery-10/watch.out.err
watcher fixture: owned child 71001 wait returned status 143
watcher fixture output: /Users/charlesabrooker/tmp/fm-watch-open-loops-tests.ZcVRNF/ledger-corrupt-recovery-11/watch.out
watcher fixture output: /Users/charlesabrooker/tmp/fm-watch-open-loops-tests.ZcVRNF/ledger-corrupt-recovery-11/watch.out.err
watcher fixture: owned child 15860 wait returned status 143
watcher fixture output: /Users/charlesabrooker/tmp/fm-watch-open-loops-tests.ZcVRNF/ledger-corrupt-recovery-12/watch.out
watcher fixture output: /Users/charlesabrooker/tmp/fm-watch-open-loops-tests.ZcVRNF/ledger-corrupt-recovery-12/watch.out.err
ok - fresh corrupt ledgers preserve continuous-outage and overdue cooldowns while valid degraded reports rearm stale incidents
