ok - a note: answer buried under a later routine note: is surfaced with both lines
ok - already-presented note: lines are not re-surfaced on the next drain
ok - a brand-new note: after presentation is surfaced without replaying handled lines
ok - a queued status signal annotates every unread note, not only the newest
WAKE_ACK_REQUIRED: after handling completes run bin/fm-wake-drain.sh --ack-through 1 --recovery-generation 3353.1791605166.g9S1yV
WAKE_ACK_REQUIRED: after handling completes run bin/fm-wake-drain.sh --ack-through 1 --recovery-generation 3353.1791605166.g9S1yV
WAKE_ACK_REQUIRED: after handling completes run bin/fm-wake-drain.sh --ack-through 1 --recovery-generation 3353.1791605166.g9S1yV
ok - a pending-reply resolution buried under a later note surfaces once and closes OPEN DECISIONS
WAKE_ACK_REQUIRED: after handling completes run bin/fm-wake-drain.sh --ack-through 1 --recovery-generation 4636.1791605168.QWbk1G
WAKE_ACK_REQUIRED: after handling completes run bin/fm-wake-drain.sh --ack-through 2 --recovery-generation 4636.1791605168.QWbk1G
WAKE_ACK_REQUIRED: after handling completes run bin/fm-wake-drain.sh --ack-through 2 --recovery-generation 4636.1791605168.QWbk1G
WAKE_ACK_REQUIRED: after handling completes run bin/fm-wake-drain.sh --ack-through 2 --recovery-generation 4636.1791605168.QWbk1G
ok - a self-announced pending-reply close does not wake yet still surfaces once in UNREAD STATUS
ok - unread status over the former byte cap preserves every line
ok - presentation cursor advances only through its captured endpoint
ok - a reused task id starts its replacement status log unread at byte zero
ok - fallback identity still presents and advances status state
ok - snapshot failures are reported visibly
ok - failed or partial manifest reads abort all receipt consumers without replay or replacement
ok - manifest reader preserves empty, unterminated, multibyte and trailing-newline bytes
ok - OPEN DECISIONS still folds needs-decision/blocked independently of unread notes
WAKE_ACK_REQUIRED: after handling completes run bin/fm-wake-drain.sh --ack-through 1 --recovery-generation 13270.1791605185.9UTwZI
ok - an empty-queue backstop presentation still preserves the status for its later signal annotation
ok - routine working and branch-covered done lines print nothing on an empty-queue drain
ok - drain subshell entries stay flat as unread history grows and linear in cold/warm fleets (5/6 per task)
ok - stdout and in-process decision folds preserve legacy bytes and early returns
ok - keyed cold drains preserve exact open/cursor bytes with flat forks (87/87)
