$ python3 .nm-live-validation/runner-proof.py
$ FM_PROOF_MODE=killed /Users/charlesabrooker/.no-mistakes/worktrees/32d18ed9638d/01M4FAAZCMK3BCMX01ZYFMDD9D/.nm-live-validation/runner-proof/repo/bin/fm-test-run.sh --jobs 1 --per-script-timeout-secs 5 tests/fm-live-leak.test.sh tests/fm-live-observe.test.sh
FM_TEST_BEGIN 2026-10-09T09:55:07Z tests/fm-live-leak.test.sh family=unclassified expected_gate_skip=none
not ok - tests/fm-live-leak.test.sh exceeded the per-script bound of 5s and was terminated
FM_TEST_END 2026-10-09T09:55:28Z tests/fm-live-leak.test.sh exit=124 duration_ms=20786 gate_skip=false
FM_TEST_BEGIN 2026-10-09T09:55:28Z tests/fm-live-observe.test.sh family=unclassified expected_gate_skip=none
cat: /Users/charlesabrooker/.no-mistakes/worktrees/32d18ed9638d/01M4FAAZCMK3BCMX01ZYFMDD9D/.nm-live-validation/runner-proof/killed/pid: No such file or directory
Next script observes orphan pid= same_identity=true
FM_TEST_END 2026-10-09T09:55:40Z tests/fm-live-observe.test.sh exit=1 duration_ms=11544 gate_skip=false
FM_TEST_SUMMARY total=2 failed=2 skipped_gate=0 duration_ms=33941
FM_TEST_SUMMARY_FAMILY family=unclassified count=2 duration_ms=32330 failed=2
FM_TEST_SLOWEST rank=1 script=tests/fm-live-leak.test.sh duration_ms=20786
FM_TEST_SLOWEST rank=2 script=tests/fm-live-observe.test.sh duration_ms=11544
runner exit= 1
Traceback (most recent call last):
  File "/Users/charlesabrooker/.no-mistakes/worktrees/32d18ed9638d/01M4FAAZCMK3BCMX01ZYFMDD9D/.nm-live-validation/runner-proof.py", line 71, in <module>
    assert 'tests/fm-live-leak.test.sh exit='+expected in result.stdout
           ^^^^^^^^^^^^^^^^^^^^^^^^^^^^^^^^^^^^^^^^^^^^^^^^^^^^^^^^^^^^
AssertionError

exit=1 elapsed=39.76s
