FM_TEST_BEGIN 2026-10-06T17:24:04Z tests/fm-backend-herdr-recovery-lock-e2e.test.sh family=real-herdr-gated expected_gate_skip=herdr
tests/fm-backend-herdr-recovery-lock-e2e.test.sh: line 287: 23020 Terminated: 15          ( cd "$1" && exec python3 -c 'import os, pathlib, sys; pathlib.Path(sys.argv[1]).touch(); os.execlp("sleep", "sleep", "3600")' "$TEST_DIR/ready-${1##*/}" )
ok - offline executable inventory and reaper remove only generated owned processes before Herdr provisioning
# herdr 0.9.1 recovery custody lab
ok - cross-home recovery completes while unrelated allocation is held, preserving task custody, exact binding, generation and focus
ok - recovery and failed-setup abort cleanup complete beside a held fresh projection allocation, preserving exact custody and focus
ok - fresh-projection abort cleanup completes beside a teardown held in its worktree return, preserving exact custody and focus
tests/fm-backend-herdr-recovery-lock-e2e.test.sh: line 590: 51555 Terminated: 15          ( cd "$1" && exec python3 -c 'import os, pathlib, sys; pathlib.Path(sys.argv[1]).touch(); os.execlp("sleep", "sleep", "3600")' "$TEST_DIR/ready-${1##*/}" )
ok - recovery and fresh/reclaimed abort cleanup complete beside held actual owned conclude, with task/meta custody, session release and exact sibling focus
tests/fm-backend-herdr-recovery-lock-e2e.test.sh: line 590: 73792 Terminated: 15          ( cd "$1" && exec python3 -c 'import os, pathlib, sys; pathlib.Path(sys.argv[1]).touch(); os.execlp("sleep", "sleep", "3600")' "$TEST_DIR/ready-${1##*/}" )
ok - recovery and fresh/reclaimed abort cleanup complete beside held actual owned reap, with task/meta custody, session release and exact sibling focus
ok - recovery and fresh/reclaimed abort cleanup complete beside a held forced-secondmate recursive child return, preserving descendant task/meta custody and exact sibling focus
ok - owned conclude refuses exact replaced generation before endpoint, journal, worktree or record mutation
ok - conclude pre-mutation refusal survives actual startup; admitted deferred close replays only its exact generation
ok - owned reap refuses exact replaced generation before endpoint, journal, worktree or record mutation
ok - reap pre-mutation refusal survives actual startup; admitted deferred retain replays only its exact generation
FM_TEST_END 2026-10-06T17:45:08Z tests/fm-backend-herdr-recovery-lock-e2e.test.sh exit=0 duration_ms=1263940 gate_skip=false
FM_TEST_SUMMARY total=1 failed=0 skipped_gate=0 duration_ms=1264786
FM_TEST_SUMMARY_FAMILY family=real-herdr-gated count=1 duration_ms=1263940 failed=0
FM_TEST_SLOWEST rank=1 script=tests/fm-backend-herdr-recovery-lock-e2e.test.sh duration_ms=1263940
fm-test-run: wrote timing artifact: /Users/charlesabrooker/.no-mistakes/evidence/01M4913S80MMVKXMFCGGWAHF0M/targeted-timing.json
