2026-10-09T06:32:21.959Z pid=70466 instance=1 event=generation-create generation=1 cause=factory-bind
2026-10-09T06:32:21.959Z pid=70466 instance=1 event=generation-activate generation=1 cause=factory-bind
2026-10-09T06:32:21.959Z pid=70466 instance=1 event=factory-bind generation=1
2026-10-09T06:32:21.962Z pid=70466 instance=2 event=generation-create generation=1 cause=factory-bind
2026-10-09T06:32:21.962Z pid=70466 instance=2 event=generation-activate generation=1 cause=factory-bind
2026-10-09T06:32:21.963Z pid=70466 instance=2 event=factory-bind generation=1 superseded=1
2026-10-09T06:32:21.963Z pid=70466 instance=1 event=instance-retired generation=1 by=2
2026-10-09T06:32:21.964Z pid=70466 instance=1 event=generation-stop generation=1 cause=factory-retire
2026-10-09T06:32:23.135Z pid=70466 instance=1 event=session_start-ignored reason=superseded-instance
2026-10-09T06:32:23.135Z pid=70466 instance=2 event=session_start generation=1 stopping=false
2026-10-09T06:32:23.135Z pid=70466 instance=2 event=generation-activate generation=1 cause=session_start
2026-10-09T06:35:02.944Z pid=70466 instance=2 event=session_shutdown generation=1
2026-10-09T06:35:03.983Z pid=70466 instance=2 event=bound-expired waiter=omp-watch-extension waited-on=shutdown-arm-close bound=1000ms actual=1038ms
2026-10-09T06:35:03.999Z pid=70466 instance=2 event=generation-stop generation=1
2026-10-09T06:35:19.005Z pid=70466 instance=2 event=bound-expired waiter=omp-watch-extension waited-on=session_start bound=15000ms actual=15005ms outcome=self-heal
2026-10-09T06:35:19.005Z pid=70466 instance=2 event=generation-create generation=2 cause=self-heal
2026-10-09T06:35:19.005Z pid=70466 instance=2 event=generation-activate generation=2 cause=self-heal
2026-10-09T06:35:19.017Z pid=70466 instance=2 event=self-heal generation=2 ok=true
2026-10-09T06:37:12.229Z pid=70466 instance=2 event=session_shutdown generation=2
2026-10-09T06:37:13.232Z pid=70466 instance=2 event=bound-expired waiter=omp-watch-extension waited-on=shutdown-arm-close bound=1000ms actual=1002ms
2026-10-09T06:37:13.232Z pid=70466 instance=2 event=generation-stop generation=2
2026-10-09T06:37:28.233Z pid=70466 instance=2 event=bound-expired waiter=omp-watch-extension waited-on=session_start bound=15000ms actual=15001ms outcome=self-heal
2026-10-09T06:37:28.233Z pid=70466 instance=2 event=generation-create generation=3 cause=self-heal
2026-10-09T06:37:28.233Z pid=70466 instance=2 event=generation-activate generation=3 cause=self-heal
2026-10-09T06:37:28.243Z pid=70466 instance=2 event=self-heal generation=3 ok=true
2026-10-09T06:38:08.960Z pid=70466 instance=2 event=session_shutdown generation=3
2026-10-09T06:38:09.963Z pid=70466 instance=2 event=bound-expired waiter=omp-watch-extension waited-on=shutdown-arm-close bound=1000ms actual=1002ms
2026-10-09T06:38:09.963Z pid=70466 instance=2 event=generation-stop generation=3
2026-10-09T06:38:09.963Z pid=70466 instance=2 event=session_start generation=3 stopping=true
2026-10-09T06:38:09.963Z pid=70466 instance=2 event=generation-create generation=4 cause=session_start
2026-10-09T06:38:09.964Z pid=70466 instance=2 event=generation-activate generation=4 cause=session_start
