$ /Users/charlesabrooker/.no-mistakes/worktrees/32d18ed9638d/01M4EYEG29XG0DSEEVYT1NKMJR/bin/fm-lab-home.sh create /Users/charlesabrooker/.no-mistakes/evidence/01M4EYEG29XG0DSEEVYT1NKMJR/fm-lab.e7o_ahqt
/Users/charlesabrooker/.no-mistakes/evidence/01M4EYEG29XG0DSEEVYT1NKMJR/fm-lab.e7o_ahqt
[exit 0]

$ /Users/charlesabrooker/.no-mistakes/worktrees/32d18ed9638d/01M4EYEG29XG0DSEEVYT1NKMJR/bin/fm-lab-home.sh tmux-dir /Users/charlesabrooker/.no-mistakes/evidence/01M4EYEG29XG0DSEEVYT1NKMJR/fm-lab.e7o_ahqt
/tmp/fml.yxNEte
[exit 0]

$ git init -q -b main /Users/charlesabrooker/.no-mistakes/worktrees/32d18ed9638d/01M4EYEG29XG0DSEEVYT1NKMJR/.docker-live-validation-2wjqk63l/refusal-and-retry
[exit 0]

$ git -c user.name=LiveTest -c user.email=live@example.invalid commit -q --allow-empty -m 'disposable baseline'
[exit 0]

$ treehouse get --lease --no-fetch
A new version of treehouse is available: v2.3.1-fm.e58947de → v3.1.2
Run "treehouse update" to update

🌳 Setting up worktree...
🌳 Leased worktree at /Users/charlesabrooker/.no-mistakes/worktrees/32d18ed9638d/01M4EYEG29XG0DSEEVYT1NKMJR/.docker-live-validation-2wjqk63l/trees/.treehouse/refusal-and-retry-559919/1/refusal-and-retry. Run 'treehouse return /Users/charlesabrooker/.no-mistakes/worktrees/32d18ed9638d/01M4EYEG29XG0DSEEVYT1NKMJR/.docker-live-validation-2wjqk63l/trees/.treehouse/refusal-and-retry-559919/1/refusal-and-retry' to release it.
/Users/charlesabrooker/.no-mistakes/worktrees/32d18ed9638d/01M4EYEG29XG0DSEEVYT1NKMJR/.docker-live-validation-2wjqk63l/trees/.treehouse/refusal-and-retry-559919/1/refusal-and-retry
[exit 0]

$ git checkout -q -b fm/fmlive77846x1791532366-refusal-and-retry
[exit 0]

$ tmux -L fm-lab new-session -d -s validation -n control -x 120 -y 35 -c /Users/charlesabrooker/.no-mistakes/worktrees/32d18ed9638d/01M4EYEG29XG0DSEEVYT1NKMJR 'sleep 1800'
[exit 0]

$ tmux -L fm-lab new-window -d -t validation -n fm-fmlive77846x1791532366-refusal-and-retry -c /Users/charlesabrooker/.no-mistakes/worktrees/32d18ed9638d/01M4EYEG29XG0DSEEVYT1NKMJR/.docker-live-validation-2wjqk63l/trees/.treehouse/refusal-and-retry-559919/1/refusal-and-retry 'sleep 1800'
[exit 0]

$ docker network create --subnet 198.19.97.0/24 --label fm.test=fmlive77846x1791532366 --label com.docker.compose.project=fmlive77846x1791532366-retry-project fmlive77846x1791532366-retry-net
23002decc654a5f4421aec1248faca3d9753ad54ce21d1aa1af4f8d510b94a1b
[exit 0]

$ docker volume create --label fm.test=fmlive77846x1791532366 --label fm.task=fmlive77846x1791532366-refusal-and-retry fmlive77846x1791532366-retry-vol
fmlive77846x1791532366-retry-vol
[exit 0]

$ docker create --name fmlive77846x1791532366-retry-own --label fm.test=fmlive77846x1791532366 --label com.docker.compose.project=fmlive77846x1791532366-retry-project --label com.docker.compose.project.working_dir=/Users/charlesabrooker/.no-mistakes/worktrees/32d18ed9638d/01M4EYEG29XG0DSEEVYT1NKMJR/.docker-live-validation-2wjqk63l/trees/.treehouse/refusal-and-retry-559919/1/refusal-and-retry --network fmlive77846x1791532366-retry-net postgres:17-alpine true
e8388f0732a7d8a606a4fa2c0ad689fd1f71171fcdf57a33603dfa67414c21b3
[exit 0]

$ docker run -d --name fmlive77846x1791532366-retry-foreign-holder --label fm.test=fmlive77846x1791532366 --label fm.task=fmlive77846x1791532366-refusal-and-retry-foreign --network fmlive77846x1791532366-retry-net -v fmlive77846x1791532366-retry-vol:/foreign-use postgres:17-alpine sh -c 'trap "exit 0" TERM; while :; do sleep 1; done'
150d8c37a3bc4b588d78ef0c866eaf060a1345e6fddf57a5cd2f0ec775d1f688
[exit 0]

=== before refusal attempts ===

$ docker ps -a --filter label=fm.test=fmlive77846x1791532366 --format '{{.Names}} | {{.Status}} | {{.Label "fm.task"}} | {{.Label "com.docker.compose.project"}}'
fmlive77846x1791532366-retry-foreign-holder | Up 1 second | fmlive77846x1791532366-refusal-and-retry-foreign | 
fmlive77846x1791532366-retry-own | Created |  | fmlive77846x1791532366-retry-project
[exit 0]

$ docker network ls --filter label=fm.test=fmlive77846x1791532366 --format '{{.Name}} | {{.Label "fm.task"}} | {{.Label "com.docker.compose.project"}}'
fmlive77846x1791532366-retry-net |  | fmlive77846x1791532366-retry-project
[exit 0]

$ docker volume ls --filter label=fm.test=fmlive77846x1791532366 --format '{{.Name}} | {{.Label "fm.task"}}'
fmlive77846x1791532366-retry-vol | fmlive77846x1791532366-refusal-and-retry
[exit 0]

$ /Users/charlesabrooker/.no-mistakes/worktrees/32d18ed9638d/01M4EYEG29XG0DSEEVYT1NKMJR/.docker-live-validation-2wjqk63l/runtime/bin/fm-teardown.sh fmlive77846x1791532366-refusal-and-retry --force --drop-file /Users/charlesabrooker/.no-mistakes/worktrees/32d18ed9638d/01M4EYEG29XG0DSEEVYT1NKMJR/.docker-live-validation-2wjqk63l/drop-authorization.txt
fm-gate-refuse: gate agent lifecycle permitted only against lab home /Users/charlesabrooker/.no-mistakes/evidence/01M4EYEG29XG0DSEEVYT1NKMJR/fm-lab.e7o_ahqt
●━━━━━━━━━━━━━━━━━━━━━━━━━━━━━━━━━━━━━━━━━━━━━━━━━━━━━━━━━━━━━━━━━━━━━━━
●  WATCHER DOWN - SUPERVISION IS OFF
●  1 task(s) in flight, but no live watcher process holds this home lock (last beat: 12s ago).
●  Trust the emitted supervision protocol for this harness; do not use shell & for watcher repair.
●  This is a supervision warning only; the guarded operation WILL still run.
●  repair a missing or failed watcher cycle with the omp tool fm_watch_arm_omp, or restart omp inside this home so /Users/charlesabrooker/.no-mistakes/worktrees/32d18ed9638d/01M4EYEG29XG0DSEEVYT1NKMJR/.docker-live-validation-2wjqk63l/runtime/.omp/extensions/fm-primary-turnend-guard.ts and /Users/charlesabrooker/.no-mistakes/worktrees/32d18ed9638d/01M4EYEG29XG0DSEEVYT1NKMJR/.docker-live-validation-2wjqk63l/runtime/.omp/extensions/fm-primary-omp-watch.ts auto-load from .omp/extensions/ (use -e with both paths only when starting omp from another directory).
●━━━━━━━━━━━━━━━━━━━━━━━━━━━━━━━━━━━━━━━━━━━━━━━━━━━━━━━━━━━━━━━━━━━━━━━
teardown: reaping leaked worktree process(es) for fmlive77846x1791532366-refusal-and-retry: 26167
warning: Docker could not be listed for fmlive77846x1791532366-refusal-and-retry, so its Docker stacks were not cleaned up; with Docker running, list its own with: docker ps -a --filter label=fm.task=fmlive77846x1791532366-refusal-and-retry
error: stopping this cleanup without removing the task's records, so the Docker objects still named for fmlive77846x1791532366-refusal-and-retry can be reconciled and a rerun can retry.
[exit 1]

$ docker ps -a --filter label=fm.test=fmlive77846x1791532366 --format '{{.Names}}'
fmlive77846x1791532366-retry-foreign-holder
fmlive77846x1791532366-retry-own
[exit 0]

$ treehouse status
A new version of treehouse is available: v2.3.1-fm.e58947de → v3.1.2
Run "treehouse update" to update

base  main  (repository default)
1     leased       /Users/charlesabrooker/.no-mistakes/worktrees/32d18ed9638d/01M4EYEG29XG0DSEEVYT1NKMJR/.docker-live-validation-2wjqk63l/trees/.treehouse/refusal-and-retry-559919/1/refusal-and-retry  [fm/fmlive77846x1791532366-refusal-and-retry]
[exit 0]

Unreachable-daemon refusal verified: task identity/status retained, worktree remains leased and owned container untouched even under --force.

$ /Users/charlesabrooker/.no-mistakes/worktrees/32d18ed9638d/01M4EYEG29XG0DSEEVYT1NKMJR/.docker-live-validation-2wjqk63l/runtime/bin/fm-teardown.sh fmlive77846x1791532366-refusal-and-retry --force --drop-file /Users/charlesabrooker/.no-mistakes/worktrees/32d18ed9638d/01M4EYEG29XG0DSEEVYT1NKMJR/.docker-live-validation-2wjqk63l/drop-authorization.txt
fm-gate-refuse: gate agent lifecycle permitted only against lab home /Users/charlesabrooker/.no-mistakes/evidence/01M4EYEG29XG0DSEEVYT1NKMJR/fm-lab.e7o_ahqt
WARNING: watcher still down (same stale episode; last beat: 65s ago, grace 300s) - full banner already printed this episode.
teardown: removing Docker container(s) owned by fmlive77846x1791532366-refusal-and-retry: fmlive77846x1791532366-retry-own(path)
warning: Docker network fmlive77846x1791532366-retry-net owned by fmlive77846x1791532366-refusal-and-retry could not be removed
error: stopping this cleanup without removing the task's records, so the Docker objects still named for fmlive77846x1791532366-refusal-and-retry can be reconciled and a rerun can retry.
[exit 1]

$ docker ps -a --filter label=fm.test=fmlive77846x1791532366 --format '{{.Names}}'
fmlive77846x1791532366-retry-foreign-holder
[exit 0]

$ docker ps -a --filter label=fm.test=fmlive77846x1791532366 --format '{{.Names}}'
fmlive77846x1791532366-retry-foreign-holder
[exit 0]

$ docker network ls --filter label=fm.test=fmlive77846x1791532366 --format '{{.Name}}'
fmlive77846x1791532366-retry-net
[exit 0]

$ docker volume ls --filter label=fm.test=fmlive77846x1791532366 --format '{{.Name}}'
fmlive77846x1791532366-retry-vol
[exit 0]

Retained public task metadata after partial container cleanup:
window=validation:fm-fmlive77846x1791532366-refusal-and-retry
endpoint_task_id=fmlive77846x1791532366-refusal-and-retry
kind=ship
mode=local-only
backend=tmux
worktree=/Users/charlesabrooker/.no-mistakes/worktrees/32d18ed9638d/01M4EYEG29XG0DSEEVYT1NKMJR/.docker-live-validation-2wjqk63l/trees/.treehouse/refusal-and-retry-559919/1/refusal-and-retry
project=/Users/charlesabrooker/.no-mistakes/worktrees/32d18ed9638d/01M4EYEG29XG0DSEEVYT1NKMJR/.docker-live-validation-2wjqk63l/refusal-and-retry
spawn_gen=fmlive77846x1791532366
docker_projects= fmlive77846x1791532366-retry-project

$ docker network disconnect fmlive77846x1791532366-retry-net fmlive77846x1791532366-retry-foreign-holder
[exit 0]

$ /Users/charlesabrooker/.no-mistakes/worktrees/32d18ed9638d/01M4EYEG29XG0DSEEVYT1NKMJR/.docker-live-validation-2wjqk63l/runtime/bin/fm-teardown.sh fmlive77846x1791532366-refusal-and-retry --force --drop-file /Users/charlesabrooker/.no-mistakes/worktrees/32d18ed9638d/01M4EYEG29XG0DSEEVYT1NKMJR/.docker-live-validation-2wjqk63l/drop-authorization.txt
fm-gate-refuse: gate agent lifecycle permitted only against lab home /Users/charlesabrooker/.no-mistakes/evidence/01M4EYEG29XG0DSEEVYT1NKMJR/fm-lab.e7o_ahqt
WARNING: watcher still down (same stale episode; last beat: 104s ago, grace 300s) - full banner already printed this episode.
teardown: removed Docker network fmlive77846x1791532366-retry-net owned by fmlive77846x1791532366-refusal-and-retry
warning: Docker volume fmlive77846x1791532366-retry-vol is labelled for fmlive77846x1791532366-refusal-and-retry but could not be removed (in use?); remove it by hand with: docker volume rm fmlive77846x1791532366-retry-vol
error: stopping this cleanup without removing the task's records, so the Docker objects still named for fmlive77846x1791532366-refusal-and-retry can be reconciled and a rerun can retry.
[exit 1]

$ docker network ls --filter label=fm.test=fmlive77846x1791532366 --format '{{.Name}}'
[exit 0]

$ docker volume ls --filter label=fm.test=fmlive77846x1791532366 --format '{{.Name}}'
fmlive77846x1791532366-retry-vol
[exit 0]

$ docker ps -a --filter label=fm.test=fmlive77846x1791532366 --format '{{.Names}}'
fmlive77846x1791532366-retry-foreign-holder
[exit 0]

$ treehouse status
A new version of treehouse is available: v2.3.1-fm.e58947de → v3.1.2
Run "treehouse update" to update

base  main  (repository default)
1     leased       /Users/charlesabrooker/.no-mistakes/worktrees/32d18ed9638d/01M4EYEG29XG0DSEEVYT1NKMJR/.docker-live-validation-2wjqk63l/trees/.treehouse/refusal-and-retry-559919/1/refusal-and-retry  [fm/fmlive77846x1791532366-refusal-and-retry]
[exit 0]

=== partial cleanup refuses: foreign volume user survives and retry identity remains ===

$ docker ps -a --filter label=fm.test=fmlive77846x1791532366 --format '{{.Names}} | {{.Status}} | {{.Label "fm.task"}} | {{.Label "com.docker.compose.project"}}'
fmlive77846x1791532366-retry-foreign-holder | Up 2 minutes | fmlive77846x1791532366-refusal-and-retry-foreign | 
[exit 0]

$ docker network ls --filter label=fm.test=fmlive77846x1791532366 --format '{{.Name}} | {{.Label "fm.task"}} | {{.Label "com.docker.compose.project"}}'
[exit 0]

$ docker volume ls --filter label=fm.test=fmlive77846x1791532366 --format '{{.Name}} | {{.Label "fm.task"}}'
fmlive77846x1791532366-retry-vol | fmlive77846x1791532366-refusal-and-retry
[exit 0]

$ docker rm -f -v fmlive77846x1791532366-retry-foreign-holder
fmlive77846x1791532366-retry-foreign-holder
[exit 0]

$ /Users/charlesabrooker/.no-mistakes/worktrees/32d18ed9638d/01M4EYEG29XG0DSEEVYT1NKMJR/.docker-live-validation-2wjqk63l/runtime/bin/fm-teardown.sh fmlive77846x1791532366-refusal-and-retry --force --drop-file /Users/charlesabrooker/.no-mistakes/worktrees/32d18ed9638d/01M4EYEG29XG0DSEEVYT1NKMJR/.docker-live-validation-2wjqk63l/drop-authorization.txt
fm-gate-refuse: gate agent lifecycle permitted only against lab home /Users/charlesabrooker/.no-mistakes/evidence/01M4EYEG29XG0DSEEVYT1NKMJR/fm-lab.e7o_ahqt
WARNING: watcher still down (same stale episode; last beat: 128s ago, grace 300s) - full banner already printed this episode.
teardown: removed Docker volume fmlive77846x1791532366-retry-vol owned by fmlive77846x1791532366-refusal-and-retry
A new version of treehouse is available: v2.3.1-fm.e58947de → v3.1.2
Run "treehouse update" to update

🌳 Worktree returned to pool.
teardown fmlive77846x1791532366-refusal-and-retry complete (window validation:fm-fmlive77846x1791532366-refusal-and-retry, worktree /Users/charlesabrooker/.no-mistakes/worktrees/32d18ed9638d/01M4EYEG29XG0DSEEVYT1NKMJR/.docker-live-validation-2wjqk63l/trees/.treehouse/refusal-and-retry-559919/1/refusal-and-retry)
Backlog: fmlive77846x1791532366-refusal-and-retry just finished (this home keeps no markdown backlog at /Users/charlesabrooker/.no-mistakes/evidence/01M4EYEG29XG0DSEEVYT1NKMJR/fm-lab.e7o_ahqt/data/backlog.md). Update /Users/charlesabrooker/.no-mistakes/evidence/01M4EYEG29XG0DSEEVYT1NKMJR/fm-lab.e7o_ahqt/data/backlog.md - move fmlive77846x1791532366-refusal-and-retry to Done, keep Done to the 10 most recent, then re-scan Queued and dispatch only work whose blockers are gone and date is due.
[exit 0]

$ docker volume ls --filter label=fm.test=fmlive77846x1791532366 --format '{{.Name}}'
[exit 0]

$ docker network ls --filter label=fm.test=fmlive77846x1791532366 --format '{{.Name}}'
[exit 0]

$ docker ps -a --filter label=fm.test=fmlive77846x1791532366 --format '{{.Names}}'
[exit 0]

$ treehouse status
A new version of treehouse is available: v2.3.1-fm.e58947de → v3.1.2
Run "treehouse update" to update

base  main  (repository default)
1     available    /Users/charlesabrooker/.no-mistakes/worktrees/32d18ed9638d/01M4EYEG29XG0DSEEVYT1NKMJR/.docker-live-validation-2wjqk63l/trees/.treehouse/refusal-and-retry-559919/1/refusal-and-retry  (detached)
[exit 0]

=== after resource conflicts resolved and retry completed ===

$ docker ps -a --filter label=fm.test=fmlive77846x1791532366 --format '{{.Names}} | {{.Status}} | {{.Label "fm.task"}} | {{.Label "com.docker.compose.project"}}'
[exit 0]

$ docker network ls --filter label=fm.test=fmlive77846x1791532366 --format '{{.Name}} | {{.Label "fm.task"}} | {{.Label "com.docker.compose.project"}}'
[exit 0]

$ docker volume ls --filter label=fm.test=fmlive77846x1791532366 --format '{{.Name}} | {{.Label "fm.task"}}'
[exit 0]

Verified --force cannot waive unreachable daemon, real in-use network, or real in-use volume; derived identity survives container removal and retry removes the now-empty network/volume before retiring the record and returning the lease.

$ tmux -L fm-lab kill-server
[exit 0]

$ /Users/charlesabrooker/.no-mistakes/worktrees/32d18ed9638d/01M4EYEG29XG0DSEEVYT1NKMJR/bin/fm-lab-home.sh teardown /Users/charlesabrooker/.no-mistakes/evidence/01M4EYEG29XG0DSEEVYT1NKMJR/fm-lab.e7o_ahqt
[exit 0]

$ docker ps -a -q --filter label=fm.test=fmlive77846x1791532366
[exit 0]

$ docker network ls -q --filter label=fm.test=fmlive77846x1791532366
[exit 0]

$ docker volume ls -q --filter label=fm.test=fmlive77846x1791532366
[exit 0]
