not ok - Pi lifecycle deadline diagnostics: node:internal/modules/run_main:107
    triggerUncaughtException(
    ^

AssertionError [ERR_ASSERTION]: pi/unready: node:internal/modules/run_main:107
    triggerUncaughtException(
    ^

AssertionError [ERR_ASSERTION]: an unretired arm must not overlap another retry

1 !== 2

    at file:///Users/charlesabrooker/.no-mistakes/worktrees/32d18ed9638d/01M4EYP71G0F1N9FSDAAWHXV2B/tests/watch-lifecycle-expiry.mjs:85:10 {
  generatedMessage: false,
  code: 'ERR_ASSERTION',
  actual: 1,
  expected: 2,
  operator: 'strictEqual',
  diff: 'simple'
}

Node.js v26.4.0


1 !== 0

    at file:///Users/charlesabrooker/.no-mistakes/worktrees/32d18ed9638d/01M4EYP71G0F1N9FSDAAWHXV2B/tests/watch-lifecycle-expiry.mjs:10:12
    at ModuleJob.run (node:internal/modules/esm/module_job:447:25)
    at async node:internal/modules/esm/loader:646:26
    at async asyncRunEntryPointWithESMLoader (node:internal/modules/run_main:101:5) {
  generatedMessage: false,
  code: 'ERR_ASSERTION',
  actual: 1,
  expected: 0,
  operator: 'strictEqual',
  diff: 'simple'
}

Node.js v26.4.0: expected exit 0, got 1
