2026-10-09T05:01:52.906Z pid=44371 instance=1 event=generation-create generation=1 cause=factory-bind
2026-10-09T05:01:52.921Z pid=44371 instance=1 event=generation-activate generation=1 cause=factory-bind
2026-10-09T05:01:52.921Z pid=44371 instance=1 event=factory-bind generation=1
2026-10-09T05:01:52.946Z pid=44371 instance=1 event=duplicate-load-ignored
2026-10-09T05:01:53.771Z pid=44371 instance=1 event=session_start generation=1 stopping=false
2026-10-09T05:01:53.772Z pid=44371 instance=1 event=generation-activate generation=1 cause=session_start
2026-10-09T05:02:06.479Z pid=44371 instance=1 event=session_shutdown generation=1 reason=reload
2026-10-09T05:02:06.517Z pid=44371 instance=1 event=generation-stop generation=1 replacement=true
2026-10-09T05:02:07.319Z pid=44371 instance=2 event=generation-create generation=2 cause=factory-bind
2026-10-09T05:02:07.319Z pid=44371 instance=2 event=generation-activate generation=2 cause=factory-bind
2026-10-09T05:02:07.319Z pid=44371 instance=2 event=factory-bind generation=2 superseded=1
2026-10-09T05:02:07.320Z pid=44371 instance=1 event=instance-retired generation=1 by=2
2026-10-09T05:02:07.321Z pid=44371 instance=1 event=generation-stop generation=1 cause=factory-retire
2026-10-09T05:02:07.329Z pid=44371 instance=2 event=duplicate-load-ignored
2026-10-09T05:02:07.329Z pid=44371 instance=2 event=session_start generation=2 stopping=false
2026-10-09T05:02:07.331Z pid=44371 instance=2 event=generation-activate generation=2 cause=session_start
2026-10-09T05:02:18.093Z pid=44371 instance=2 event=session_shutdown generation=2 reason=reload
2026-10-09T05:02:18.096Z pid=44371 instance=2 event=generation-stop generation=2 replacement=true
2026-10-09T05:02:21.754Z pid=44371 instance=2 event=bound-expired waiter=pi-watch-extension waited-on=session_start bound=1500ms actual=3657ms outcome=successor-missing
2026-10-09T05:02:21.764Z pid=44371 instance=2 event=successor-missing generation=2 message=watcher:_not_armed_-_Pi_replacement_runtime_did_not_start;_reload_the_extension_in_a_live_session
