[17:37:23] code=/Users/charlesabrooker/.no-mistakes/worktrees/32d18ed9638d/01M4H906AJDNT83YE1DPHM1VRK scenario=incycle-quiet lab=/Users/charlesabrooker/tmp/fm-lab.Hk7UfM
registered: state/slow.check.sh
[17:37:26] arm1-baseline exit=0 output:
    watcher: started pid=1576 (beacon fresh)
    signal: /Users/charlesabrooker/tmp/fm-lab.Hk7UfM/state/scout-a.status
[17:37:27] arm1 Main drain (stdout):
    1791585445	2	signal	scout-a.status	signal: /Users/charlesabrooker/tmp/fm-lab.Hk7UfM/state/scout-a.status
    wake annotation: latest wake-EVENT observed at drain, not current state: scout-a.status: working: setup
[17:37:27] arm1 acked through seq 2
[17:37:27] settle: let Main consume the first open-loop-ledger wake
[17:37:28] settle exit=0 output:
    watcher: started pid=14551 (beacon fresh)
    check: open-loop-ledger (1 overdue assigned obligations; read state/open-loops.json)
[17:37:35] watcher running a slow check: scout appends done line
[17:37:42] arm2 exit=0 output:
    watcher: started pid=28542 (beacon fresh)
    signal: /Users/charlesabrooker/tmp/fm-lab.Hk7UfM/state/scout-a.status
[17:37:42] wake queue rows:
    4	signal	scout-a.status	signal: /Users/charlesabrooker/tmp/fm-lab.Hk7UfM/state/scout-a.status
    5	signal	scout-a.status	signal: /Users/charlesabrooker/tmp/fm-lab.Hk7UfM/state/scout-a.status
[17:37:44] arm2 Main drain (stdout):
    1791585462	5	signal	scout-a.status	signal: /Users/charlesabrooker/tmp/fm-lab.Hk7UfM/state/scout-a.status
    wake annotation: latest wake-EVENT observed at drain, not current state: scout-a.status: done [at=1791585455]: backlog triage finished
    STATUS OUTCOME BACKSTOP (newest captain-facing task event has no covering branch outcome):
    scout-a done [at=1791585455]: backlog triage finished
[17:37:44] arm2 acked through seq 5
[17:37:44] next arm after Main handled the batch:
[17:39:14] arm3 exit=124 output:
    watcher: started pid=54830 (beacon fresh)
    /Users/charlesabrooker/.no-mistakes/worktrees/32d18ed9638d/01M4H906AJDNT83YE1DPHM1VRK/bin/fm-watch.sh: line 2167: 44494 Terminated: 15          ( FM_CHECK_OWNED_GROUP=1 run_check_process "$@" ) > "$FM_CHECK_OUTPUT" 2> /dev/null
    /Users/charlesabrooker/.no-mistakes/worktrees/32d18ed9638d/01M4H906AJDNT83YE1DPHM1VRK/bin/fm-watch.sh: line 2167: 49173 Terminated: 15          sleep 0.1
[17:39:15] lab removed
