[17:43:19] code=/Users/charlesabrooker/tmp/fm-base-924f scenario=incycle-loud lab=/Users/charlesabrooker/tmp/fm-lab.MMGcS4
registered: state/slow.check.sh
[17:43:43] arm1-baseline exit=0 output:
    watcher: started pid=92661 (beacon fresh)
    signal: /Users/charlesabrooker/tmp/fm-lab.MMGcS4/state/scout-a.status
[17:43:54] arm1 Main drain (stdout):
    1791585817	2	signal	scout-a.status	signal: /Users/charlesabrooker/tmp/fm-lab.MMGcS4/state/scout-a.status
    wake annotation: latest wake-EVENT observed at drain, not current state: scout-a.status: working: setup
[17:43:57] arm1 acked through seq 2
[17:43:57] settle: let Main consume the first open-loop-ledger wake
[17:44:05] settle exit=0 output:
    watcher: started pid=122 (beacon fresh)
    check: open-loop-ledger (1 overdue assigned obligations; read state/open-loops.json)
[17:44:28] watcher running a slow check: scout appends done line
[17:44:37] arm2 exit=0 output:
    watcher: started pid=74850 (beacon fresh)
    check: /Users/charlesabrooker/tmp/fm-lab.MMGcS4/state/slow.check.sh: slow: upstream PR merged
[17:44:37] wake queue rows:
    4	check	/Users/charlesabrooker/tmp/fm-lab.MMGcS4/state/slow.check.sh	check: /Users/charlesabrooker/tmp/fm-lab.MMGcS4/state/slow.check.sh: slow: upstream PR merged
[17:44:45] arm2 Main drain (stdout):
    1791585874	4	check	/Users/charlesabrooker/tmp/fm-lab.MMGcS4/state/slow.check.sh	check: /Users/charlesabrooker/tmp/fm-lab.MMGcS4/state/slow.check.sh: slow: upstream PR merged
    STATUS OUTCOME BACKSTOP (newest captain-facing task event has no covering branch outcome):
    scout-a done [at=1791585868]: backlog triage finished
[17:44:47] arm2 acked through seq 4
[17:44:47] next arm after Main handled the batch:
[17:45:02] arm3 exit=0 output:
    watcher: started pid=77626 (beacon fresh)
    signal: /Users/charlesabrooker/tmp/fm-lab.MMGcS4/state/scout-a.status
[17:45:02] lab removed
