[17:45:15] code=/Users/charlesabrooker/.no-mistakes/worktrees/32d18ed9638d/01M4H906AJDNT83YE1DPHM1VRK scenario=chatty lab=/Users/charlesabrooker/tmp/fm-lab.23rAVR
registered: state/slow.check.sh
[17:45:25] arm0-baseline exit=0 output:
    watcher: started pid=81940 (beacon fresh)
    signal: /Users/charlesabrooker/tmp/fm-lab.23rAVR/state/scout-a.status
[17:45:32] arm0 Main drain (stdout):
    1791585922	2	signal	scout-a.status	signal: /Users/charlesabrooker/tmp/fm-lab.23rAVR/state/scout-a.status
    wake annotation: latest wake-EVENT observed at drain, not current state: scout-a.status: working: setup
[17:45:35] arm0 acked through seq 2
[17:45:35] settle: let Main consume the first open-loop-ledger wake
[17:45:42] settle exit=0 output:
    watcher: started pid=59113 (beacon fresh)
    check: open-loop-ledger (1 overdue assigned obligations; read state/open-loops.json)
[17:45:54] round 1: fleet appended a status line; a due check also reports every round
[17:46:08] arm1 exit=0 output:
    watcher: started pid=38116 (beacon fresh)
    check: /Users/charlesabrooker/tmp/fm-lab.23rAVR/state/slow.check.sh: slow: upstream PR merged
[17:46:13] round 2: fleet appended a status line; a due check also reports every round
[17:46:17] arm2 exit=0 output:
    watcher: started pid=9228 (beacon fresh)
    signal: /Users/charlesabrooker/tmp/fm-lab.23rAVR/state/scout-a.status
[17:46:22] round 3: fleet appended a status line; a due check also reports every round
[17:46:25] arm3 exit=0 output:
    watcher: started pid=38140 (beacon fresh)
    signal: /Users/charlesabrooker/tmp/fm-lab.23rAVR/state/scout-a.status
[17:46:30] round 4: fleet appended a status line; a due check also reports every round
[17:46:34] arm4 exit=0 output:
    watcher: started pid=67655 (beacon fresh)
    signal: /Users/charlesabrooker/tmp/fm-lab.23rAVR/state/scout-a.status
[17:46:39] round 5: fleet appended a status line; a due check also reports every round
[17:46:44] arm5 exit=0 output:
    watcher: started pid=95979 (beacon fresh)
    check: /Users/charlesabrooker/tmp/fm-lab.23rAVR/state/slow.check.sh: slow: upstream PR merged
[17:46:48] round 6: fleet appended a status line; a due check also reports every round
[17:46:51] arm6 exit=0 output:
    watcher: started pid=27043 (beacon fresh)
    signal: /Users/charlesabrooker/tmp/fm-lab.23rAVR/state/scout-a.status
[17:46:54] lab removed
