[18:30:12] code=/Users/charlesabrooker/.no-mistakes/worktrees/32d18ed9638d/01M4H906AJDNT83YE1DPHM1VRK scenario=chatty lab=/Users/charlesabrooker/tmp/fm-lab.Rhb1vf
registered: state/slow.check.sh
[18:30:15] arm0-baseline exit=0 output:
    watcher: started pid=14870 (beacon fresh)
    signal: /Users/charlesabrooker/tmp/fm-lab.Rhb1vf/state/scout-a.status
[18:30:16] arm0 Main drain (stdout):
    1791588614	2	signal	scout-a.status	signal: /Users/charlesabrooker/tmp/fm-lab.Rhb1vf/state/scout-a.status
    wake annotation: latest wake-EVENT observed at drain, not current state: scout-a.status: working: setup
[18:30:17] arm0 acked through seq 2
[18:30:17] settle: let Main consume the first open-loop-ledger wake
[18:30:18] settle exit=0 output:
    watcher: started pid=29211 (beacon fresh)
    check: open-loop-ledger (1 overdue assigned obligations; read state/open-loops.json)
[18:30:22] round 1: fleet appended a status line; a due check also reports every round
[18:30:26] arm1 exit=0 output:
    watcher: started pid=41464 (beacon fresh)
    check: /Users/charlesabrooker/tmp/fm-lab.Rhb1vf/state/slow.check.sh: slow: upstream PR merged
[18:30:29] round 2: fleet appended a status line; a due check also reports every round
[18:30:32] arm2 exit=0 output:
    watcher: started pid=59332 (beacon fresh)
    signal: /Users/charlesabrooker/tmp/fm-lab.Rhb1vf/state/scout-a.status
[18:30:37] round 3: fleet appended a status line; a due check also reports every round
[18:30:41] arm3 exit=0 output:
    watcher: started pid=77126 (beacon fresh)
    signal: /Users/charlesabrooker/tmp/fm-lab.Rhb1vf/state/scout-a.status
[18:30:46] round 4: fleet appended a status line; a due check also reports every round
[18:30:50] arm4 exit=0 output:
    watcher: started pid=1952 (beacon fresh)
    signal: /Users/charlesabrooker/tmp/fm-lab.Rhb1vf/state/scout-a.status
[18:30:54] round 5: fleet appended a status line; a due check also reports every round
[18:30:59] arm5 exit=0 output:
    watcher: started pid=24573 (beacon fresh)
    check: /Users/charlesabrooker/tmp/fm-lab.Rhb1vf/state/slow.check.sh: slow: upstream PR merged
[18:31:04] round 6: fleet appended a status line; a due check also reports every round
[18:31:07] arm6 exit=0 output:
    watcher: started pid=48723 (beacon fresh)
    signal: /Users/charlesabrooker/tmp/fm-lab.Rhb1vf/state/scout-a.status
[18:31:10] lab removed
