[07:36:28] base user process count=1102; drive limit=2837 (60% threshold = base + 600); hold=5s interval=1s (production defaults)
[07:36:29] == S1 arm the standing detector in the lab home
registered: proc-guard (proc)
armed: proc-guard
arm exit=0
[07:36:29] runner pid=81116 alive=yes; claim owner home=/Users/charlesabrooker/tmp/fm-lab.nLwrBY/home
[07:36:29] registration:
  | adapter=proc
  | argc=4
  | argv:
  | /Users/charlesabrooker/.no-mistakes/worktrees/32d18ed9638d/01M4H9S3T5T9P3M93GK7BGK4TC/bin/fm-procevent-proc.sh
  | poll
  | --limit
  | 2837
[07:36:29] == S2 adversarial: a pile that stays high for less than the 5 s hold
[07:36:31] crossed: WARNING 1826 64.4 pile=724
/Users/charlesabrooker/.no-mistakes/evidence/01M4H9S3T5T9P3M93GK7BGK4TC/round3-live-pileup-drive.sh: line 43: 82655 Terminated: 15          PILE_DEPTH=$DEPTH "$LAB/shim/basename" > /dev/null 2>&1
[07:36:34] count back below threshold 2.48 s after it crossed; now OK 1161 40.9
[07:36:42] after 8 s quiet: inbox result=none census_files=0 episode=none
[07:36:42] == S3 a real self-recursive pile held above 60% for more than 5 s
[07:36:45] crossed: WARNING 1797 63.3 pile=644
[07:36:50] result captured 5.38 s after the threshold was crossed
[07:36:50] captured result document:
  | proc-guard: proc-guard
  | status: pileup
  | count: 2352
  | limit: 2837
  | threshold: 1702
  | held_seconds: 5.00
  | census: /Users/charlesabrooker/tmp/fm-lab.nLwrBY/home/state/proc-census.1791635810.82525.json
  | summary: 2352 of 2837 processes; most common command bash x1380; deepest ancestry 1206
  | sampler_samples: 21
  | sampler_cpu_ms_per_sample: 0.223
  | sampler_peak_rss_kb: 25408
[07:36:50] census file: /Users/charlesabrooker/tmp/fm-lab.nLwrBY/home/state/proc-census.1791635810.82525.json mode=600
  census schema 2 platform darwin user_process_count 2352 limit 2837
  trigger: {'reason': 'count above threshold', 'held_seconds': 5.0, 'hold_seconds': 5.0}
  census cost ms: 13.5 cpu ms: 10.8
  summary: 2352 of 2837 processes; most common command bash x1380; deepest ancestry 1206
  by_command top 3: [('bash', 1380), ('zsh', 142), ('perl', 55)]
  by_parent_chain top 2: [('no-mistakes > 2.1.296 > zsh > bash+', 1201), ('zsh > herdr+ > zsh', 106)]
  deepest chains: 5 first depth 1206 chain no-mistakes > 2.1.296 > zsh > bash(x1202) > sleep
  oldest: 5 newest: 5
[07:36:50] durable wake queue rows:
  | 1791635810	1	check	procevent:proc-guard:1	check: procevent proc proc-guard 1
[07:36:50] pile still alive after census: pile=1200 (never kills)
[07:36:50] == S4 the pile stays high 12 s more: no second census or wake
[07:37:02] result.2=none census_files=1 check_wakes=1 episode=open runner_alive=yes pile=1200
[07:37:02] == S5 the pile ends; the episode closes after >5 s quiet; a new pile is reported again
/Users/charlesabrooker/.no-mistakes/evidence/01M4H9S3T5T9P3M93GK7BGK4TC/round3-live-pileup-drive.sh: line 42:  4306 Terminated: 15          PILE_DEPTH=$DEPTH "$LAB/shim/basename" > /dev/null 2>&1
[07:37:03] pile killed; now OK 1115 39.3
[07:37:09] episode=closed
[07:37:11] second pile crossed: WARNING 1768 62.3
[07:37:17] result.2=PRESENT census_files=2 check_wakes=2
[07:37:17] durable wake queue rows:
  | 1791635810	1	check	procevent:proc-guard:1	check: procevent proc proc-guard 1
  | 1791635837	2	check	procevent:proc-guard:2	check: procevent proc proc-guard 2
/Users/charlesabrooker/.no-mistakes/evidence/01M4H9S3T5T9P3M93GK7BGK4TC/round3-live-pileup-drive.sh: line 42: 55829 Terminated: 15          PILE_DEPTH=$DEPTH "$LAB/shim/basename" > /dev/null 2>&1
[07:37:17] == S6 retire stops the standing runner
retired: proc-guard
retire exit=0
[07:37:17] runner alive after retire: no
[07:37:17] lab removed at exit: /Users/charlesabrooker/tmp/fm-lab.nLwrBY
