BEFORE R1 FIX
tmux unequal UTF-8: empty
tmux unequal C: empty
tmux nonascii UTF-8: empty
tmux nonascii C: empty
tmux pasted-unequal UTF-8: empty
tmux pasted-unequal C: empty
tmux pasted-equal UTF-8: unknown
tmux pasted-equal C: unknown
herdr unequal UTF-8: unknown
herdr unequal C: unknown
herdr nonascii UTF-8: unknown
herdr nonascii C: unknown
herdr pasted-unequal UTF-8: unknown
herdr pasted-unequal C: unknown
herdr pasted-equal UTF-8: unknown
herdr pasted-equal C: unknown
zellij unequal UTF-8: unknown
zellij unequal C: unknown
zellij nonascii UTF-8: unknown
zellij nonascii C: unknown
zellij pasted-unequal UTF-8: unknown
zellij pasted-unequal C: unknown
zellij pasted-equal UTF-8: unknown
zellij pasted-equal C: unknown
plain unequal UTF-8: unknown
plain unequal C: unknown
plain nonascii UTF-8: unknown
plain nonascii C: unknown
plain pasted-unequal UTF-8: unknown
plain pasted-unequal C: unknown
plain pasted-equal UTF-8: unknown
plain pasted-equal C: unknown
exit=1

AFTER R1 FIX
tmux unequal UTF-8: unknown
tmux unequal C: unknown
tmux nonascii UTF-8: unknown
tmux nonascii C: unknown
tmux pasted-unequal UTF-8: unknown
tmux pasted-unequal C: unknown
tmux pasted-equal UTF-8: unknown
tmux pasted-equal C: unknown
herdr unequal UTF-8: unknown
herdr unequal C: unknown
herdr nonascii UTF-8: unknown
herdr nonascii C: unknown
herdr pasted-unequal UTF-8: unknown
herdr pasted-unequal C: unknown
herdr pasted-equal UTF-8: unknown
herdr pasted-equal C: unknown
zellij unequal UTF-8: unknown
zellij unequal C: unknown
zellij nonascii UTF-8: unknown
zellij nonascii C: unknown
zellij pasted-unequal UTF-8: unknown
zellij pasted-unequal C: unknown
zellij pasted-equal UTF-8: unknown
zellij pasted-equal C: unknown
plain unequal UTF-8: unknown
plain unequal C: unknown
plain nonascii UTF-8: unknown
plain nonascii C: unknown
plain pasted-unequal UTF-8: unknown
plain pasted-unequal C: unknown
plain pasted-equal UTF-8: unknown
plain pasted-equal C: unknown
exit=0
