scaffolded: /Users/charlesabrooker/.no-mistakes/worktrees/32d18ed9638d/01M4D1WYWEEBA66SMGDFKXD52B/.nm-live-validation/ship-brief-home/data/ship-base/brief.md (ship, mode=direct-PR; replace {TASK} and {FIRSTMATE_SPEC})

# Generated Setup
You are in a disposable git worktree of probe, at a detached HEAD on a clean copy of its base branch.
Base branch: feature/hub

**Verify isolation before anything else.** Run `pwd -P` and `git rev-parse --show-toplevel`; both must resolve to the disposable task worktree you were launched in, such as a treehouse pool path or an Orca-managed worktree, not the primary checkout firstmate operates from.
The path check is authoritative: `git rev-parse --git-dir` and `git rev-parse --git-common-dir` can help inspect the repo, but they do not prove you are outside the primary checkout.
If the top-level path is the primary checkout or not the worktree you were launched in, STOP - do not branch or commit here - append `blocked [at=<epoch>]: launched in primary checkout, not an isolated worktree` to the status file and stop.

1. First action: create your branch: `git checkout -b fm/ship-base --`

# Generated Definition of done
Delivery contract: mode=direct-PR
Ship branch: fm/ship-base
This task ships **direct-PR**: you raise the PR yourself, without the no-mistakes pipeline.
The task is complete only when committed on your branch.
When it is implemented and committed, push your branch and open a PR with `gh-axi` that is ready for review, not a draft, against the base branch `feature/hub` (`--base feature/hub`), not the repository default.
Before you report done, read the PR back from the forge and confirm it is not a draft (`gh-axi pr view <number>` must print `draft: no`, where <number> is the PR number from your PR URL); if it is a draft, mark it ready with `gh-axi pr ready <number>`.
A draft cannot be merged, so a done report on one leaves the merge unasked.
Then append `done [at=<epoch>]: PR {url}` to the status file and stop.
That `done:` is accepted only when this copy's HEAD - your latest commit - is pushed to your PR branch; the check tests that commit, not merely that a branch moved.
If you deliberately keep the PR a draft, append `paused [at=<epoch>]: {why the draft is held}` instead of done.
Do NOT run /no-mistakes. The configured merge authority decides whether to merge the PR; firstmate relays the outcome.
