ok - a note: answer buried under a later routine note: is surfaced with both lines
ok - already-presented note: lines are not re-surfaced on the next drain
ok - a brand-new note: after presentation is surfaced without replaying handled lines
ok - a queued status signal annotates every unread note, not only the newest
ok - a pending-reply resolution buried under a later note surfaces once and closes OPEN DECISIONS
ok - a self-announced pending-reply close does not wake yet still surfaces once in UNREAD STATUS
ok - unread status over the former byte cap preserves every line
ok - presentation cursor advances only through its captured endpoint
ok - a reused task id starts its replacement status log unread at byte zero
ok - fallback identity still presents and advances status state
ok - snapshot failures are reported visibly
ok - OPEN DECISIONS still folds needs-decision/blocked independently of unread notes
ok - an empty-queue backstop presentation still preserves the status for its later signal annotation
ok - routine working and branch-covered done lines print nothing on an empty-queue drain
ok - drain subshell entries stay flat as unread history grows and linear in the fleet (6 per task)

STDERR:
WAKE_ACK_REQUIRED: after handling completes run bin/fm-wake-drain.sh --ack-through 1 --recovery-generation 75147.1791528899.IjKSAh
WAKE_ACK_REQUIRED: after handling completes run bin/fm-wake-drain.sh --ack-through 1 --recovery-generation 75147.1791528899.IjKSAh
WAKE_ACK_REQUIRED: after handling completes run bin/fm-wake-drain.sh --ack-through 1 --recovery-generation 75147.1791528899.IjKSAh
WAKE_ACK_REQUIRED: after handling completes run bin/fm-wake-drain.sh --ack-through 1 --recovery-generation 63067.1791528932.VhcyQy
WAKE_ACK_REQUIRED: after handling completes run bin/fm-wake-drain.sh --ack-through 2 --recovery-generation 63067.1791528932.VhcyQy
WAKE_ACK_REQUIRED: after handling completes run bin/fm-wake-drain.sh --ack-through 2 --recovery-generation 63067.1791528932.VhcyQy
WAKE_ACK_REQUIRED: after handling completes run bin/fm-wake-drain.sh --ack-through 2 --recovery-generation 63067.1791528932.VhcyQy
WAKE_ACK_REQUIRED: after handling completes run bin/fm-wake-drain.sh --ack-through 1 --recovery-generation 87794.1791529030.HY6qik
