ok - a note: answer buried under a later routine note: is surfaced with both lines
ok - already-presented note: lines are not re-surfaced on the next drain
ok - a brand-new note: after presentation is surfaced without replaying handled lines
ok - a queued status signal annotates every unread note, not only the newest
WAKE_ACK_REQUIRED: after handling completes run bin/fm-wake-drain.sh --ack-through 1 --recovery-generation 67186.1791549695.FJgAw2
WAKE_ACK_REQUIRED: after handling completes run bin/fm-wake-drain.sh --ack-through 1 --recovery-generation 67186.1791549695.FJgAw2
WAKE_ACK_REQUIRED: after handling completes run bin/fm-wake-drain.sh --ack-through 1 --recovery-generation 67186.1791549695.FJgAw2
ok - a pending-reply resolution buried under a later note surfaces once and closes OPEN DECISIONS
WAKE_ACK_REQUIRED: after handling completes run bin/fm-wake-drain.sh --ack-through 1 --recovery-generation 88339.1791549703.xB5rED
WAKE_ACK_REQUIRED: after handling completes run bin/fm-wake-drain.sh --ack-through 2 --recovery-generation 88339.1791549703.xB5rED
WAKE_ACK_REQUIRED: after handling completes run bin/fm-wake-drain.sh --ack-through 2 --recovery-generation 88339.1791549703.xB5rED
WAKE_ACK_REQUIRED: after handling completes run bin/fm-wake-drain.sh --ack-through 2 --recovery-generation 88339.1791549703.xB5rED
ok - a self-announced pending-reply close does not wake yet still surfaces once in UNREAD STATUS
ok - unread status over the former byte cap preserves every line
ok - presentation cursor advances only through its captured endpoint
ok - a reused task id starts its replacement status log unread at byte zero
ok - fallback identity still presents and advances status state
ok - snapshot failures are reported visibly
ok - OPEN DECISIONS still folds needs-decision/blocked independently of unread notes
WAKE_ACK_REQUIRED: after handling completes run bin/fm-wake-drain.sh --ack-through 1 --recovery-generation 32058.1791549744.5q5vo3
ok - an empty-queue backstop presentation still preserves the status for its later signal annotation
ok - routine working and branch-covered done lines print nothing on an empty-queue drain
ok - drain subshell entries stay flat as unread history grows and linear in the fleet (6 per task)
ok - stdout and in-process decision folds preserve legacy bytes and early returns
ok - keyed cold drains preserve exact open/cursor bytes with flat forks (100/100)
