{
  "name": "four-disabled",
  "runs": 4,
  "roots_per_run": 6,
  "jobs": 2,
  "slot_cap": "off",
  "load": null,
  "peak_live_shellcheck": 8,
  "expected_peak": 8,
  "held_observations": [
    8
  ],
  "real_analysis_processes": 24,
  "real_analysis_exits": [
    0
  ],
  "lint_exits": [
    0,
    0,
    0,
    0
  ],
  "actual_processes": [
    "75954 74606 T    /Users/charlesabrooker/.local/bin/shellcheck --norc --external-sources -- /Users/charlesabrooker/.no-mistakes/worktrees/32d18ed9638d/01M4FB4GY4BGX79TB64806ZHF7/.fm-live-validation/root-0.sh",
    "76727 74904 T    /Users/charlesabrooker/.local/bin/shellcheck --norc --external-sources -- /Users/charlesabrooker/.no-mistakes/worktrees/32d18ed9638d/01M4FB4GY4BGX79TB64806ZHF7/.fm-live-validation/root-1.sh",
    "77636 76770 T    /Users/charlesabrooker/.local/bin/shellcheck --norc --external-sources -- /Users/charlesabrooker/.no-mistakes/worktrees/32d18ed9638d/01M4FB4GY4BGX79TB64806ZHF7/.fm-live-validation/root-1.sh",
    "77638 76494 T    /Users/charlesabrooker/.local/bin/shellcheck --norc --external-sources -- /Users/charlesabrooker/.no-mistakes/worktrees/32d18ed9638d/01M4FB4GY4BGX79TB64806ZHF7/.fm-live-validation/root-1.sh",
    "77654 76874 T    /Users/charlesabrooker/.local/bin/shellcheck --norc --external-sources -- /Users/charlesabrooker/.no-mistakes/worktrees/32d18ed9638d/01M4FB4GY4BGX79TB64806ZHF7/.fm-live-validation/root-0.sh",
    "77660 76695 T    /Users/charlesabrooker/.local/bin/shellcheck --norc --external-sources -- /Users/charlesabrooker/.no-mistakes/worktrees/32d18ed9638d/01M4FB4GY4BGX79TB64806ZHF7/.fm-live-validation/root-0.sh",
    "78366 77902 T    /Users/charlesabrooker/.local/bin/shellcheck --norc --external-sources -- /Users/charlesabrooker/.no-mistakes/worktrees/32d18ed9638d/01M4FB4GY4BGX79TB64806ZHF7/.fm-live-validation/root-0.sh",
    "78728 77906 T    /Users/charlesabrooker/.local/bin/shellcheck --norc --external-sources -- /Users/charlesabrooker/.no-mistakes/worktrees/32d18ed9638d/01M4FB4GY4BGX79TB64806ZHF7/.fm-live-validation/root-1.sh"
  ],
  "pass": true
}

CLI run 0:
fm-lint.sh: ShellCheck 0.11.0 (pinned 0.11.0)
fm-lint.sh: full ShellCheck extended analysis enabled

Root lifecycle run 0:
format	fm-lint-roots-v1
meta	shellcheck_version	0.11.0
meta	platform	Darwin arm64
meta	image_os	unknown
meta	image_version	unknown
meta	mode	full
meta	partition	all
meta	jobs	2
meta	bounds_enforced	0
meta	root_deadline_seconds	unbounded
meta	root_kill_grace_seconds	unbounded
meta	root_memory_limit_kib	unbounded
meta	timing_mechanism	none
begin	2	/Users/charlesabrooker/.no-mistakes/worktrees/32d18ed9638d/01M4FB4GY4BGX79TB64806ZHF7/.fm-live-validation/root-1.sh	1	full	1791525196613
begin	1	/Users/charlesabrooker/.no-mistakes/worktrees/32d18ed9638d/01M4FB4GY4BGX79TB64806ZHF7/.fm-live-validation/root-0.sh	0	full	1791525196670
end	1	/Users/charlesabrooker/.no-mistakes/worktrees/32d18ed9638d/01M4FB4GY4BGX79TB64806ZHF7/.fm-live-validation/root-0.sh	0	full	1791525196670	1791525216718	20048	0	ok	26160	1
begin	3	/Users/charlesabrooker/.no-mistakes/worktrees/32d18ed9638d/01M4FB4GY4BGX79TB64806ZHF7/.fm-live-validation/root-2.sh	0	full	1791525216738
end	2	/Users/charlesabrooker/.no-mistakes/worktrees/32d18ed9638d/01M4FB4GY4BGX79TB64806ZHF7/.fm-live-validation/root-1.sh	1	full	1791525196613	1791525216980	20367	0	ok	26128	1
begin	4	/Users/charlesabrooker/.no-mistakes/worktrees/32d18ed9638d/01M4FB4GY4BGX79TB64806ZHF7/.fm-live-validation/root-3.sh	1	full	1791525217027
end	3	/Users/charlesabrooker/.no-mistakes/worktrees/32d18ed9638d/01M4FB4GY4BGX79TB64806ZHF7/.fm-live-validation/root-2.sh	0	full	1791525216738	1791525218015	1277	0	ok	26128	1
begin	5	/Users/charlesabrooker/.no-mistakes/worktrees/32d18ed9638d/01M4FB4GY4BGX79TB64806ZHF7/.fm-live-validation/root-4.sh	0	full	1791525218103
end	4	/Users/charlesabrooker/.no-mistakes/worktrees/32d18ed9638d/01M4FB4GY4BGX79TB64806ZHF7/.fm-live-validation/root-3.sh	1	full	1791525217027	1791525219787	2760	0	ok	26128	1
begin	6	/Users/charlesabrooker/.no-mistakes/worktrees/32d18ed9638d/01M4FB4GY4BGX79TB64806ZHF7/.fm-live-validation/root-5.sh	1	full	1791525219941
end	5	/Users/charlesabrooker/.no-mistakes/worktrees/32d18ed9638d/01M4FB4GY4BGX79TB64806ZHF7/.fm-live-validation/root-4.sh	0	full	1791525218103	1791525222488	4385	0	ok	26128	1
end	6	/Users/charlesabrooker/.no-mistakes/worktrees/32d18ed9638d/01M4FB4GY4BGX79TB64806ZHF7/.fm-live-validation/root-5.sh	1	full	1791525219941	1791525223671	3730	0	ok	26128	1
meta	roots_begun	6
meta	roots_completed	6
meta	roots_unfinished	0
meta	result_exit	0
