{
  "name": "load-at-threshold-default",
  "ncpu": 18,
  "configured_cap": "default=9",
  "load": 36,
  "expected": 9,
  "held_live_shellcheck": 9,
  "gate_exits": [
    0,
    0,
    0,
    0,
    0,
    0,
    0,
    0,
    0,
    0
  ],
  "actual_processes": [
    "62920 62126 T    /Users/charlesabrooker/.local/bin/shellcheck --norc --external-sources -- /Users/charlesabrooker/.no-mistakes/worktrees/32d18ed9638d/01M4FB4GY4BGX79TB64806ZHF7/.fm-live-validation/root-2.sh",
    "62967 61811 T    /Users/charlesabrooker/.local/bin/shellcheck --norc --external-sources -- /Users/charlesabrooker/.no-mistakes/worktrees/32d18ed9638d/01M4FB4GY4BGX79TB64806ZHF7/.fm-live-validation/root-3.sh",
    "63644 62972 T    /Users/charlesabrooker/.local/bin/shellcheck --norc --external-sources -- /Users/charlesabrooker/.no-mistakes/worktrees/32d18ed9638d/01M4FB4GY4BGX79TB64806ZHF7/.fm-live-validation/root-1.sh",
    "63651 62547 T    /Users/charlesabrooker/.local/bin/shellcheck --norc --external-sources -- /Users/charlesabrooker/.no-mistakes/worktrees/32d18ed9638d/01M4FB4GY4BGX79TB64806ZHF7/.fm-live-validation/root-0.sh",
    "63757 62953 T    /Users/charlesabrooker/.local/bin/shellcheck --norc --external-sources -- /Users/charlesabrooker/.no-mistakes/worktrees/32d18ed9638d/01M4FB4GY4BGX79TB64806ZHF7/.fm-live-validation/root-4.sh",
    "64443 63505 T    /Users/charlesabrooker/.local/bin/shellcheck --norc --external-sources -- /Users/charlesabrooker/.no-mistakes/worktrees/32d18ed9638d/01M4FB4GY4BGX79TB64806ZHF7/.fm-live-validation/root-5.sh",
    "64445 63511 T    /Users/charlesabrooker/.local/bin/shellcheck --norc --external-sources -- /Users/charlesabrooker/.no-mistakes/worktrees/32d18ed9638d/01M4FB4GY4BGX79TB64806ZHF7/.fm-live-validation/root-1.sh",
    "64463 63510 T    /Users/charlesabrooker/.local/bin/shellcheck --norc --external-sources -- /Users/charlesabrooker/.no-mistakes/worktrees/32d18ed9638d/01M4FB4GY4BGX79TB64806ZHF7/.fm-live-validation/root-0.sh",
    "65246 63639 T    /Users/charlesabrooker/.local/bin/shellcheck --norc --external-sources -- /Users/charlesabrooker/.no-mistakes/worktrees/32d18ed9638d/01M4FB4GY4BGX79TB64806ZHF7/.fm-live-validation/root-3.sh"
  ],
  "pass": true
}
