{
  "name": "lone-gated",
  "runs": 1,
  "roots_per_run": 6,
  "jobs": 2,
  "slot_cap": 3,
  "load": 0,
  "peak_live_shellcheck": 2,
  "expected_peak": 2,
  "held_observations": [
    2
  ],
  "real_analysis_processes": 6,
  "real_analysis_exits": [
    0
  ],
  "lint_exits": [
    0
  ],
  "actual_processes": [
    "67644 66914 T    /Users/charlesabrooker/.local/bin/shellcheck --norc --external-sources -- /Users/charlesabrooker/.no-mistakes/worktrees/32d18ed9638d/01M4FB4GY4BGX79TB64806ZHF7/.fm-live-validation/root-1.sh",
    "68946 66677 T    /Users/charlesabrooker/.local/bin/shellcheck --norc --external-sources -- /Users/charlesabrooker/.no-mistakes/worktrees/32d18ed9638d/01M4FB4GY4BGX79TB64806ZHF7/.fm-live-validation/root-0.sh"
  ],
  "pass": true
}

CLI run 0:
fm-lint.sh: ShellCheck 0.11.0 (pinned 0.11.0)
fm-lint.sh: full ShellCheck extended analysis enabled

Root lifecycle run 0:
format	fm-lint-roots-v1
meta	shellcheck_version	0.11.0
meta	platform	Darwin arm64
meta	image_os	unknown
meta	image_version	unknown
meta	mode	full
meta	partition	all
meta	jobs	2
meta	bounds_enforced	0
meta	root_deadline_seconds	unbounded
meta	root_kill_grace_seconds	unbounded
meta	root_memory_limit_kib	unbounded
meta	timing_mechanism	none
begin	2	/Users/charlesabrooker/.no-mistakes/worktrees/32d18ed9638d/01M4FB4GY4BGX79TB64806ZHF7/.fm-live-validation/root-1.sh	1	full	1791525106320
begin	1	/Users/charlesabrooker/.no-mistakes/worktrees/32d18ed9638d/01M4FB4GY4BGX79TB64806ZHF7/.fm-live-validation/root-0.sh	0	full	1791525106499
end	1	/Users/charlesabrooker/.no-mistakes/worktrees/32d18ed9638d/01M4FB4GY4BGX79TB64806ZHF7/.fm-live-validation/root-0.sh	0	full	1791525106499	1791525127080	20581	0	ok	26112	1
end	2	/Users/charlesabrooker/.no-mistakes/worktrees/32d18ed9638d/01M4FB4GY4BGX79TB64806ZHF7/.fm-live-validation/root-1.sh	1	full	1791525106320	1791525127401	21077	0	ok	26144	1
begin	3	/Users/charlesabrooker/.no-mistakes/worktrees/32d18ed9638d/01M4FB4GY4BGX79TB64806ZHF7/.fm-live-validation/root-2.sh	0	full	1791525128033
begin	4	/Users/charlesabrooker/.no-mistakes/worktrees/32d18ed9638d/01M4FB4GY4BGX79TB64806ZHF7/.fm-live-validation/root-3.sh	1	full	1791525128347
end	4	/Users/charlesabrooker/.no-mistakes/worktrees/32d18ed9638d/01M4FB4GY4BGX79TB64806ZHF7/.fm-live-validation/root-3.sh	1	full	1791525128347	1791525133372	5025	0	ok	26128	1
begin	6	/Users/charlesabrooker/.no-mistakes/worktrees/32d18ed9638d/01M4FB4GY4BGX79TB64806ZHF7/.fm-live-validation/root-5.sh	1	full	1791525133499
end	3	/Users/charlesabrooker/.no-mistakes/worktrees/32d18ed9638d/01M4FB4GY4BGX79TB64806ZHF7/.fm-live-validation/root-2.sh	0	full	1791525128033	1791525133609	5576	0	ok	26144	1
begin	5	/Users/charlesabrooker/.no-mistakes/worktrees/32d18ed9638d/01M4FB4GY4BGX79TB64806ZHF7/.fm-live-validation/root-4.sh	0	full	1791525133634
end	6	/Users/charlesabrooker/.no-mistakes/worktrees/32d18ed9638d/01M4FB4GY4BGX79TB64806ZHF7/.fm-live-validation/root-5.sh	1	full	1791525133499	1791525150839	17334	0	ok	26144	1
end	5	/Users/charlesabrooker/.no-mistakes/worktrees/32d18ed9638d/01M4FB4GY4BGX79TB64806ZHF7/.fm-live-validation/root-4.sh	0	full	1791525133634	1791525151037	17403	0	ok	24352	1
meta	roots_begun	6
meta	roots_completed	6
meta	roots_unfinished	0
meta	result_exit	0
